<html>
<body>
<pre>
<h1>µVision Build Log</h1>
<h2>Tool Versions:</h2>
IDE-Version: µVision V5.27.0.0
Copyright (C) 2018 ARM Ltd and ARM Germany GmbH. All rights reserved.
License Information: Myunggeun Kang, UCSC, LIC=----
 
Tool Versions:
Toolchain:       MDK-Lite  Version: 5.27.0.0
Toolchain Path:  C:\Keil_v5\ARM\ARMCC\Bin
C Compiler:      Armcc.exe V5.06 update 6 (build 750)
Assembler:       Armasm.exe V5.06 update 6 (build 750)
Linker/Locator:  ArmLink.exe V5.06 update 6 (build 750)
Library Manager: ArmAr.exe V5.06 update 6 (build 750)
Hex Converter:   FromElf.exe V5.06 update 6 (build 750)
CPU DLL:         SARMCM3.DLL V5.27.0.0
Dialog DLL:      DCM.DLL V1.17.2.0
Target DLL:      STLink\ST-LINKIII-KEIL_SWO.dll V3.0.5.0
Dialog DLL:      TCM.DLL V1.36.1.0
 
<h2>Project:</h2>
C:\Users\mykang\Desktop\C2_GPIO\MDK-ARM\C2_GPIO.uvprojx
Project File Date:  03/06/2020

<h2>Output:</h2>
*** Using Compiler 'V5.06 update 6 (build 750)', folder: 'C:\Keil_v5\ARM\ARMCC\Bin'
Rebuild target 'C2_GPIO'
assembling startup_stm32l152xe.s...
compiling stm32l1xx_it.c...
compiling stm32l1xx_hal_msp.c...
compiling main.c...
../Src/main.c(176): warning:  #188-D: enumerated type mixed with another type
  		return C2_state;
../Src/main.c(149): warning:  #177-D: variable "complete"  was declared but never referenced
  	uint8_t complete = 0;
../Src/main.c: 2 warnings, 0 errors
compiling stm32l1xx_hal_tim.c...
compiling stm32l1xx_hal_tim_ex.c...
compiling stm32l1xx_hal_uart.c...
compiling stm32l1xx_hal.c...
compiling stm32l1xx_hal_rcc_ex.c...
compiling stm32l1xx_hal_rcc.c...
compiling stm32l1xx_hal_flash.c...
compiling stm32l1xx_hal_flash_ramfunc.c...
compiling stm32l1xx_hal_flash_ex.c...
compiling stm32l1xx_hal_pwr.c...
compiling stm32l1xx_hal_gpio.c...
compiling stm32l1xx_hal_dma.c...
compiling stm32l1xx_hal_pwr_ex.c...
compiling stm32l1xx_hal_cortex.c...
compiling system_stm32l1xx.c...
linking...
Program Size: Code=5040 RO-data=360 RW-data=20 ZI-data=1188  
FromELF: creating hex file...
"C2_GPIO\C2_GPIO.axf" - 0 Error(s), 2 Warning(s).

<h2>Software Packages used:</h2>

Package Vendor: ARM
                http://www.keil.com/pack/ARM.CMSIS.5.4.0.pack
                ARM.CMSIS.5.4.0
                CMSIS (Cortex Microcontroller Software Interface Standard)
   * Component: CORE Version: 5.1.2

Package Vendor: Keil
                http://www.keil.com/pack/Keil.STM32L1xx_DFP.1.2.0.pack
                Keil.STM32L1xx_DFP.1.2.0
                STMicroelectronics STM32L1 Series Device Support and Examples

<h2>Collection of Component include folders:</h2>
  .\RTE\_C2_GPIO
  C:\Keil_v5\ARM\PACK\ARM\CMSIS\5.4.0\CMSIS\Core\Include
  C:\Keil_v5\ARM\PACK\Keil\STM32L1xx_DFP\1.2.0\Device\Include

<h2>Collection of Component Files used:</h2>

   * Component: ARM::CMSIS:CORE:5.1.2
Build Time Elapsed:  00:00:13
</pre>
</body>
</html>
