Component: ARM Compiler 5.06 update 6 (build 750) Tool: armlink [4d35ed]

==============================================================================

Section Cross References

    startup_stm32l152xe.o(RESET) refers to startup_stm32l152xe.o(STACK) for __initial_sp
    startup_stm32l152xe.o(RESET) refers to startup_stm32l152xe.o(.text) for Reset_Handler
    startup_stm32l152xe.o(RESET) refers to stm32l1xx_it.o(i.NMI_Handler) for NMI_Handler
    startup_stm32l152xe.o(RESET) refers to stm32l1xx_it.o(i.HardFault_Handler) for HardFault_Handler
    startup_stm32l152xe.o(RESET) refers to stm32l1xx_it.o(i.MemManage_Handler) for MemManage_Handler
    startup_stm32l152xe.o(RESET) refers to stm32l1xx_it.o(i.BusFault_Handler) for BusFault_Handler
    startup_stm32l152xe.o(RESET) refers to stm32l1xx_it.o(i.UsageFault_Handler) for UsageFault_Handler
    startup_stm32l152xe.o(RESET) refers to stm32l1xx_it.o(i.SVC_Handler) for SVC_Handler
    startup_stm32l152xe.o(RESET) refers to stm32l1xx_it.o(i.DebugMon_Handler) for DebugMon_Handler
    startup_stm32l152xe.o(RESET) refers to stm32l1xx_it.o(i.PendSV_Handler) for PendSV_Handler
    startup_stm32l152xe.o(RESET) refers to stm32l1xx_it.o(i.SysTick_Handler) for SysTick_Handler
    startup_stm32l152xe.o(.text) refers to system_stm32l1xx.o(i.SystemInit) for SystemInit
    startup_stm32l152xe.o(.text) refers to entry.o(.ARM.Collect$$$$00000000) for __main
    main.o(i.MX_ADC_Init) refers to stm32l1xx_hal_adc.o(i.HAL_ADC_Init) for HAL_ADC_Init
    main.o(i.MX_ADC_Init) refers to stm32l1xx_hal_adc.o(i.HAL_ADC_ConfigChannel) for HAL_ADC_ConfigChannel
    main.o(i.MX_ADC_Init) refers to main.o(.bss) for .bss
    main.o(i.SystemClock_Config) refers to memseta.o(.text) for __aeabi_memclr4
    main.o(i.SystemClock_Config) refers to stm32l1xx_hal_rcc.o(i.HAL_RCC_OscConfig) for HAL_RCC_OscConfig
    main.o(i.SystemClock_Config) refers to stm32l1xx_hal_rcc.o(i.HAL_RCC_ClockConfig) for HAL_RCC_ClockConfig
    main.o(i.main) refers to stm32l1xx_hal.o(i.HAL_Init) for HAL_Init
    main.o(i.main) refers to main.o(i.SystemClock_Config) for SystemClock_Config
    main.o(i.main) refers to main.o(i.MX_ADC_Init) for MX_ADC_Init
    main.o(i.main) refers to stm32l1xx_hal_uart.o(i.HAL_UART_Init) for HAL_UART_Init
    main.o(i.main) refers to stm32l1xx_hal_adc.o(i.HAL_ADC_Start) for HAL_ADC_Start
    main.o(i.main) refers to stm32l1xx_hal_adc.o(i.HAL_ADC_PollForConversion) for HAL_ADC_PollForConversion
    main.o(i.main) refers to stm32l1xx_hal_adc.o(i.HAL_ADC_GetValue) for HAL_ADC_GetValue
    main.o(i.main) refers to dfltui.o(.text) for __aeabi_ui2d
    main.o(i.main) refers to dmul.o(.text) for __aeabi_dmul
    main.o(i.main) refers to ddiv.o(.text) for __aeabi_ddiv
    main.o(i.main) refers to main.o(.bss) for .bss
    main.o(i.main) refers to main.o(.data) for .data
    stm32l1xx_it.o(i.SysTick_Handler) refers to stm32l1xx_hal.o(i.HAL_IncTick) for HAL_IncTick
    stm32l1xx_hal_msp.o(i.HAL_ADC_MspDeInit) refers to stm32l1xx_hal_gpio.o(i.HAL_GPIO_DeInit) for HAL_GPIO_DeInit
    stm32l1xx_hal_msp.o(i.HAL_ADC_MspInit) refers to memseta.o(.text) for __aeabi_memclr4
    stm32l1xx_hal_msp.o(i.HAL_ADC_MspInit) refers to stm32l1xx_hal_gpio.o(i.HAL_GPIO_Init) for HAL_GPIO_Init
    stm32l1xx_hal_msp.o(i.HAL_UART_MspDeInit) refers to stm32l1xx_hal_gpio.o(i.HAL_GPIO_DeInit) for HAL_GPIO_DeInit
    stm32l1xx_hal_msp.o(i.HAL_UART_MspInit) refers to memseta.o(.text) for __aeabi_memclr4
    stm32l1xx_hal_msp.o(i.HAL_UART_MspInit) refers to stm32l1xx_hal_gpio.o(i.HAL_GPIO_Init) for HAL_GPIO_Init
    stm32l1xx_hal_adc.o(i.ADC_ConversionStop_Disable) refers to stm32l1xx_hal.o(i.HAL_GetTick) for HAL_GetTick
    stm32l1xx_hal_adc.o(i.ADC_DMAConvCplt) refers to stm32l1xx_hal_adc.o(i.HAL_ADC_ConvCpltCallback) for HAL_ADC_ConvCpltCallback
    stm32l1xx_hal_adc.o(i.ADC_DMAError) refers to stm32l1xx_hal_adc.o(i.HAL_ADC_ErrorCallback) for HAL_ADC_ErrorCallback
    stm32l1xx_hal_adc.o(i.ADC_DMAHalfConvCplt) refers to stm32l1xx_hal_adc.o(i.HAL_ADC_ConvHalfCpltCallback) for HAL_ADC_ConvHalfCpltCallback
    stm32l1xx_hal_adc.o(i.ADC_Enable) refers to stm32l1xx_hal.o(i.HAL_GetTick) for HAL_GetTick
    stm32l1xx_hal_adc.o(i.ADC_Enable) refers to system_stm32l1xx.o(.data) for SystemCoreClock
    stm32l1xx_hal_adc.o(i.HAL_ADC_ConfigChannel) refers to system_stm32l1xx.o(.data) for SystemCoreClock
    stm32l1xx_hal_adc.o(i.HAL_ADC_DeInit) refers to stm32l1xx_hal_adc.o(i.ADC_ConversionStop_Disable) for ADC_ConversionStop_Disable
    stm32l1xx_hal_adc.o(i.HAL_ADC_DeInit) refers to stm32l1xx_hal_msp.o(i.HAL_ADC_MspDeInit) for HAL_ADC_MspDeInit
    stm32l1xx_hal_adc.o(i.HAL_ADC_IRQHandler) refers to stm32l1xx_hal_adc.o(i.HAL_ADC_ConvCpltCallback) for HAL_ADC_ConvCpltCallback
    stm32l1xx_hal_adc.o(i.HAL_ADC_IRQHandler) refers to stm32l1xx_hal_adc_ex.o(i.HAL_ADCEx_InjectedConvCpltCallback) for HAL_ADCEx_InjectedConvCpltCallback
    stm32l1xx_hal_adc.o(i.HAL_ADC_IRQHandler) refers to stm32l1xx_hal_adc.o(i.HAL_ADC_LevelOutOfWindowCallback) for HAL_ADC_LevelOutOfWindowCallback
    stm32l1xx_hal_adc.o(i.HAL_ADC_IRQHandler) refers to stm32l1xx_hal_adc.o(i.HAL_ADC_ErrorCallback) for HAL_ADC_ErrorCallback
    stm32l1xx_hal_adc.o(i.HAL_ADC_Init) refers to stm32l1xx_hal_msp.o(i.HAL_ADC_MspInit) for HAL_ADC_MspInit
    stm32l1xx_hal_adc.o(i.HAL_ADC_PollForConversion) refers to stm32l1xx_hal.o(i.HAL_GetTick) for HAL_GetTick
    stm32l1xx_hal_adc.o(i.HAL_ADC_PollForEvent) refers to stm32l1xx_hal.o(i.HAL_GetTick) for HAL_GetTick
    stm32l1xx_hal_adc.o(i.HAL_ADC_Start) refers to stm32l1xx_hal_adc.o(i.ADC_Enable) for ADC_Enable
    stm32l1xx_hal_adc.o(i.HAL_ADC_Start_DMA) refers to stm32l1xx_hal_adc.o(i.ADC_Enable) for ADC_Enable
    stm32l1xx_hal_adc.o(i.HAL_ADC_Start_DMA) refers to stm32l1xx_hal_dma.o(i.HAL_DMA_Start_IT) for HAL_DMA_Start_IT
    stm32l1xx_hal_adc.o(i.HAL_ADC_Start_DMA) refers to stm32l1xx_hal_adc.o(i.ADC_DMAConvCplt) for ADC_DMAConvCplt
    stm32l1xx_hal_adc.o(i.HAL_ADC_Start_DMA) refers to stm32l1xx_hal_adc.o(i.ADC_DMAHalfConvCplt) for ADC_DMAHalfConvCplt
    stm32l1xx_hal_adc.o(i.HAL_ADC_Start_DMA) refers to stm32l1xx_hal_adc.o(i.ADC_DMAError) for ADC_DMAError
    stm32l1xx_hal_adc.o(i.HAL_ADC_Start_IT) refers to stm32l1xx_hal_adc.o(i.ADC_Enable) for ADC_Enable
    stm32l1xx_hal_adc.o(i.HAL_ADC_Stop) refers to stm32l1xx_hal_adc.o(i.ADC_ConversionStop_Disable) for ADC_ConversionStop_Disable
    stm32l1xx_hal_adc.o(i.HAL_ADC_Stop_DMA) refers to stm32l1xx_hal_adc.o(i.ADC_ConversionStop_Disable) for ADC_ConversionStop_Disable
    stm32l1xx_hal_adc.o(i.HAL_ADC_Stop_DMA) refers to stm32l1xx_hal_dma.o(i.HAL_DMA_Abort) for HAL_DMA_Abort
    stm32l1xx_hal_adc.o(i.HAL_ADC_Stop_IT) refers to stm32l1xx_hal_adc.o(i.ADC_ConversionStop_Disable) for ADC_ConversionStop_Disable
    stm32l1xx_hal_adc_ex.o(i.HAL_ADCEx_InjectedConfigChannel) refers to system_stm32l1xx.o(.data) for SystemCoreClock
    stm32l1xx_hal_adc_ex.o(i.HAL_ADCEx_InjectedPollForConversion) refers to stm32l1xx_hal.o(i.HAL_GetTick) for HAL_GetTick
    stm32l1xx_hal_adc_ex.o(i.HAL_ADCEx_InjectedStart) refers to stm32l1xx_hal_adc.o(i.ADC_Enable) for ADC_Enable
    stm32l1xx_hal_adc_ex.o(i.HAL_ADCEx_InjectedStart_IT) refers to stm32l1xx_hal_adc.o(i.ADC_Enable) for ADC_Enable
    stm32l1xx_hal_adc_ex.o(i.HAL_ADCEx_InjectedStop) refers to stm32l1xx_hal_adc.o(i.ADC_ConversionStop_Disable) for ADC_ConversionStop_Disable
    stm32l1xx_hal_adc_ex.o(i.HAL_ADCEx_InjectedStop_IT) refers to stm32l1xx_hal_adc.o(i.ADC_ConversionStop_Disable) for ADC_ConversionStop_Disable
    stm32l1xx_hal.o(i.HAL_DeInit) refers to stm32l1xx_hal.o(i.HAL_MspDeInit) for HAL_MspDeInit
    stm32l1xx_hal.o(i.HAL_Delay) refers to stm32l1xx_hal.o(i.HAL_GetTick) for HAL_GetTick
    stm32l1xx_hal.o(i.HAL_Delay) refers to stm32l1xx_hal.o(.data) for .data
    stm32l1xx_hal.o(i.HAL_GetTick) refers to stm32l1xx_hal.o(.data) for .data
    stm32l1xx_hal.o(i.HAL_GetTickFreq) refers to stm32l1xx_hal.o(.data) for .data
    stm32l1xx_hal.o(i.HAL_GetTickPrio) refers to stm32l1xx_hal.o(.data) for .data
    stm32l1xx_hal.o(i.HAL_IncTick) refers to stm32l1xx_hal.o(.data) for .data
    stm32l1xx_hal.o(i.HAL_Init) refers to stm32l1xx_hal_cortex.o(i.HAL_NVIC_SetPriorityGrouping) for HAL_NVIC_SetPriorityGrouping
    stm32l1xx_hal.o(i.HAL_Init) refers to stm32l1xx_hal.o(i.HAL_InitTick) for HAL_InitTick
    stm32l1xx_hal.o(i.HAL_Init) refers to stm32l1xx_hal_msp.o(i.HAL_MspInit) for HAL_MspInit
    stm32l1xx_hal.o(i.HAL_InitTick) refers to stm32l1xx_hal_cortex.o(i.HAL_SYSTICK_Config) for HAL_SYSTICK_Config
    stm32l1xx_hal.o(i.HAL_InitTick) refers to stm32l1xx_hal_cortex.o(i.HAL_NVIC_SetPriority) for HAL_NVIC_SetPriority
    stm32l1xx_hal.o(i.HAL_InitTick) refers to stm32l1xx_hal.o(.data) for .data
    stm32l1xx_hal.o(i.HAL_InitTick) refers to system_stm32l1xx.o(.data) for SystemCoreClock
    stm32l1xx_hal.o(i.HAL_SetTickFreq) refers to stm32l1xx_hal.o(i.HAL_InitTick) for HAL_InitTick
    stm32l1xx_hal.o(i.HAL_SetTickFreq) refers to stm32l1xx_hal.o(.data) for .data
    stm32l1xx_hal_rcc.o(i.HAL_RCC_ClockConfig) refers to stm32l1xx_hal.o(i.HAL_GetTick) for HAL_GetTick
    stm32l1xx_hal_rcc.o(i.HAL_RCC_ClockConfig) refers to stm32l1xx_hal_rcc.o(i.HAL_RCC_GetSysClockFreq) for HAL_RCC_GetSysClockFreq
    stm32l1xx_hal_rcc.o(i.HAL_RCC_ClockConfig) refers to stm32l1xx_hal.o(i.HAL_InitTick) for HAL_InitTick
    stm32l1xx_hal_rcc.o(i.HAL_RCC_ClockConfig) refers to system_stm32l1xx.o(.constdata) for AHBPrescTable
    stm32l1xx_hal_rcc.o(i.HAL_RCC_ClockConfig) refers to system_stm32l1xx.o(.data) for SystemCoreClock
    stm32l1xx_hal_rcc.o(i.HAL_RCC_ClockConfig) refers to stm32l1xx_hal.o(.data) for uwTickPrio
    stm32l1xx_hal_rcc.o(i.HAL_RCC_DeInit) refers to stm32l1xx_hal.o(i.HAL_GetTick) for HAL_GetTick
    stm32l1xx_hal_rcc.o(i.HAL_RCC_DeInit) refers to stm32l1xx_hal.o(i.HAL_InitTick) for HAL_InitTick
    stm32l1xx_hal_rcc.o(i.HAL_RCC_DeInit) refers to system_stm32l1xx.o(.data) for SystemCoreClock
    stm32l1xx_hal_rcc.o(i.HAL_RCC_DeInit) refers to stm32l1xx_hal.o(.data) for uwTickPrio
    stm32l1xx_hal_rcc.o(i.HAL_RCC_GetHCLKFreq) refers to system_stm32l1xx.o(.data) for SystemCoreClock
    stm32l1xx_hal_rcc.o(i.HAL_RCC_GetPCLK1Freq) refers to system_stm32l1xx.o(.data) for SystemCoreClock
    stm32l1xx_hal_rcc.o(i.HAL_RCC_GetPCLK1Freq) refers to system_stm32l1xx.o(.constdata) for APBPrescTable
    stm32l1xx_hal_rcc.o(i.HAL_RCC_GetPCLK2Freq) refers to system_stm32l1xx.o(.data) for SystemCoreClock
    stm32l1xx_hal_rcc.o(i.HAL_RCC_GetPCLK2Freq) refers to system_stm32l1xx.o(.constdata) for APBPrescTable
    stm32l1xx_hal_rcc.o(i.HAL_RCC_GetSysClockFreq) refers to system_stm32l1xx.o(.constdata) for PLLMulTable
    stm32l1xx_hal_rcc.o(i.HAL_RCC_MCOConfig) refers to stm32l1xx_hal_gpio.o(i.HAL_GPIO_Init) for HAL_GPIO_Init
    stm32l1xx_hal_rcc.o(i.HAL_RCC_NMI_IRQHandler) refers to stm32l1xx_hal_rcc.o(i.HAL_RCC_CSSCallback) for HAL_RCC_CSSCallback
    stm32l1xx_hal_rcc.o(i.HAL_RCC_OscConfig) refers to stm32l1xx_hal.o(i.HAL_GetTick) for HAL_GetTick
    stm32l1xx_hal_rcc.o(i.HAL_RCC_OscConfig) refers to stm32l1xx_hal_rcc.o(i.RCC_SetFlashLatencyFromMSIRange) for RCC_SetFlashLatencyFromMSIRange
    stm32l1xx_hal_rcc.o(i.HAL_RCC_OscConfig) refers to stm32l1xx_hal.o(i.HAL_InitTick) for HAL_InitTick
    stm32l1xx_hal_rcc.o(i.HAL_RCC_OscConfig) refers to system_stm32l1xx.o(.constdata) for AHBPrescTable
    stm32l1xx_hal_rcc.o(i.HAL_RCC_OscConfig) refers to system_stm32l1xx.o(.data) for SystemCoreClock
    stm32l1xx_hal_rcc.o(i.HAL_RCC_OscConfig) refers to stm32l1xx_hal.o(.data) for uwTickPrio
    stm32l1xx_hal_rcc_ex.o(i.HAL_RCCEx_LSECSS_IRQHandler) refers to stm32l1xx_hal_rcc_ex.o(i.HAL_RCCEx_LSECSS_Callback) for HAL_RCCEx_LSECSS_Callback
    stm32l1xx_hal_rcc_ex.o(i.HAL_RCCEx_PeriphCLKConfig) refers to stm32l1xx_hal.o(i.HAL_GetTick) for HAL_GetTick
    stm32l1xx_hal_flash.o(i.FLASH_SetErrorCode) refers to stm32l1xx_hal_flash.o(.bss) for .bss
    stm32l1xx_hal_flash.o(i.FLASH_WaitForLastOperation) refers to stm32l1xx_hal.o(i.HAL_GetTick) for HAL_GetTick
    stm32l1xx_hal_flash.o(i.FLASH_WaitForLastOperation) refers to stm32l1xx_hal_flash.o(i.FLASH_SetErrorCode) for FLASH_SetErrorCode
    stm32l1xx_hal_flash.o(i.HAL_FLASH_GetError) refers to stm32l1xx_hal_flash.o(.bss) for .bss
    stm32l1xx_hal_flash.o(i.HAL_FLASH_IRQHandler) refers to stm32l1xx_hal_flash.o(i.FLASH_SetErrorCode) for FLASH_SetErrorCode
    stm32l1xx_hal_flash.o(i.HAL_FLASH_IRQHandler) refers to stm32l1xx_hal_flash.o(i.HAL_FLASH_OperationErrorCallback) for HAL_FLASH_OperationErrorCallback
    stm32l1xx_hal_flash.o(i.HAL_FLASH_IRQHandler) refers to stm32l1xx_hal_flash.o(i.HAL_FLASH_EndOfOperationCallback) for HAL_FLASH_EndOfOperationCallback
    stm32l1xx_hal_flash.o(i.HAL_FLASH_IRQHandler) refers to stm32l1xx_hal_flash_ex.o(i.FLASH_PageErase) for FLASH_PageErase
    stm32l1xx_hal_flash.o(i.HAL_FLASH_IRQHandler) refers to stm32l1xx_hal_flash.o(.bss) for .bss
    stm32l1xx_hal_flash.o(i.HAL_FLASH_OB_Launch) refers to stm32l1xx_hal_flash.o(i.FLASH_WaitForLastOperation) for FLASH_WaitForLastOperation
    stm32l1xx_hal_flash.o(i.HAL_FLASH_Program) refers to stm32l1xx_hal_flash.o(i.FLASH_WaitForLastOperation) for FLASH_WaitForLastOperation
    stm32l1xx_hal_flash.o(i.HAL_FLASH_Program) refers to stm32l1xx_hal_flash.o(.bss) for .bss
    stm32l1xx_hal_flash.o(i.HAL_FLASH_Program_IT) refers to stm32l1xx_hal_flash.o(.bss) for .bss
    stm32l1xx_hal_flash_ex.o(i.FLASH_OB_WRPConfig) refers to stm32l1xx_hal_flash.o(i.FLASH_WaitForLastOperation) for FLASH_WaitForLastOperation
    stm32l1xx_hal_flash_ex.o(i.FLASH_OB_WRPConfig) refers to stm32l1xx_hal_flash.o(.bss) for pFlash
    stm32l1xx_hal_flash_ex.o(i.FLASH_PageErase) refers to stm32l1xx_hal_flash.o(.bss) for pFlash
    stm32l1xx_hal_flash_ex.o(i.HAL_FLASHEx_AdvOBProgram) refers to stm32l1xx_hal_flash.o(i.FLASH_WaitForLastOperation) for FLASH_WaitForLastOperation
    stm32l1xx_hal_flash_ex.o(i.HAL_FLASHEx_AdvOBProgram) refers to stm32l1xx_hal_flash.o(.bss) for pFlash
    stm32l1xx_hal_flash_ex.o(i.HAL_FLASHEx_DATAEEPROM_Erase) refers to stm32l1xx_hal_flash.o(i.FLASH_WaitForLastOperation) for FLASH_WaitForLastOperation
    stm32l1xx_hal_flash_ex.o(i.HAL_FLASHEx_DATAEEPROM_Erase) refers to stm32l1xx_hal_flash.o(.bss) for pFlash
    stm32l1xx_hal_flash_ex.o(i.HAL_FLASHEx_DATAEEPROM_Program) refers to stm32l1xx_hal_flash.o(i.FLASH_WaitForLastOperation) for FLASH_WaitForLastOperation
    stm32l1xx_hal_flash_ex.o(i.HAL_FLASHEx_DATAEEPROM_Program) refers to stm32l1xx_hal_flash.o(.bss) for pFlash
    stm32l1xx_hal_flash_ex.o(i.HAL_FLASHEx_Erase) refers to stm32l1xx_hal_flash.o(i.FLASH_WaitForLastOperation) for FLASH_WaitForLastOperation
    stm32l1xx_hal_flash_ex.o(i.HAL_FLASHEx_Erase) refers to stm32l1xx_hal_flash_ex.o(i.FLASH_PageErase) for FLASH_PageErase
    stm32l1xx_hal_flash_ex.o(i.HAL_FLASHEx_Erase) refers to stm32l1xx_hal_flash.o(.bss) for pFlash
    stm32l1xx_hal_flash_ex.o(i.HAL_FLASHEx_Erase_IT) refers to stm32l1xx_hal_flash.o(i.FLASH_WaitForLastOperation) for FLASH_WaitForLastOperation
    stm32l1xx_hal_flash_ex.o(i.HAL_FLASHEx_Erase_IT) refers to stm32l1xx_hal_flash_ex.o(i.FLASH_PageErase) for FLASH_PageErase
    stm32l1xx_hal_flash_ex.o(i.HAL_FLASHEx_Erase_IT) refers to stm32l1xx_hal_flash.o(.bss) for pFlash
    stm32l1xx_hal_flash_ex.o(i.HAL_FLASHEx_OBProgram) refers to stm32l1xx_hal_flash_ex.o(i.FLASH_OB_WRPConfig) for FLASH_OB_WRPConfig
    stm32l1xx_hal_flash_ex.o(i.HAL_FLASHEx_OBProgram) refers to stm32l1xx_hal_flash.o(i.FLASH_WaitForLastOperation) for FLASH_WaitForLastOperation
    stm32l1xx_hal_flash_ex.o(i.HAL_FLASHEx_OBProgram) refers to stm32l1xx_hal_flash.o(.bss) for pFlash
    stm32l1xx_hal_flash_ramfunc.o(i.FLASHRAM_SetErrorCode) refers to stm32l1xx_hal_flash.o(.bss) for pFlash
    stm32l1xx_hal_flash_ramfunc.o(i.FLASHRAM_WaitForLastOperation) refers to stm32l1xx_hal_flash_ramfunc.o(i.FLASHRAM_SetErrorCode) for FLASHRAM_SetErrorCode
    stm32l1xx_hal_flash_ramfunc.o(i.HAL_FLASHEx_DATAEEPROM_EraseDoubleWord) refers to stm32l1xx_hal_flash_ramfunc.o(i.FLASHRAM_WaitForLastOperation) for FLASHRAM_WaitForLastOperation
    stm32l1xx_hal_flash_ramfunc.o(i.HAL_FLASHEx_DATAEEPROM_ProgramDoubleWord) refers to stm32l1xx_hal_flash_ramfunc.o(i.FLASHRAM_WaitForLastOperation) for FLASHRAM_WaitForLastOperation
    stm32l1xx_hal_flash_ramfunc.o(i.HAL_FLASHEx_EraseParallelPage) refers to stm32l1xx_hal_flash_ramfunc.o(i.FLASHRAM_WaitForLastOperation) for FLASHRAM_WaitForLastOperation
    stm32l1xx_hal_flash_ramfunc.o(i.HAL_FLASHEx_GetError) refers to stm32l1xx_hal_flash.o(.bss) for pFlash
    stm32l1xx_hal_flash_ramfunc.o(i.HAL_FLASHEx_HalfPageProgram) refers to stm32l1xx_hal_flash_ramfunc.o(i.FLASHRAM_WaitForLastOperation) for FLASHRAM_WaitForLastOperation
    stm32l1xx_hal_flash_ramfunc.o(i.HAL_FLASHEx_ProgramParallelHalfPage) refers to stm32l1xx_hal_flash_ramfunc.o(i.FLASHRAM_WaitForLastOperation) for FLASHRAM_WaitForLastOperation
    stm32l1xx_hal_gpio.o(i.HAL_GPIO_EXTI_IRQHandler) refers to stm32l1xx_hal_gpio.o(i.HAL_GPIO_EXTI_Callback) for HAL_GPIO_EXTI_Callback
    stm32l1xx_hal_dma.o(i.HAL_DMA_PollForTransfer) refers to stm32l1xx_hal.o(i.HAL_GetTick) for HAL_GetTick
    stm32l1xx_hal_dma.o(i.HAL_DMA_Start) refers to stm32l1xx_hal_dma.o(i.DMA_SetConfig) for DMA_SetConfig
    stm32l1xx_hal_dma.o(i.HAL_DMA_Start_IT) refers to stm32l1xx_hal_dma.o(i.DMA_SetConfig) for DMA_SetConfig
    stm32l1xx_hal_pwr.o(i.HAL_PWR_PVD_IRQHandler) refers to stm32l1xx_hal_pwr.o(i.HAL_PWR_PVDCallback) for HAL_PWR_PVDCallback
    stm32l1xx_hal_cortex.o(i.HAL_NVIC_SetPriority) refers to stm32l1xx_hal_cortex.o(i.__NVIC_SetPriority) for __NVIC_SetPriority
    stm32l1xx_hal_cortex.o(i.HAL_SYSTICK_Config) refers to stm32l1xx_hal_cortex.o(i.__NVIC_SetPriority) for __NVIC_SetPriority
    stm32l1xx_hal_cortex.o(i.HAL_SYSTICK_IRQHandler) refers to stm32l1xx_hal_cortex.o(i.HAL_SYSTICK_Callback) for HAL_SYSTICK_Callback
    stm32l1xx_hal_uart.o(i.HAL_HalfDuplex_Init) refers to stm32l1xx_hal_msp.o(i.HAL_UART_MspInit) for HAL_UART_MspInit
    stm32l1xx_hal_uart.o(i.HAL_HalfDuplex_Init) refers to stm32l1xx_hal_uart.o(i.UART_SetConfig) for UART_SetConfig
    stm32l1xx_hal_uart.o(i.HAL_LIN_Init) refers to stm32l1xx_hal_msp.o(i.HAL_UART_MspInit) for HAL_UART_MspInit
    stm32l1xx_hal_uart.o(i.HAL_LIN_Init) refers to stm32l1xx_hal_uart.o(i.UART_SetConfig) for UART_SetConfig
    stm32l1xx_hal_uart.o(i.HAL_MultiProcessor_Init) refers to stm32l1xx_hal_msp.o(i.HAL_UART_MspInit) for HAL_UART_MspInit
    stm32l1xx_hal_uart.o(i.HAL_MultiProcessor_Init) refers to stm32l1xx_hal_uart.o(i.UART_SetConfig) for UART_SetConfig
    stm32l1xx_hal_uart.o(i.HAL_UART_Abort) refers to stm32l1xx_hal_dma.o(i.HAL_DMA_Abort) for HAL_DMA_Abort
    stm32l1xx_hal_uart.o(i.HAL_UART_Abort) refers to stm32l1xx_hal_dma.o(i.HAL_DMA_GetError) for HAL_DMA_GetError
    stm32l1xx_hal_uart.o(i.HAL_UART_AbortReceive) refers to stm32l1xx_hal_dma.o(i.HAL_DMA_Abort) for HAL_DMA_Abort
    stm32l1xx_hal_uart.o(i.HAL_UART_AbortReceive) refers to stm32l1xx_hal_dma.o(i.HAL_DMA_GetError) for HAL_DMA_GetError
    stm32l1xx_hal_uart.o(i.HAL_UART_AbortReceive_IT) refers to stm32l1xx_hal_dma.o(i.HAL_DMA_Abort_IT) for HAL_DMA_Abort_IT
    stm32l1xx_hal_uart.o(i.HAL_UART_AbortReceive_IT) refers to stm32l1xx_hal_uart.o(i.HAL_UART_AbortReceiveCpltCallback) for HAL_UART_AbortReceiveCpltCallback
    stm32l1xx_hal_uart.o(i.HAL_UART_AbortReceive_IT) refers to stm32l1xx_hal_uart.o(i.UART_DMARxOnlyAbortCallback) for UART_DMARxOnlyAbortCallback
    stm32l1xx_hal_uart.o(i.HAL_UART_AbortTransmit) refers to stm32l1xx_hal_dma.o(i.HAL_DMA_Abort) for HAL_DMA_Abort
    stm32l1xx_hal_uart.o(i.HAL_UART_AbortTransmit) refers to stm32l1xx_hal_dma.o(i.HAL_DMA_GetError) for HAL_DMA_GetError
    stm32l1xx_hal_uart.o(i.HAL_UART_AbortTransmit_IT) refers to stm32l1xx_hal_dma.o(i.HAL_DMA_Abort_IT) for HAL_DMA_Abort_IT
    stm32l1xx_hal_uart.o(i.HAL_UART_AbortTransmit_IT) refers to stm32l1xx_hal_uart.o(i.HAL_UART_AbortTransmitCpltCallback) for HAL_UART_AbortTransmitCpltCallback
    stm32l1xx_hal_uart.o(i.HAL_UART_AbortTransmit_IT) refers to stm32l1xx_hal_uart.o(i.UART_DMATxOnlyAbortCallback) for UART_DMATxOnlyAbortCallback
    stm32l1xx_hal_uart.o(i.HAL_UART_Abort_IT) refers to stm32l1xx_hal_dma.o(i.HAL_DMA_Abort_IT) for HAL_DMA_Abort_IT
    stm32l1xx_hal_uart.o(i.HAL_UART_Abort_IT) refers to stm32l1xx_hal_uart.o(i.HAL_UART_AbortCpltCallback) for HAL_UART_AbortCpltCallback
    stm32l1xx_hal_uart.o(i.HAL_UART_Abort_IT) refers to stm32l1xx_hal_uart.o(i.UART_DMATxAbortCallback) for UART_DMATxAbortCallback
    stm32l1xx_hal_uart.o(i.HAL_UART_Abort_IT) refers to stm32l1xx_hal_uart.o(i.UART_DMARxAbortCallback) for UART_DMARxAbortCallback
    stm32l1xx_hal_uart.o(i.HAL_UART_DMAStop) refers to stm32l1xx_hal_dma.o(i.HAL_DMA_Abort) for HAL_DMA_Abort
    stm32l1xx_hal_uart.o(i.HAL_UART_DMAStop) refers to stm32l1xx_hal_uart.o(i.UART_EndTxTransfer) for UART_EndTxTransfer
    stm32l1xx_hal_uart.o(i.HAL_UART_DMAStop) refers to stm32l1xx_hal_uart.o(i.UART_EndRxTransfer) for UART_EndRxTransfer
    stm32l1xx_hal_uart.o(i.HAL_UART_DeInit) refers to stm32l1xx_hal_msp.o(i.HAL_UART_MspDeInit) for HAL_UART_MspDeInit
    stm32l1xx_hal_uart.o(i.HAL_UART_IRQHandler) refers to stm32l1xx_hal_uart.o(i.UART_Receive_IT) for UART_Receive_IT
    stm32l1xx_hal_uart.o(i.HAL_UART_IRQHandler) refers to stm32l1xx_hal_uart.o(i.UART_EndRxTransfer) for UART_EndRxTransfer
    stm32l1xx_hal_uart.o(i.HAL_UART_IRQHandler) refers to stm32l1xx_hal_dma.o(i.HAL_DMA_Abort_IT) for HAL_DMA_Abort_IT
    stm32l1xx_hal_uart.o(i.HAL_UART_IRQHandler) refers to stm32l1xx_hal_uart.o(i.HAL_UART_ErrorCallback) for HAL_UART_ErrorCallback
    stm32l1xx_hal_uart.o(i.HAL_UART_IRQHandler) refers to stm32l1xx_hal_uart.o(i.UART_Transmit_IT) for UART_Transmit_IT
    stm32l1xx_hal_uart.o(i.HAL_UART_IRQHandler) refers to stm32l1xx_hal_uart.o(i.HAL_UART_TxCpltCallback) for HAL_UART_TxCpltCallback
    stm32l1xx_hal_uart.o(i.HAL_UART_IRQHandler) refers to stm32l1xx_hal_uart.o(i.UART_DMAAbortOnError) for UART_DMAAbortOnError
    stm32l1xx_hal_uart.o(i.HAL_UART_Init) refers to stm32l1xx_hal_msp.o(i.HAL_UART_MspInit) for HAL_UART_MspInit
    stm32l1xx_hal_uart.o(i.HAL_UART_Init) refers to stm32l1xx_hal_uart.o(i.UART_SetConfig) for UART_SetConfig
    stm32l1xx_hal_uart.o(i.HAL_UART_Receive) refers to stm32l1xx_hal.o(i.HAL_GetTick) for HAL_GetTick
    stm32l1xx_hal_uart.o(i.HAL_UART_Receive) refers to stm32l1xx_hal_uart.o(i.UART_WaitOnFlagUntilTimeout) for UART_WaitOnFlagUntilTimeout
    stm32l1xx_hal_uart.o(i.HAL_UART_Receive_DMA) refers to stm32l1xx_hal_dma.o(i.HAL_DMA_Start_IT) for HAL_DMA_Start_IT
    stm32l1xx_hal_uart.o(i.HAL_UART_Receive_DMA) refers to stm32l1xx_hal_uart.o(i.UART_DMAReceiveCplt) for UART_DMAReceiveCplt
    stm32l1xx_hal_uart.o(i.HAL_UART_Receive_DMA) refers to stm32l1xx_hal_uart.o(i.UART_DMARxHalfCplt) for UART_DMARxHalfCplt
    stm32l1xx_hal_uart.o(i.HAL_UART_Receive_DMA) refers to stm32l1xx_hal_uart.o(i.UART_DMAError) for UART_DMAError
    stm32l1xx_hal_uart.o(i.HAL_UART_Transmit) refers to stm32l1xx_hal.o(i.HAL_GetTick) for HAL_GetTick
    stm32l1xx_hal_uart.o(i.HAL_UART_Transmit) refers to stm32l1xx_hal_uart.o(i.UART_WaitOnFlagUntilTimeout) for UART_WaitOnFlagUntilTimeout
    stm32l1xx_hal_uart.o(i.HAL_UART_Transmit_DMA) refers to stm32l1xx_hal_dma.o(i.HAL_DMA_Start_IT) for HAL_DMA_Start_IT
    stm32l1xx_hal_uart.o(i.HAL_UART_Transmit_DMA) refers to stm32l1xx_hal_uart.o(i.UART_DMATransmitCplt) for UART_DMATransmitCplt
    stm32l1xx_hal_uart.o(i.HAL_UART_Transmit_DMA) refers to stm32l1xx_hal_uart.o(i.UART_DMATxHalfCplt) for UART_DMATxHalfCplt
    stm32l1xx_hal_uart.o(i.HAL_UART_Transmit_DMA) refers to stm32l1xx_hal_uart.o(i.UART_DMAError) for UART_DMAError
    stm32l1xx_hal_uart.o(i.UART_DMAAbortOnError) refers to stm32l1xx_hal_uart.o(i.HAL_UART_ErrorCallback) for HAL_UART_ErrorCallback
    stm32l1xx_hal_uart.o(i.UART_DMAError) refers to stm32l1xx_hal_uart.o(i.UART_EndTxTransfer) for UART_EndTxTransfer
    stm32l1xx_hal_uart.o(i.UART_DMAError) refers to stm32l1xx_hal_uart.o(i.UART_EndRxTransfer) for UART_EndRxTransfer
    stm32l1xx_hal_uart.o(i.UART_DMAError) refers to stm32l1xx_hal_uart.o(i.HAL_UART_ErrorCallback) for HAL_UART_ErrorCallback
    stm32l1xx_hal_uart.o(i.UART_DMAReceiveCplt) refers to stm32l1xx_hal_uart.o(i.HAL_UART_RxCpltCallback) for HAL_UART_RxCpltCallback
    stm32l1xx_hal_uart.o(i.UART_DMARxAbortCallback) refers to stm32l1xx_hal_uart.o(i.HAL_UART_AbortCpltCallback) for HAL_UART_AbortCpltCallback
    stm32l1xx_hal_uart.o(i.UART_DMARxHalfCplt) refers to stm32l1xx_hal_uart.o(i.HAL_UART_RxHalfCpltCallback) for HAL_UART_RxHalfCpltCallback
    stm32l1xx_hal_uart.o(i.UART_DMARxOnlyAbortCallback) refers to stm32l1xx_hal_uart.o(i.HAL_UART_AbortReceiveCpltCallback) for HAL_UART_AbortReceiveCpltCallback
    stm32l1xx_hal_uart.o(i.UART_DMATransmitCplt) refers to stm32l1xx_hal_uart.o(i.HAL_UART_TxCpltCallback) for HAL_UART_TxCpltCallback
    stm32l1xx_hal_uart.o(i.UART_DMATxAbortCallback) refers to stm32l1xx_hal_uart.o(i.HAL_UART_AbortCpltCallback) for HAL_UART_AbortCpltCallback
    stm32l1xx_hal_uart.o(i.UART_DMATxHalfCplt) refers to stm32l1xx_hal_uart.o(i.HAL_UART_TxHalfCpltCallback) for HAL_UART_TxHalfCpltCallback
    stm32l1xx_hal_uart.o(i.UART_DMATxOnlyAbortCallback) refers to stm32l1xx_hal_uart.o(i.HAL_UART_AbortTransmitCpltCallback) for HAL_UART_AbortTransmitCpltCallback
    stm32l1xx_hal_uart.o(i.UART_Receive_IT) refers to stm32l1xx_hal_uart.o(i.HAL_UART_RxCpltCallback) for HAL_UART_RxCpltCallback
    stm32l1xx_hal_uart.o(i.UART_SetConfig) refers to stm32l1xx_hal_rcc.o(i.HAL_RCC_GetPCLK2Freq) for HAL_RCC_GetPCLK2Freq
    stm32l1xx_hal_uart.o(i.UART_SetConfig) refers to stm32l1xx_hal_rcc.o(i.HAL_RCC_GetPCLK1Freq) for HAL_RCC_GetPCLK1Freq
    stm32l1xx_hal_uart.o(i.UART_WaitOnFlagUntilTimeout) refers to stm32l1xx_hal.o(i.HAL_GetTick) for HAL_GetTick
    system_stm32l1xx.o(i.SystemCoreClockUpdate) refers to system_stm32l1xx.o(.data) for .data
    system_stm32l1xx.o(i.SystemCoreClockUpdate) refers to system_stm32l1xx.o(.constdata) for .constdata
    entry.o(.ARM.Collect$$$$00000000) refers (Special) to entry10a.o(.ARM.Collect$$$$0000000D) for __rt_final_cpp
    entry.o(.ARM.Collect$$$$00000000) refers (Special) to entry11a.o(.ARM.Collect$$$$0000000F) for __rt_final_exit
    entry.o(.ARM.Collect$$$$00000000) refers (Special) to entry7b.o(.ARM.Collect$$$$00000008) for _main_clock
    entry.o(.ARM.Collect$$$$00000000) refers (Special) to entry8b.o(.ARM.Collect$$$$0000000A) for _main_cpp_init
    entry.o(.ARM.Collect$$$$00000000) refers (Special) to entry9a.o(.ARM.Collect$$$$0000000B) for _main_init
    entry.o(.ARM.Collect$$$$00000000) refers (Special) to entry5.o(.ARM.Collect$$$$00000004) for _main_scatterload
    entry.o(.ARM.Collect$$$$00000000) refers (Special) to entry2.o(.ARM.Collect$$$$00000001) for _main_stk
    dmul.o(.text) refers (Special) to iusefp.o(.text) for __I$use$fp
    dmul.o(.text) refers to depilogue.o(.text) for _double_epilogue
    ddiv.o(.text) refers (Special) to iusefp.o(.text) for __I$use$fp
    ddiv.o(.text) refers to depilogue.o(.text) for _double_round
    dfltui.o(.text) refers (Special) to iusefp.o(.text) for __I$use$fp
    dfltui.o(.text) refers to depilogue.o(.text) for _double_epilogue
    entry2.o(.ARM.Collect$$$$00000001) refers to entry2.o(.ARM.Collect$$$$00002712) for __lit__00000000
    entry2.o(.ARM.Collect$$$$00002712) refers to startup_stm32l152xe.o(STACK) for __initial_sp
    entry2.o(__vectab_stack_and_reset_area) refers to startup_stm32l152xe.o(STACK) for __initial_sp
    entry2.o(__vectab_stack_and_reset_area) refers to entry.o(.ARM.Collect$$$$00000000) for __main
    entry5.o(.ARM.Collect$$$$00000004) refers to init.o(.text) for __scatterload
    entry9a.o(.ARM.Collect$$$$0000000B) refers to main.o(i.main) for main
    entry9b.o(.ARM.Collect$$$$0000000C) refers to main.o(i.main) for main
    depilogue.o(.text) refers to llshl.o(.text) for __aeabi_llsl
    depilogue.o(.text) refers to llushr.o(.text) for __aeabi_llsr
    init.o(.text) refers to entry5.o(.ARM.Collect$$$$00000004) for __main_after_scatterload


==============================================================================

Removing Unused input sections from the image.

    Removing startup_stm32l152xe.o(HEAP), (512 bytes).
    Removing main.o(.rev16_text), (4 bytes).
    Removing main.o(.revsh_text), (4 bytes).
    Removing main.o(.rrx_text), (6 bytes).
    Removing main.o(i.Error_Handler), (2 bytes).
    Removing main.o(.bss), (70 bytes).
    Removing main.o(.data), (4 bytes).
    Removing stm32l1xx_it.o(.rev16_text), (4 bytes).
    Removing stm32l1xx_it.o(.revsh_text), (4 bytes).
    Removing stm32l1xx_it.o(.rrx_text), (6 bytes).
    Removing stm32l1xx_hal_msp.o(.rev16_text), (4 bytes).
    Removing stm32l1xx_hal_msp.o(.revsh_text), (4 bytes).
    Removing stm32l1xx_hal_msp.o(.rrx_text), (6 bytes).
    Removing stm32l1xx_hal_msp.o(i.HAL_ADC_MspDeInit), (40 bytes).
    Removing stm32l1xx_hal_msp.o(i.HAL_UART_MspDeInit), (40 bytes).
    Removing stm32l1xx_hal_adc.o(.rev16_text), (4 bytes).
    Removing stm32l1xx_hal_adc.o(.revsh_text), (4 bytes).
    Removing stm32l1xx_hal_adc.o(.rrx_text), (6 bytes).
    Removing stm32l1xx_hal_adc.o(i.ADC_ConversionStop_Disable), (76 bytes).
    Removing stm32l1xx_hal_adc.o(i.ADC_DMAConvCplt), (100 bytes).
    Removing stm32l1xx_hal_adc.o(i.ADC_DMAError), (26 bytes).
    Removing stm32l1xx_hal_adc.o(i.ADC_DMAHalfConvCplt), (10 bytes).
    Removing stm32l1xx_hal_adc.o(i.HAL_ADC_AnalogWDGConfig), (92 bytes).
    Removing stm32l1xx_hal_adc.o(i.HAL_ADC_ConvCpltCallback), (2 bytes).
    Removing stm32l1xx_hal_adc.o(i.HAL_ADC_ConvHalfCpltCallback), (2 bytes).
    Removing stm32l1xx_hal_adc.o(i.HAL_ADC_DeInit), (264 bytes).
    Removing stm32l1xx_hal_adc.o(i.HAL_ADC_ErrorCallback), (2 bytes).
    Removing stm32l1xx_hal_adc.o(i.HAL_ADC_GetError), (4 bytes).
    Removing stm32l1xx_hal_adc.o(i.HAL_ADC_GetState), (4 bytes).
    Removing stm32l1xx_hal_adc.o(i.HAL_ADC_IRQHandler), (294 bytes).
    Removing stm32l1xx_hal_adc.o(i.HAL_ADC_LevelOutOfWindowCallback), (2 bytes).
    Removing stm32l1xx_hal_adc.o(i.HAL_ADC_MspDeInit), (2 bytes).
    Removing stm32l1xx_hal_adc.o(i.HAL_ADC_MspInit), (2 bytes).
    Removing stm32l1xx_hal_adc.o(i.HAL_ADC_PollForEvent), (108 bytes).
    Removing stm32l1xx_hal_adc.o(i.HAL_ADC_Start_DMA), (196 bytes).
    Removing stm32l1xx_hal_adc.o(i.HAL_ADC_Start_IT), (132 bytes).
    Removing stm32l1xx_hal_adc.o(i.HAL_ADC_Stop), (52 bytes).
    Removing stm32l1xx_hal_adc.o(i.HAL_ADC_Stop_DMA), (82 bytes).
    Removing stm32l1xx_hal_adc.o(i.HAL_ADC_Stop_IT), (62 bytes).
    Removing stm32l1xx_hal_adc_ex.o(.rev16_text), (4 bytes).
    Removing stm32l1xx_hal_adc_ex.o(.revsh_text), (4 bytes).
    Removing stm32l1xx_hal_adc_ex.o(.rrx_text), (6 bytes).
    Removing stm32l1xx_hal_adc_ex.o(i.HAL_ADCEx_InjectedConfigChannel), (512 bytes).
    Removing stm32l1xx_hal_adc_ex.o(i.HAL_ADCEx_InjectedConvCpltCallback), (2 bytes).
    Removing stm32l1xx_hal_adc_ex.o(i.HAL_ADCEx_InjectedGetValue), (30 bytes).
    Removing stm32l1xx_hal_adc_ex.o(i.HAL_ADCEx_InjectedPollForConversion), (276 bytes).
    Removing stm32l1xx_hal_adc_ex.o(i.HAL_ADCEx_InjectedStart), (100 bytes).
    Removing stm32l1xx_hal_adc_ex.o(i.HAL_ADCEx_InjectedStart_IT), (110 bytes).
    Removing stm32l1xx_hal_adc_ex.o(i.HAL_ADCEx_InjectedStop), (78 bytes).
    Removing stm32l1xx_hal_adc_ex.o(i.HAL_ADCEx_InjectedStop_IT), (88 bytes).
    Removing stm32l1xx_hal.o(.rev16_text), (4 bytes).
    Removing stm32l1xx_hal.o(.revsh_text), (4 bytes).
    Removing stm32l1xx_hal.o(.rrx_text), (6 bytes).
    Removing stm32l1xx_hal.o(i.HAL_DBGMCU_DisableDBGSleepMode), (16 bytes).
    Removing stm32l1xx_hal.o(i.HAL_DBGMCU_DisableDBGStandbyMode), (16 bytes).
    Removing stm32l1xx_hal.o(i.HAL_DBGMCU_DisableDBGStopMode), (16 bytes).
    Removing stm32l1xx_hal.o(i.HAL_DBGMCU_EnableDBGSleepMode), (16 bytes).
    Removing stm32l1xx_hal.o(i.HAL_DBGMCU_EnableDBGStandbyMode), (16 bytes).
    Removing stm32l1xx_hal.o(i.HAL_DBGMCU_EnableDBGStopMode), (16 bytes).
    Removing stm32l1xx_hal.o(i.HAL_DeInit), (40 bytes).
    Removing stm32l1xx_hal.o(i.HAL_Delay), (36 bytes).
    Removing stm32l1xx_hal.o(i.HAL_GetDEVID), (16 bytes).
    Removing stm32l1xx_hal.o(i.HAL_GetHalVersion), (6 bytes).
    Removing stm32l1xx_hal.o(i.HAL_GetREVID), (12 bytes).
    Removing stm32l1xx_hal.o(i.HAL_GetTickFreq), (12 bytes).
    Removing stm32l1xx_hal.o(i.HAL_GetTickPrio), (12 bytes).
    Removing stm32l1xx_hal.o(i.HAL_GetUIDw0), (12 bytes).
    Removing stm32l1xx_hal.o(i.HAL_GetUIDw1), (12 bytes).
    Removing stm32l1xx_hal.o(i.HAL_GetUIDw2), (12 bytes).
    Removing stm32l1xx_hal.o(i.HAL_MspDeInit), (2 bytes).
    Removing stm32l1xx_hal.o(i.HAL_MspInit), (2 bytes).
    Removing stm32l1xx_hal.o(i.HAL_ResumeTick), (14 bytes).
    Removing stm32l1xx_hal.o(i.HAL_SetTickFreq), (32 bytes).
    Removing stm32l1xx_hal.o(i.HAL_SuspendTick), (14 bytes).
    Removing stm32l1xx_hal_rcc.o(.rev16_text), (4 bytes).
    Removing stm32l1xx_hal_rcc.o(.revsh_text), (4 bytes).
    Removing stm32l1xx_hal_rcc.o(.rrx_text), (6 bytes).
    Removing stm32l1xx_hal_rcc.o(i.HAL_RCC_CSSCallback), (2 bytes).
    Removing stm32l1xx_hal_rcc.o(i.HAL_RCC_DeInit), (208 bytes).
    Removing stm32l1xx_hal_rcc.o(i.HAL_RCC_DisableCSS), (12 bytes).
    Removing stm32l1xx_hal_rcc.o(i.HAL_RCC_EnableCSS), (12 bytes).
    Removing stm32l1xx_hal_rcc.o(i.HAL_RCC_GetClockConfig), (64 bytes).
    Removing stm32l1xx_hal_rcc.o(i.HAL_RCC_GetHCLKFreq), (12 bytes).
    Removing stm32l1xx_hal_rcc.o(i.HAL_RCC_GetOscConfig), (180 bytes).
    Removing stm32l1xx_hal_rcc.o(i.HAL_RCC_MCOConfig), (80 bytes).
    Removing stm32l1xx_hal_rcc.o(i.HAL_RCC_NMI_IRQHandler), (28 bytes).
    Removing stm32l1xx_hal_rcc_ex.o(.rev16_text), (4 bytes).
    Removing stm32l1xx_hal_rcc_ex.o(.revsh_text), (4 bytes).
    Removing stm32l1xx_hal_rcc_ex.o(.rrx_text), (6 bytes).
    Removing stm32l1xx_hal_rcc_ex.o(i.HAL_RCCEx_DisableLSECSS), (28 bytes).
    Removing stm32l1xx_hal_rcc_ex.o(i.HAL_RCCEx_EnableLSECSS), (12 bytes).
    Removing stm32l1xx_hal_rcc_ex.o(i.HAL_RCCEx_EnableLSECSS_IT), (52 bytes).
    Removing stm32l1xx_hal_rcc_ex.o(i.HAL_RCCEx_GetPeriphCLKConfig), (44 bytes).
    Removing stm32l1xx_hal_rcc_ex.o(i.HAL_RCCEx_GetPeriphCLKFreq), (132 bytes).
    Removing stm32l1xx_hal_rcc_ex.o(i.HAL_RCCEx_LSECSS_Callback), (2 bytes).
    Removing stm32l1xx_hal_rcc_ex.o(i.HAL_RCCEx_LSECSS_IRQHandler), (28 bytes).
    Removing stm32l1xx_hal_rcc_ex.o(i.HAL_RCCEx_PeriphCLKConfig), (316 bytes).
    Removing stm32l1xx_hal_flash.o(.rev16_text), (4 bytes).
    Removing stm32l1xx_hal_flash.o(.revsh_text), (4 bytes).
    Removing stm32l1xx_hal_flash.o(.rrx_text), (6 bytes).
    Removing stm32l1xx_hal_flash.o(i.FLASH_SetErrorCode), (88 bytes).
    Removing stm32l1xx_hal_flash.o(i.FLASH_WaitForLastOperation), (92 bytes).
    Removing stm32l1xx_hal_flash.o(i.HAL_FLASH_EndOfOperationCallback), (2 bytes).
    Removing stm32l1xx_hal_flash.o(i.HAL_FLASH_GetError), (12 bytes).
    Removing stm32l1xx_hal_flash.o(i.HAL_FLASH_IRQHandler), (212 bytes).
    Removing stm32l1xx_hal_flash.o(i.HAL_FLASH_Lock), (20 bytes).
    Removing stm32l1xx_hal_flash.o(i.HAL_FLASH_OB_Launch), (24 bytes).
    Removing stm32l1xx_hal_flash.o(i.HAL_FLASH_OB_Lock), (20 bytes).
    Removing stm32l1xx_hal_flash.o(i.HAL_FLASH_OB_Unlock), (80 bytes).
    Removing stm32l1xx_hal_flash.o(i.HAL_FLASH_OperationErrorCallback), (2 bytes).
    Removing stm32l1xx_hal_flash.o(i.HAL_FLASH_Program), (60 bytes).
    Removing stm32l1xx_hal_flash.o(i.HAL_FLASH_Program_IT), (60 bytes).
    Removing stm32l1xx_hal_flash.o(i.HAL_FLASH_Unlock), (80 bytes).
    Removing stm32l1xx_hal_flash.o(.bss), (24 bytes).
    Removing stm32l1xx_hal_flash_ex.o(.rev16_text), (4 bytes).
    Removing stm32l1xx_hal_flash_ex.o(.revsh_text), (4 bytes).
    Removing stm32l1xx_hal_flash_ex.o(.rrx_text), (6 bytes).
    Removing stm32l1xx_hal_flash_ex.o(i.FLASH_OB_WRPConfig), (248 bytes).
    Removing stm32l1xx_hal_flash_ex.o(i.FLASH_PageErase), (40 bytes).
    Removing stm32l1xx_hal_flash_ex.o(i.HAL_FLASHEx_AdvOBGetConfig), (24 bytes).
    Removing stm32l1xx_hal_flash_ex.o(i.HAL_FLASHEx_AdvOBProgram), (72 bytes).
    Removing stm32l1xx_hal_flash_ex.o(i.HAL_FLASHEx_DATAEEPROM_DisableFixedTimeProgram), (16 bytes).
    Removing stm32l1xx_hal_flash_ex.o(i.HAL_FLASHEx_DATAEEPROM_EnableFixedTimeProgram), (16 bytes).
    Removing stm32l1xx_hal_flash_ex.o(i.HAL_FLASHEx_DATAEEPROM_Erase), (64 bytes).
    Removing stm32l1xx_hal_flash_ex.o(i.HAL_FLASHEx_DATAEEPROM_Lock), (20 bytes).
    Removing stm32l1xx_hal_flash_ex.o(i.HAL_FLASHEx_DATAEEPROM_Program), (224 bytes).
    Removing stm32l1xx_hal_flash_ex.o(i.HAL_FLASHEx_DATAEEPROM_Unlock), (40 bytes).
    Removing stm32l1xx_hal_flash_ex.o(i.HAL_FLASHEx_Erase), (128 bytes).
    Removing stm32l1xx_hal_flash_ex.o(i.HAL_FLASHEx_Erase_IT), (88 bytes).
    Removing stm32l1xx_hal_flash_ex.o(i.HAL_FLASHEx_OBGetConfig), (80 bytes).
    Removing stm32l1xx_hal_flash_ex.o(i.HAL_FLASHEx_OBProgram), (240 bytes).
    Removing stm32l1xx_hal_flash_ramfunc.o(.rev16_text), (4 bytes).
    Removing stm32l1xx_hal_flash_ramfunc.o(.revsh_text), (4 bytes).
    Removing stm32l1xx_hal_flash_ramfunc.o(.rrx_text), (6 bytes).
    Removing stm32l1xx_hal_flash_ramfunc.o(i.FLASHRAM_SetErrorCode), (92 bytes).
    Removing stm32l1xx_hal_flash_ramfunc.o(i.FLASHRAM_WaitForLastOperation), (76 bytes).
    Removing stm32l1xx_hal_flash_ramfunc.o(i.HAL_FLASHEx_DATAEEPROM_EraseDoubleWord), (84 bytes).
    Removing stm32l1xx_hal_flash_ramfunc.o(i.HAL_FLASHEx_DATAEEPROM_ProgramDoubleWord), (88 bytes).
    Removing stm32l1xx_hal_flash_ramfunc.o(i.HAL_FLASHEx_DisableRunPowerDown), (40 bytes).
    Removing stm32l1xx_hal_flash_ramfunc.o(i.HAL_FLASHEx_EnableRunPowerDown), (40 bytes).
    Removing stm32l1xx_hal_flash_ramfunc.o(i.HAL_FLASHEx_EraseParallelPage), (92 bytes).
    Removing stm32l1xx_hal_flash_ramfunc.o(i.HAL_FLASHEx_GetError), (16 bytes).
    Removing stm32l1xx_hal_flash_ramfunc.o(i.HAL_FLASHEx_HalfPageProgram), (116 bytes).
    Removing stm32l1xx_hal_flash_ramfunc.o(i.HAL_FLASHEx_ProgramParallelHalfPage), (156 bytes).
    Removing stm32l1xx_hal_gpio.o(.rev16_text), (4 bytes).
    Removing stm32l1xx_hal_gpio.o(.revsh_text), (4 bytes).
    Removing stm32l1xx_hal_gpio.o(.rrx_text), (6 bytes).
    Removing stm32l1xx_hal_gpio.o(i.HAL_GPIO_DeInit), (356 bytes).
    Removing stm32l1xx_hal_gpio.o(i.HAL_GPIO_EXTI_Callback), (2 bytes).
    Removing stm32l1xx_hal_gpio.o(i.HAL_GPIO_EXTI_IRQHandler), (24 bytes).
    Removing stm32l1xx_hal_gpio.o(i.HAL_GPIO_LockPin), (34 bytes).
    Removing stm32l1xx_hal_gpio.o(i.HAL_GPIO_ReadPin), (10 bytes).
    Removing stm32l1xx_hal_gpio.o(i.HAL_GPIO_TogglePin), (12 bytes).
    Removing stm32l1xx_hal_gpio.o(i.HAL_GPIO_WritePin), (10 bytes).
    Removing stm32l1xx_hal_dma.o(.rev16_text), (4 bytes).
    Removing stm32l1xx_hal_dma.o(.revsh_text), (4 bytes).
    Removing stm32l1xx_hal_dma.o(.rrx_text), (6 bytes).
    Removing stm32l1xx_hal_dma.o(i.DMA_SetConfig), (46 bytes).
    Removing stm32l1xx_hal_dma.o(i.HAL_DMA_Abort), (74 bytes).
    Removing stm32l1xx_hal_dma.o(i.HAL_DMA_Abort_IT), (78 bytes).
    Removing stm32l1xx_hal_dma.o(i.HAL_DMA_DeInit), (116 bytes).
    Removing stm32l1xx_hal_dma.o(i.HAL_DMA_GetError), (4 bytes).
    Removing stm32l1xx_hal_dma.o(i.HAL_DMA_GetState), (6 bytes).
    Removing stm32l1xx_hal_dma.o(i.HAL_DMA_IRQHandler), (186 bytes).
    Removing stm32l1xx_hal_dma.o(i.HAL_DMA_Init), (124 bytes).
    Removing stm32l1xx_hal_dma.o(i.HAL_DMA_PollForTransfer), (216 bytes).
    Removing stm32l1xx_hal_dma.o(i.HAL_DMA_RegisterCallback), (74 bytes).
    Removing stm32l1xx_hal_dma.o(i.HAL_DMA_Start), (80 bytes).
    Removing stm32l1xx_hal_dma.o(i.HAL_DMA_Start_IT), (112 bytes).
    Removing stm32l1xx_hal_dma.o(i.HAL_DMA_UnRegisterCallback), (82 bytes).
    Removing stm32l1xx_hal_pwr.o(.rev16_text), (4 bytes).
    Removing stm32l1xx_hal_pwr.o(.revsh_text), (4 bytes).
    Removing stm32l1xx_hal_pwr.o(.rrx_text), (6 bytes).
    Removing stm32l1xx_hal_pwr.o(i.HAL_PWR_ConfigPVD), (124 bytes).
    Removing stm32l1xx_hal_pwr.o(i.HAL_PWR_DeInit), (24 bytes).
    Removing stm32l1xx_hal_pwr.o(i.HAL_PWR_DisableBkUpAccess), (28 bytes).
    Removing stm32l1xx_hal_pwr.o(i.HAL_PWR_DisablePVD), (24 bytes).
    Removing stm32l1xx_hal_pwr.o(i.HAL_PWR_DisableSEVOnPend), (16 bytes).
    Removing stm32l1xx_hal_pwr.o(i.HAL_PWR_DisableSleepOnExit), (16 bytes).
    Removing stm32l1xx_hal_pwr.o(i.HAL_PWR_DisableWakeUpPin), (28 bytes).
    Removing stm32l1xx_hal_pwr.o(i.HAL_PWR_EnableBkUpAccess), (24 bytes).
    Removing stm32l1xx_hal_pwr.o(i.HAL_PWR_EnablePVD), (24 bytes).
    Removing stm32l1xx_hal_pwr.o(i.HAL_PWR_EnableSEVOnPend), (16 bytes).
    Removing stm32l1xx_hal_pwr.o(i.HAL_PWR_EnableSleepOnExit), (16 bytes).
    Removing stm32l1xx_hal_pwr.o(i.HAL_PWR_EnableWakeUpPin), (28 bytes).
    Removing stm32l1xx_hal_pwr.o(i.HAL_PWR_EnterSLEEPMode), (48 bytes).
    Removing stm32l1xx_hal_pwr.o(i.HAL_PWR_EnterSTANDBYMode), (32 bytes).
    Removing stm32l1xx_hal_pwr.o(i.HAL_PWR_EnterSTOPMode), (56 bytes).
    Removing stm32l1xx_hal_pwr.o(i.HAL_PWR_PVDCallback), (2 bytes).
    Removing stm32l1xx_hal_pwr.o(i.HAL_PWR_PVD_IRQHandler), (28 bytes).
    Removing stm32l1xx_hal_pwr_ex.o(.rev16_text), (4 bytes).
    Removing stm32l1xx_hal_pwr_ex.o(.revsh_text), (4 bytes).
    Removing stm32l1xx_hal_pwr_ex.o(.rrx_text), (6 bytes).
    Removing stm32l1xx_hal_pwr_ex.o(i.HAL_PWREx_DisableFastWakeUp), (28 bytes).
    Removing stm32l1xx_hal_pwr_ex.o(i.HAL_PWREx_DisableLowPowerRunMode), (44 bytes).
    Removing stm32l1xx_hal_pwr_ex.o(i.HAL_PWREx_DisableUltraLowPower), (28 bytes).
    Removing stm32l1xx_hal_pwr_ex.o(i.HAL_PWREx_EnableFastWakeUp), (24 bytes).
    Removing stm32l1xx_hal_pwr_ex.o(i.HAL_PWREx_EnableLowPowerRunMode), (36 bytes).
    Removing stm32l1xx_hal_pwr_ex.o(i.HAL_PWREx_EnableUltraLowPower), (24 bytes).
    Removing stm32l1xx_hal_pwr_ex.o(i.HAL_PWREx_GetVoltageRange), (16 bytes).
    Removing stm32l1xx_hal_cortex.o(.rev16_text), (4 bytes).
    Removing stm32l1xx_hal_cortex.o(.revsh_text), (4 bytes).
    Removing stm32l1xx_hal_cortex.o(.rrx_text), (6 bytes).
    Removing stm32l1xx_hal_cortex.o(i.HAL_MPU_ConfigRegion), (84 bytes).
    Removing stm32l1xx_hal_cortex.o(i.HAL_MPU_Disable), (16 bytes).
    Removing stm32l1xx_hal_cortex.o(i.HAL_MPU_Enable), (24 bytes).
    Removing stm32l1xx_hal_cortex.o(i.HAL_NVIC_ClearPendingIRQ), (26 bytes).
    Removing stm32l1xx_hal_cortex.o(i.HAL_NVIC_DisableIRQ), (34 bytes).
    Removing stm32l1xx_hal_cortex.o(i.HAL_NVIC_EnableIRQ), (26 bytes).
    Removing stm32l1xx_hal_cortex.o(i.HAL_NVIC_GetActive), (36 bytes).
    Removing stm32l1xx_hal_cortex.o(i.HAL_NVIC_GetPendingIRQ), (36 bytes).
    Removing stm32l1xx_hal_cortex.o(i.HAL_NVIC_GetPriority), (82 bytes).
    Removing stm32l1xx_hal_cortex.o(i.HAL_NVIC_GetPriorityGrouping), (16 bytes).
    Removing stm32l1xx_hal_cortex.o(i.HAL_NVIC_SetPendingIRQ), (26 bytes).
    Removing stm32l1xx_hal_cortex.o(i.HAL_NVIC_SystemReset), (36 bytes).
    Removing stm32l1xx_hal_cortex.o(i.HAL_SYSTICK_CLKSourceConfig), (24 bytes).
    Removing stm32l1xx_hal_cortex.o(i.HAL_SYSTICK_Callback), (2 bytes).
    Removing stm32l1xx_hal_cortex.o(i.HAL_SYSTICK_IRQHandler), (8 bytes).
    Removing stm32l1xx_hal_tim.o(.rev16_text), (4 bytes).
    Removing stm32l1xx_hal_tim.o(.revsh_text), (4 bytes).
    Removing stm32l1xx_hal_tim.o(.rrx_text), (6 bytes).
    Removing stm32l1xx_hal_tim_ex.o(.rev16_text), (4 bytes).
    Removing stm32l1xx_hal_tim_ex.o(.revsh_text), (4 bytes).
    Removing stm32l1xx_hal_tim_ex.o(.rrx_text), (6 bytes).
    Removing stm32l1xx_hal_uart.o(.rev16_text), (4 bytes).
    Removing stm32l1xx_hal_uart.o(.revsh_text), (4 bytes).
    Removing stm32l1xx_hal_uart.o(.rrx_text), (6 bytes).
    Removing stm32l1xx_hal_uart.o(i.HAL_HalfDuplex_EnableReceiver), (50 bytes).
    Removing stm32l1xx_hal_uart.o(i.HAL_HalfDuplex_EnableTransmitter), (50 bytes).
    Removing stm32l1xx_hal_uart.o(i.HAL_HalfDuplex_Init), (108 bytes).
    Removing stm32l1xx_hal_uart.o(i.HAL_LIN_Init), (128 bytes).
    Removing stm32l1xx_hal_uart.o(i.HAL_LIN_SendBreak), (46 bytes).
    Removing stm32l1xx_hal_uart.o(i.HAL_MultiProcessor_EnterMuteMode), (46 bytes).
    Removing stm32l1xx_hal_uart.o(i.HAL_MultiProcessor_ExitMuteMode), (46 bytes).
    Removing stm32l1xx_hal_uart.o(i.HAL_MultiProcessor_Init), (142 bytes).
    Removing stm32l1xx_hal_uart.o(i.HAL_UART_Abort), (138 bytes).
    Removing stm32l1xx_hal_uart.o(i.HAL_UART_AbortCpltCallback), (2 bytes).
    Removing stm32l1xx_hal_uart.o(i.HAL_UART_AbortReceive), (88 bytes).
    Removing stm32l1xx_hal_uart.o(i.HAL_UART_AbortReceiveCpltCallback), (2 bytes).
    Removing stm32l1xx_hal_uart.o(i.HAL_UART_AbortReceive_IT), (92 bytes).
    Removing stm32l1xx_hal_uart.o(i.HAL_UART_AbortTransmit), (78 bytes).
    Removing stm32l1xx_hal_uart.o(i.HAL_UART_AbortTransmitCpltCallback), (2 bytes).
    Removing stm32l1xx_hal_uart.o(i.HAL_UART_AbortTransmit_IT), (84 bytes).
    Removing stm32l1xx_hal_uart.o(i.HAL_UART_Abort_IT), (172 bytes).
    Removing stm32l1xx_hal_uart.o(i.HAL_UART_DMAPause), (102 bytes).
    Removing stm32l1xx_hal_uart.o(i.HAL_UART_DMAResume), (94 bytes).
    Removing stm32l1xx_hal_uart.o(i.HAL_UART_DMAStop), (88 bytes).
    Removing stm32l1xx_hal_uart.o(i.HAL_UART_DeInit), (50 bytes).
    Removing stm32l1xx_hal_uart.o(i.HAL_UART_ErrorCallback), (2 bytes).
    Removing stm32l1xx_hal_uart.o(i.HAL_UART_GetError), (4 bytes).
    Removing stm32l1xx_hal_uart.o(i.HAL_UART_GetState), (10 bytes).
    Removing stm32l1xx_hal_uart.o(i.HAL_UART_IRQHandler), (272 bytes).
    Removing stm32l1xx_hal_uart.o(i.HAL_UART_MspDeInit), (2 bytes).
    Removing stm32l1xx_hal_uart.o(i.HAL_UART_MspInit), (2 bytes).
    Removing stm32l1xx_hal_uart.o(i.HAL_UART_Receive), (184 bytes).
    Removing stm32l1xx_hal_uart.o(i.HAL_UART_Receive_DMA), (152 bytes).
    Removing stm32l1xx_hal_uart.o(i.HAL_UART_Receive_IT), (82 bytes).
    Removing stm32l1xx_hal_uart.o(i.HAL_UART_RxCpltCallback), (2 bytes).
    Removing stm32l1xx_hal_uart.o(i.HAL_UART_RxHalfCpltCallback), (2 bytes).
    Removing stm32l1xx_hal_uart.o(i.HAL_UART_Transmit), (186 bytes).
    Removing stm32l1xx_hal_uart.o(i.HAL_UART_Transmit_DMA), (128 bytes).
    Removing stm32l1xx_hal_uart.o(i.HAL_UART_Transmit_IT), (62 bytes).
    Removing stm32l1xx_hal_uart.o(i.HAL_UART_TxCpltCallback), (2 bytes).
    Removing stm32l1xx_hal_uart.o(i.HAL_UART_TxHalfCpltCallback), (2 bytes).
    Removing stm32l1xx_hal_uart.o(i.UART_DMAAbortOnError), (16 bytes).
    Removing stm32l1xx_hal_uart.o(i.UART_DMAError), (74 bytes).
    Removing stm32l1xx_hal_uart.o(i.UART_DMAReceiveCplt), (60 bytes).
    Removing stm32l1xx_hal_uart.o(i.UART_DMARxAbortCallback), (42 bytes).
    Removing stm32l1xx_hal_uart.o(i.UART_DMARxHalfCplt), (10 bytes).
    Removing stm32l1xx_hal_uart.o(i.UART_DMARxOnlyAbortCallback), (20 bytes).
    Removing stm32l1xx_hal_uart.o(i.UART_DMATransmitCplt), (46 bytes).
    Removing stm32l1xx_hal_uart.o(i.UART_DMATxAbortCallback), (42 bytes).
    Removing stm32l1xx_hal_uart.o(i.UART_DMATxHalfCplt), (10 bytes).
    Removing stm32l1xx_hal_uart.o(i.UART_DMATxOnlyAbortCallback), (20 bytes).
    Removing stm32l1xx_hal_uart.o(i.UART_EndRxTransfer), (28 bytes).
    Removing stm32l1xx_hal_uart.o(i.UART_EndTxTransfer), (18 bytes).
    Removing stm32l1xx_hal_uart.o(i.UART_Receive_IT), (150 bytes).
    Removing stm32l1xx_hal_uart.o(i.UART_Transmit_IT), (98 bytes).
    Removing stm32l1xx_hal_uart.o(i.UART_WaitOnFlagUntilTimeout), (100 bytes).
    Removing system_stm32l1xx.o(.rev16_text), (4 bytes).
    Removing system_stm32l1xx.o(.revsh_text), (4 bytes).
    Removing system_stm32l1xx.o(.rrx_text), (6 bytes).
    Removing system_stm32l1xx.o(i.SystemCoreClockUpdate), (144 bytes).

283 unused section(s) (total 14512 bytes) removed from the image.

==============================================================================

Image Symbol Table

    Local Symbols

    Symbol Name                              Value     Ov Type        Size  Object(Section)

    ../Drivers/STM32L1xx_HAL_Driver/Src/stm32l1xx_hal.c 0x00000000   Number         0  stm32l1xx_hal.o ABSOLUTE
    ../Drivers/STM32L1xx_HAL_Driver/Src/stm32l1xx_hal_adc.c 0x00000000   Number         0  stm32l1xx_hal_adc.o ABSOLUTE
    ../Drivers/STM32L1xx_HAL_Driver/Src/stm32l1xx_hal_adc_ex.c 0x00000000   Number         0  stm32l1xx_hal_adc_ex.o ABSOLUTE
    ../Drivers/STM32L1xx_HAL_Driver/Src/stm32l1xx_hal_cortex.c 0x00000000   Number         0  stm32l1xx_hal_cortex.o ABSOLUTE
    ../Drivers/STM32L1xx_HAL_Driver/Src/stm32l1xx_hal_dma.c 0x00000000   Number         0  stm32l1xx_hal_dma.o ABSOLUTE
    ../Drivers/STM32L1xx_HAL_Driver/Src/stm32l1xx_hal_flash.c 0x00000000   Number         0  stm32l1xx_hal_flash.o ABSOLUTE
    ../Drivers/STM32L1xx_HAL_Driver/Src/stm32l1xx_hal_flash_ex.c 0x00000000   Number         0  stm32l1xx_hal_flash_ex.o ABSOLUTE
    ../Drivers/STM32L1xx_HAL_Driver/Src/stm32l1xx_hal_flash_ramfunc.c 0x00000000   Number         0  stm32l1xx_hal_flash_ramfunc.o ABSOLUTE
    ../Drivers/STM32L1xx_HAL_Driver/Src/stm32l1xx_hal_gpio.c 0x00000000   Number         0  stm32l1xx_hal_gpio.o ABSOLUTE
    ../Drivers/STM32L1xx_HAL_Driver/Src/stm32l1xx_hal_pwr.c 0x00000000   Number         0  stm32l1xx_hal_pwr.o ABSOLUTE
    ../Drivers/STM32L1xx_HAL_Driver/Src/stm32l1xx_hal_pwr_ex.c 0x00000000   Number         0  stm32l1xx_hal_pwr_ex.o ABSOLUTE
    ../Drivers/STM32L1xx_HAL_Driver/Src/stm32l1xx_hal_rcc.c 0x00000000   Number         0  stm32l1xx_hal_rcc.o ABSOLUTE
    ../Drivers/STM32L1xx_HAL_Driver/Src/stm32l1xx_hal_rcc_ex.c 0x00000000   Number         0  stm32l1xx_hal_rcc_ex.o ABSOLUTE
    ../Drivers/STM32L1xx_HAL_Driver/Src/stm32l1xx_hal_tim.c 0x00000000   Number         0  stm32l1xx_hal_tim.o ABSOLUTE
    ../Drivers/STM32L1xx_HAL_Driver/Src/stm32l1xx_hal_tim_ex.c 0x00000000   Number         0  stm32l1xx_hal_tim_ex.o ABSOLUTE
    ../Drivers/STM32L1xx_HAL_Driver/Src/stm32l1xx_hal_uart.c 0x00000000   Number         0  stm32l1xx_hal_uart.o ABSOLUTE
    ../Src/main.c                            0x00000000   Number         0  main.o ABSOLUTE
    ../Src/stm32l1xx_hal_msp.c               0x00000000   Number         0  stm32l1xx_hal_msp.o ABSOLUTE
    ../Src/stm32l1xx_it.c                    0x00000000   Number         0  stm32l1xx_it.o ABSOLUTE
    ../Src/system_stm32l1xx.c                0x00000000   Number         0  system_stm32l1xx.o ABSOLUTE
    ../clib/microlib/init/entry.s            0x00000000   Number         0  entry2.o ABSOLUTE
    ../clib/microlib/init/entry.s            0x00000000   Number         0  entry9b.o ABSOLUTE
    ../clib/microlib/init/entry.s            0x00000000   Number         0  entry9a.o ABSOLUTE
    ../clib/microlib/init/entry.s            0x00000000   Number         0  entry8b.o ABSOLUTE
    ../clib/microlib/init/entry.s            0x00000000   Number         0  entry8a.o ABSOLUTE
    ../clib/microlib/init/entry.s            0x00000000   Number         0  entry11b.o ABSOLUTE
    ../clib/microlib/init/entry.s            0x00000000   Number         0  entry7b.o ABSOLUTE
    ../clib/microlib/init/entry.s            0x00000000   Number         0  entry7a.o ABSOLUTE
    ../clib/microlib/init/entry.s            0x00000000   Number         0  entry.o ABSOLUTE
    ../clib/microlib/init/entry.s            0x00000000   Number         0  entry5.o ABSOLUTE
    ../clib/microlib/init/entry.s            0x00000000   Number         0  entry11a.o ABSOLUTE
    ../clib/microlib/init/entry.s            0x00000000   Number         0  entry10b.o ABSOLUTE
    ../clib/microlib/init/entry.s            0x00000000   Number         0  entry10a.o ABSOLUTE
    ../clib/microlib/longlong.c              0x00000000   Number         0  llshl.o ABSOLUTE
    ../clib/microlib/longlong.c              0x00000000   Number         0  llushr.o ABSOLUTE
    ../clib/microlib/string/memset.c         0x00000000   Number         0  memseta.o ABSOLUTE
    ../clib/microlib/stubs.s                 0x00000000   Number         0  iusefp.o ABSOLUTE
    ../fplib/microlib/fpdiv.c                0x00000000   Number         0  ddiv.o ABSOLUTE
    ../fplib/microlib/fpepilogue.c           0x00000000   Number         0  depilogue.o ABSOLUTE
    ../fplib/microlib/fpflt.c                0x00000000   Number         0  dfltui.o ABSOLUTE
    ../fplib/microlib/fpmul.c                0x00000000   Number         0  dmul.o ABSOLUTE
    ..\Drivers\STM32L1xx_HAL_Driver\Src\stm32l1xx_hal.c 0x00000000   Number         0  stm32l1xx_hal.o ABSOLUTE
    ..\Drivers\STM32L1xx_HAL_Driver\Src\stm32l1xx_hal_adc.c 0x00000000   Number         0  stm32l1xx_hal_adc.o ABSOLUTE
    ..\Drivers\STM32L1xx_HAL_Driver\Src\stm32l1xx_hal_adc_ex.c 0x00000000   Number         0  stm32l1xx_hal_adc_ex.o ABSOLUTE
    ..\Drivers\STM32L1xx_HAL_Driver\Src\stm32l1xx_hal_cortex.c 0x00000000   Number         0  stm32l1xx_hal_cortex.o ABSOLUTE
    ..\Drivers\STM32L1xx_HAL_Driver\Src\stm32l1xx_hal_dma.c 0x00000000   Number         0  stm32l1xx_hal_dma.o ABSOLUTE
    ..\Drivers\STM32L1xx_HAL_Driver\Src\stm32l1xx_hal_flash.c 0x00000000   Number         0  stm32l1xx_hal_flash.o ABSOLUTE
    ..\Drivers\STM32L1xx_HAL_Driver\Src\stm32l1xx_hal_flash_ex.c 0x00000000   Number         0  stm32l1xx_hal_flash_ex.o ABSOLUTE
    ..\Drivers\STM32L1xx_HAL_Driver\Src\stm32l1xx_hal_flash_ramfunc.c 0x00000000   Number         0  stm32l1xx_hal_flash_ramfunc.o ABSOLUTE
    ..\Drivers\STM32L1xx_HAL_Driver\Src\stm32l1xx_hal_gpio.c 0x00000000   Number         0  stm32l1xx_hal_gpio.o ABSOLUTE
    ..\Drivers\STM32L1xx_HAL_Driver\Src\stm32l1xx_hal_pwr.c 0x00000000   Number         0  stm32l1xx_hal_pwr.o ABSOLUTE
    ..\Drivers\STM32L1xx_HAL_Driver\Src\stm32l1xx_hal_pwr_ex.c 0x00000000   Number         0  stm32l1xx_hal_pwr_ex.o ABSOLUTE
    ..\Drivers\STM32L1xx_HAL_Driver\Src\stm32l1xx_hal_rcc.c 0x00000000   Number         0  stm32l1xx_hal_rcc.o ABSOLUTE
    ..\Drivers\STM32L1xx_HAL_Driver\Src\stm32l1xx_hal_rcc_ex.c 0x00000000   Number         0  stm32l1xx_hal_rcc_ex.o ABSOLUTE
    ..\Drivers\STM32L1xx_HAL_Driver\Src\stm32l1xx_hal_tim.c 0x00000000   Number         0  stm32l1xx_hal_tim.o ABSOLUTE
    ..\Drivers\STM32L1xx_HAL_Driver\Src\stm32l1xx_hal_tim_ex.c 0x00000000   Number         0  stm32l1xx_hal_tim_ex.o ABSOLUTE
    ..\Drivers\STM32L1xx_HAL_Driver\Src\stm32l1xx_hal_uart.c 0x00000000   Number         0  stm32l1xx_hal_uart.o ABSOLUTE
    ..\Src\main.c                            0x00000000   Number         0  main.o ABSOLUTE
    ..\Src\stm32l1xx_hal_msp.c               0x00000000   Number         0  stm32l1xx_hal_msp.o ABSOLUTE
    ..\Src\stm32l1xx_it.c                    0x00000000   Number         0  stm32l1xx_it.o ABSOLUTE
    ..\Src\system_stm32l1xx.c                0x00000000   Number         0  system_stm32l1xx.o ABSOLUTE
    dc.s                                     0x00000000   Number         0  dc.o ABSOLUTE
    handlers.s                               0x00000000   Number         0  handlers.o ABSOLUTE
    init.s                                   0x00000000   Number         0  init.o ABSOLUTE
    startup_stm32l152xe.s                    0x00000000   Number         0  startup_stm32l152xe.o ABSOLUTE
    RESET                                    0x08000000   Section      292  startup_stm32l152xe.o(RESET)
    .ARM.Collect$$$$00000000                 0x08000124   Section        0  entry.o(.ARM.Collect$$$$00000000)
    .ARM.Collect$$$$00000001                 0x08000124   Section        4  entry2.o(.ARM.Collect$$$$00000001)
    .ARM.Collect$$$$00000004                 0x08000128   Section        4  entry5.o(.ARM.Collect$$$$00000004)
    .ARM.Collect$$$$00000008                 0x0800012c   Section        0  entry7b.o(.ARM.Collect$$$$00000008)
    .ARM.Collect$$$$0000000A                 0x0800012c   Section        0  entry8b.o(.ARM.Collect$$$$0000000A)
    .ARM.Collect$$$$0000000B                 0x0800012c   Section        8  entry9a.o(.ARM.Collect$$$$0000000B)
    .ARM.Collect$$$$0000000D                 0x08000134   Section        0  entry10a.o(.ARM.Collect$$$$0000000D)
    .ARM.Collect$$$$0000000F                 0x08000134   Section        0  entry11a.o(.ARM.Collect$$$$0000000F)
    .ARM.Collect$$$$00002712                 0x08000134   Section        4  entry2.o(.ARM.Collect$$$$00002712)
    __lit__00000000                          0x08000134   Data           4  entry2.o(.ARM.Collect$$$$00002712)
    .text                                    0x08000138   Section       36  startup_stm32l152xe.o(.text)
    .text                                    0x0800015c   Section        0  memseta.o(.text)
    .text                                    0x08000180   Section        0  dmul.o(.text)
    .text                                    0x08000264   Section        0  ddiv.o(.text)
    .text                                    0x08000342   Section        0  dfltui.o(.text)
    .text                                    0x0800035c   Section        0  iusefp.o(.text)
    .text                                    0x0800035c   Section        0  depilogue.o(.text)
    .text                                    0x08000418   Section       36  init.o(.text)
    .text                                    0x0800043c   Section        0  llshl.o(.text)
    .text                                    0x0800045a   Section        0  llushr.o(.text)
    i.ADC_Enable                             0x0800047c   Section        0  stm32l1xx_hal_adc.o(i.ADC_Enable)
    i.BusFault_Handler                       0x080004f0   Section        0  stm32l1xx_it.o(i.BusFault_Handler)
    i.DebugMon_Handler                       0x080004f2   Section        0  stm32l1xx_it.o(i.DebugMon_Handler)
    i.HAL_ADC_ConfigChannel                  0x080004f4   Section        0  stm32l1xx_hal_adc.o(i.HAL_ADC_ConfigChannel)
    i.HAL_ADC_GetValue                       0x08000650   Section        0  stm32l1xx_hal_adc.o(i.HAL_ADC_GetValue)
    i.HAL_ADC_Init                           0x08000658   Section        0  stm32l1xx_hal_adc.o(i.HAL_ADC_Init)
    i.HAL_ADC_MspInit                        0x080007f8   Section        0  stm32l1xx_hal_msp.o(i.HAL_ADC_MspInit)
    i.HAL_ADC_PollForConversion              0x08000858   Section        0  stm32l1xx_hal_adc.o(i.HAL_ADC_PollForConversion)
    i.HAL_ADC_Start                          0x08000900   Section        0  stm32l1xx_hal_adc.o(i.HAL_ADC_Start)
    i.HAL_GPIO_Init                          0x08000978   Section        0  stm32l1xx_hal_gpio.o(i.HAL_GPIO_Init)
    i.HAL_GetTick                            0x08000b28   Section        0  stm32l1xx_hal.o(i.HAL_GetTick)
    i.HAL_IncTick                            0x08000b34   Section        0  stm32l1xx_hal.o(i.HAL_IncTick)
    i.HAL_Init                               0x08000b44   Section        0  stm32l1xx_hal.o(i.HAL_Init)
    i.HAL_InitTick                           0x08000b64   Section        0  stm32l1xx_hal.o(i.HAL_InitTick)
    i.HAL_MspInit                            0x08000ba8   Section        0  stm32l1xx_hal_msp.o(i.HAL_MspInit)
    i.HAL_NVIC_SetPriority                   0x08000be4   Section        0  stm32l1xx_hal_cortex.o(i.HAL_NVIC_SetPriority)
    i.HAL_NVIC_SetPriorityGrouping           0x08000c24   Section        0  stm32l1xx_hal_cortex.o(i.HAL_NVIC_SetPriorityGrouping)
    i.HAL_RCC_ClockConfig                    0x08000c48   Section        0  stm32l1xx_hal_rcc.o(i.HAL_RCC_ClockConfig)
    i.HAL_RCC_GetPCLK1Freq                   0x08000dec   Section        0  stm32l1xx_hal_rcc.o(i.HAL_RCC_GetPCLK1Freq)
    i.HAL_RCC_GetPCLK2Freq                   0x08000e0c   Section        0  stm32l1xx_hal_rcc.o(i.HAL_RCC_GetPCLK2Freq)
    i.HAL_RCC_GetSysClockFreq                0x08000e2c   Section        0  stm32l1xx_hal_rcc.o(i.HAL_RCC_GetSysClockFreq)
    i.HAL_RCC_OscConfig                      0x08000e8c   Section        0  stm32l1xx_hal_rcc.o(i.HAL_RCC_OscConfig)
    i.HAL_SYSTICK_Config                     0x080012b4   Section        0  stm32l1xx_hal_cortex.o(i.HAL_SYSTICK_Config)
    i.HAL_UART_Init                          0x080012dc   Section        0  stm32l1xx_hal_uart.o(i.HAL_UART_Init)
    i.HAL_UART_MspInit                       0x08001340   Section        0  stm32l1xx_hal_msp.o(i.HAL_UART_MspInit)
    i.HardFault_Handler                      0x080013a8   Section        0  stm32l1xx_it.o(i.HardFault_Handler)
    i.MX_ADC_Init                            0x080013ac   Section        0  main.o(i.MX_ADC_Init)
    MX_ADC_Init                              0x080013ad   Thumb Code    84  main.o(i.MX_ADC_Init)
    i.MemManage_Handler                      0x08001408   Section        0  stm32l1xx_it.o(i.MemManage_Handler)
    i.NMI_Handler                            0x0800140a   Section        0  stm32l1xx_it.o(i.NMI_Handler)
    i.PendSV_Handler                         0x0800140c   Section        0  stm32l1xx_it.o(i.PendSV_Handler)
    i.RCC_SetFlashLatencyFromMSIRange        0x08001410   Section        0  stm32l1xx_hal_rcc.o(i.RCC_SetFlashLatencyFromMSIRange)
    RCC_SetFlashLatencyFromMSIRange          0x08001411   Thumb Code   116  stm32l1xx_hal_rcc.o(i.RCC_SetFlashLatencyFromMSIRange)
    i.SVC_Handler                            0x08001490   Section        0  stm32l1xx_it.o(i.SVC_Handler)
    i.SysTick_Handler                        0x08001492   Section        0  stm32l1xx_it.o(i.SysTick_Handler)
    i.SystemClock_Config                     0x08001498   Section        0  main.o(i.SystemClock_Config)
    i.SystemInit                             0x080014f8   Section        0  system_stm32l1xx.o(i.SystemInit)
    i.UART_SetConfig                         0x08001548   Section        0  stm32l1xx_hal_uart.o(i.UART_SetConfig)
    UART_SetConfig                           0x08001549   Thumb Code   300  stm32l1xx_hal_uart.o(i.UART_SetConfig)
    i.UsageFault_Handler                     0x08001678   Section        0  stm32l1xx_it.o(i.UsageFault_Handler)
    i.__NVIC_SetPriority                     0x0800167a   Section        0  stm32l1xx_hal_cortex.o(i.__NVIC_SetPriority)
    __NVIC_SetPriority                       0x0800167b   Thumb Code    32  stm32l1xx_hal_cortex.o(i.__NVIC_SetPriority)
    i.__scatterload_copy                     0x0800169a   Section       14  handlers.o(i.__scatterload_copy)
    i.__scatterload_null                     0x080016a8   Section        2  handlers.o(i.__scatterload_null)
    i.__scatterload_zeroinit                 0x080016aa   Section       14  handlers.o(i.__scatterload_zeroinit)
    i.main                                   0x080016b8   Section        0  main.o(i.main)
    .constdata                               0x08001758   Section       25  system_stm32l1xx.o(.constdata)
    .constdata                               0x08001771   Section        8  system_stm32l1xx.o(.constdata)
    .data                                    0x20000000   Section       16  main.o(.data)
    .data                                    0x20000010   Section       12  stm32l1xx_hal.o(.data)
    .data                                    0x2000001c   Section        4  system_stm32l1xx.o(.data)
    .bss                                     0x20000020   Section      148  main.o(.bss)
    STACK                                    0x200000b8   Section     1024  startup_stm32l152xe.o(STACK)

    Global Symbols

    Symbol Name                              Value     Ov Type        Size  Object(Section)

    BuildAttributes$$THM_ISAv4$P$D$K$B$S$PE$A:L22UL41UL21$X:L11$S22US41US21$IEEE1$IW$USESV6$~STKCKD$USESV7$~SHL$OSPACE$ROPI$EBA8$MICROLIB$REQ8$PRES8$EABIv2 0x00000000   Number         0  anon$$obj.o ABSOLUTE
    __ARM_use_no_argv                        0x00000000   Number         0  main.o ABSOLUTE
    __cpp_initialize__aeabi_                  - Undefined Weak Reference
    __cxa_finalize                            - Undefined Weak Reference
    __decompress                              - Undefined Weak Reference
    _clock_init                               - Undefined Weak Reference
    _microlib_exit                            - Undefined Weak Reference
    __Vectors_Size                           0x00000124   Number         0  startup_stm32l152xe.o ABSOLUTE
    __Vectors                                0x08000000   Data           4  startup_stm32l152xe.o(RESET)
    __Vectors_End                            0x08000124   Data           0  startup_stm32l152xe.o(RESET)
    __main                                   0x08000125   Thumb Code     0  entry.o(.ARM.Collect$$$$00000000)
    _main_stk                                0x08000125   Thumb Code     0  entry2.o(.ARM.Collect$$$$00000001)
    _main_scatterload                        0x08000129   Thumb Code     0  entry5.o(.ARM.Collect$$$$00000004)
    __main_after_scatterload                 0x0800012d   Thumb Code     0  entry5.o(.ARM.Collect$$$$00000004)
    _main_clock                              0x0800012d   Thumb Code     0  entry7b.o(.ARM.Collect$$$$00000008)
    _main_cpp_init                           0x0800012d   Thumb Code     0  entry8b.o(.ARM.Collect$$$$0000000A)
    _main_init                               0x0800012d   Thumb Code     0  entry9a.o(.ARM.Collect$$$$0000000B)
    __rt_final_cpp                           0x08000135   Thumb Code     0  entry10a.o(.ARM.Collect$$$$0000000D)
    __rt_final_exit                          0x08000135   Thumb Code     0  entry11a.o(.ARM.Collect$$$$0000000F)
    Reset_Handler                            0x08000139   Thumb Code     8  startup_stm32l152xe.o(.text)
    ADC1_IRQHandler                          0x08000153   Thumb Code     0  startup_stm32l152xe.o(.text)
    COMP_ACQ_IRQHandler                      0x08000153   Thumb Code     0  startup_stm32l152xe.o(.text)
    COMP_IRQHandler                          0x08000153   Thumb Code     0  startup_stm32l152xe.o(.text)
    DAC_IRQHandler                           0x08000153   Thumb Code     0  startup_stm32l152xe.o(.text)
    DMA1_Channel1_IRQHandler                 0x08000153   Thumb Code     0  startup_stm32l152xe.o(.text)
    DMA1_Channel2_IRQHandler                 0x08000153   Thumb Code     0  startup_stm32l152xe.o(.text)
    DMA1_Channel3_IRQHandler                 0x08000153   Thumb Code     0  startup_stm32l152xe.o(.text)
    DMA1_Channel4_IRQHandler                 0x08000153   Thumb Code     0  startup_stm32l152xe.o(.text)
    DMA1_Channel5_IRQHandler                 0x08000153   Thumb Code     0  startup_stm32l152xe.o(.text)
    DMA1_Channel6_IRQHandler                 0x08000153   Thumb Code     0  startup_stm32l152xe.o(.text)
    DMA1_Channel7_IRQHandler                 0x08000153   Thumb Code     0  startup_stm32l152xe.o(.text)
    DMA2_Channel1_IRQHandler                 0x08000153   Thumb Code     0  startup_stm32l152xe.o(.text)
    DMA2_Channel2_IRQHandler                 0x08000153   Thumb Code     0  startup_stm32l152xe.o(.text)
    DMA2_Channel3_IRQHandler                 0x08000153   Thumb Code     0  startup_stm32l152xe.o(.text)
    DMA2_Channel4_IRQHandler                 0x08000153   Thumb Code     0  startup_stm32l152xe.o(.text)
    DMA2_Channel5_IRQHandler                 0x08000153   Thumb Code     0  startup_stm32l152xe.o(.text)
    EXTI0_IRQHandler                         0x08000153   Thumb Code     0  startup_stm32l152xe.o(.text)
    EXTI15_10_IRQHandler                     0x08000153   Thumb Code     0  startup_stm32l152xe.o(.text)
    EXTI1_IRQHandler                         0x08000153   Thumb Code     0  startup_stm32l152xe.o(.text)
    EXTI2_IRQHandler                         0x08000153   Thumb Code     0  startup_stm32l152xe.o(.text)
    EXTI3_IRQHandler                         0x08000153   Thumb Code     0  startup_stm32l152xe.o(.text)
    EXTI4_IRQHandler                         0x08000153   Thumb Code     0  startup_stm32l152xe.o(.text)
    EXTI9_5_IRQHandler                       0x08000153   Thumb Code     0  startup_stm32l152xe.o(.text)
    FLASH_IRQHandler                         0x08000153   Thumb Code     0  startup_stm32l152xe.o(.text)
    I2C1_ER_IRQHandler                       0x08000153   Thumb Code     0  startup_stm32l152xe.o(.text)
    I2C1_EV_IRQHandler                       0x08000153   Thumb Code     0  startup_stm32l152xe.o(.text)
    I2C2_ER_IRQHandler                       0x08000153   Thumb Code     0  startup_stm32l152xe.o(.text)
    I2C2_EV_IRQHandler                       0x08000153   Thumb Code     0  startup_stm32l152xe.o(.text)
    LCD_IRQHandler                           0x08000153   Thumb Code     0  startup_stm32l152xe.o(.text)
    PVD_IRQHandler                           0x08000153   Thumb Code     0  startup_stm32l152xe.o(.text)
    RCC_IRQHandler                           0x08000153   Thumb Code     0  startup_stm32l152xe.o(.text)
    RTC_Alarm_IRQHandler                     0x08000153   Thumb Code     0  startup_stm32l152xe.o(.text)
    RTC_WKUP_IRQHandler                      0x08000153   Thumb Code     0  startup_stm32l152xe.o(.text)
    SPI1_IRQHandler                          0x08000153   Thumb Code     0  startup_stm32l152xe.o(.text)
    SPI2_IRQHandler                          0x08000153   Thumb Code     0  startup_stm32l152xe.o(.text)
    SPI3_IRQHandler                          0x08000153   Thumb Code     0  startup_stm32l152xe.o(.text)
    TAMPER_STAMP_IRQHandler                  0x08000153   Thumb Code     0  startup_stm32l152xe.o(.text)
    TIM10_IRQHandler                         0x08000153   Thumb Code     0  startup_stm32l152xe.o(.text)
    TIM11_IRQHandler                         0x08000153   Thumb Code     0  startup_stm32l152xe.o(.text)
    TIM2_IRQHandler                          0x08000153   Thumb Code     0  startup_stm32l152xe.o(.text)
    TIM3_IRQHandler                          0x08000153   Thumb Code     0  startup_stm32l152xe.o(.text)
    TIM4_IRQHandler                          0x08000153   Thumb Code     0  startup_stm32l152xe.o(.text)
    TIM5_IRQHandler                          0x08000153   Thumb Code     0  startup_stm32l152xe.o(.text)
    TIM6_IRQHandler                          0x08000153   Thumb Code     0  startup_stm32l152xe.o(.text)
    TIM7_IRQHandler                          0x08000153   Thumb Code     0  startup_stm32l152xe.o(.text)
    TIM9_IRQHandler                          0x08000153   Thumb Code     0  startup_stm32l152xe.o(.text)
    UART4_IRQHandler                         0x08000153   Thumb Code     0  startup_stm32l152xe.o(.text)
    UART5_IRQHandler                         0x08000153   Thumb Code     0  startup_stm32l152xe.o(.text)
    USART1_IRQHandler                        0x08000153   Thumb Code     0  startup_stm32l152xe.o(.text)
    USART2_IRQHandler                        0x08000153   Thumb Code     0  startup_stm32l152xe.o(.text)
    USART3_IRQHandler                        0x08000153   Thumb Code     0  startup_stm32l152xe.o(.text)
    USB_FS_WKUP_IRQHandler                   0x08000153   Thumb Code     0  startup_stm32l152xe.o(.text)
    USB_HP_IRQHandler                        0x08000153   Thumb Code     0  startup_stm32l152xe.o(.text)
    USB_LP_IRQHandler                        0x08000153   Thumb Code     0  startup_stm32l152xe.o(.text)
    WWDG_IRQHandler                          0x08000153   Thumb Code     0  startup_stm32l152xe.o(.text)
    __aeabi_memset                           0x0800015d   Thumb Code    14  memseta.o(.text)
    __aeabi_memset4                          0x0800015d   Thumb Code     0  memseta.o(.text)
    __aeabi_memset8                          0x0800015d   Thumb Code     0  memseta.o(.text)
    __aeabi_memclr                           0x0800016b   Thumb Code     4  memseta.o(.text)
    __aeabi_memclr4                          0x0800016b   Thumb Code     0  memseta.o(.text)
    __aeabi_memclr8                          0x0800016b   Thumb Code     0  memseta.o(.text)
    _memset$wrapper                          0x0800016f   Thumb Code    18  memseta.o(.text)
    __aeabi_dmul                             0x08000181   Thumb Code   228  dmul.o(.text)
    __aeabi_ddiv                             0x08000265   Thumb Code   222  ddiv.o(.text)
    __aeabi_ui2d                             0x08000343   Thumb Code    26  dfltui.o(.text)
    __I$use$fp                               0x0800035d   Thumb Code     0  iusefp.o(.text)
    _double_round                            0x0800035d   Thumb Code    30  depilogue.o(.text)
    _double_epilogue                         0x0800037b   Thumb Code   156  depilogue.o(.text)
    __scatterload                            0x08000419   Thumb Code    28  init.o(.text)
    __scatterload_rt2                        0x08000419   Thumb Code     0  init.o(.text)
    __aeabi_llsl                             0x0800043d   Thumb Code    30  llshl.o(.text)
    _ll_shift_l                              0x0800043d   Thumb Code     0  llshl.o(.text)
    __aeabi_llsr                             0x0800045b   Thumb Code    32  llushr.o(.text)
    _ll_ushift_r                             0x0800045b   Thumb Code     0  llushr.o(.text)
    ADC_Enable                               0x0800047d   Thumb Code   108  stm32l1xx_hal_adc.o(i.ADC_Enable)
    BusFault_Handler                         0x080004f1   Thumb Code     2  stm32l1xx_it.o(i.BusFault_Handler)
    DebugMon_Handler                         0x080004f3   Thumb Code     2  stm32l1xx_it.o(i.DebugMon_Handler)
    HAL_ADC_ConfigChannel                    0x080004f5   Thumb Code   334  stm32l1xx_hal_adc.o(i.HAL_ADC_ConfigChannel)
    HAL_ADC_GetValue                         0x08000651   Thumb Code     6  stm32l1xx_hal_adc.o(i.HAL_ADC_GetValue)
    HAL_ADC_Init                             0x08000659   Thumb Code   394  stm32l1xx_hal_adc.o(i.HAL_ADC_Init)
    HAL_ADC_MspInit                          0x080007f9   Thumb Code    84  stm32l1xx_hal_msp.o(i.HAL_ADC_MspInit)
    HAL_ADC_PollForConversion                0x08000859   Thumb Code   168  stm32l1xx_hal_adc.o(i.HAL_ADC_PollForConversion)
    HAL_ADC_Start                            0x08000901   Thumb Code   118  stm32l1xx_hal_adc.o(i.HAL_ADC_Start)
    HAL_GPIO_Init                            0x08000979   Thumb Code   392  stm32l1xx_hal_gpio.o(i.HAL_GPIO_Init)
    HAL_GetTick                              0x08000b29   Thumb Code     6  stm32l1xx_hal.o(i.HAL_GetTick)
    HAL_IncTick                              0x08000b35   Thumb Code    12  stm32l1xx_hal.o(i.HAL_IncTick)
    HAL_Init                                 0x08000b45   Thumb Code    30  stm32l1xx_hal.o(i.HAL_Init)
    HAL_InitTick                             0x08000b65   Thumb Code    58  stm32l1xx_hal.o(i.HAL_InitTick)
    HAL_MspInit                              0x08000ba9   Thumb Code    56  stm32l1xx_hal_msp.o(i.HAL_MspInit)
    HAL_NVIC_SetPriority                     0x08000be5   Thumb Code    60  stm32l1xx_hal_cortex.o(i.HAL_NVIC_SetPriority)
    HAL_NVIC_SetPriorityGrouping             0x08000c25   Thumb Code    26  stm32l1xx_hal_cortex.o(i.HAL_NVIC_SetPriorityGrouping)
    HAL_RCC_ClockConfig                      0x08000c49   Thumb Code   400  stm32l1xx_hal_rcc.o(i.HAL_RCC_ClockConfig)
    HAL_RCC_GetPCLK1Freq                     0x08000ded   Thumb Code    20  stm32l1xx_hal_rcc.o(i.HAL_RCC_GetPCLK1Freq)
    HAL_RCC_GetPCLK2Freq                     0x08000e0d   Thumb Code    20  stm32l1xx_hal_rcc.o(i.HAL_RCC_GetPCLK2Freq)
    HAL_RCC_GetSysClockFreq                  0x08000e2d   Thumb Code    80  stm32l1xx_hal_rcc.o(i.HAL_RCC_GetSysClockFreq)
    HAL_RCC_OscConfig                        0x08000e8d   Thumb Code  1064  stm32l1xx_hal_rcc.o(i.HAL_RCC_OscConfig)
    HAL_SYSTICK_Config                       0x080012b5   Thumb Code    40  stm32l1xx_hal_cortex.o(i.HAL_SYSTICK_Config)
    HAL_UART_Init                            0x080012dd   Thumb Code    98  stm32l1xx_hal_uart.o(i.HAL_UART_Init)
    HAL_UART_MspInit                         0x08001341   Thumb Code    92  stm32l1xx_hal_msp.o(i.HAL_UART_MspInit)
    HardFault_Handler                        0x080013a9   Thumb Code     2  stm32l1xx_it.o(i.HardFault_Handler)
    MemManage_Handler                        0x08001409   Thumb Code     2  stm32l1xx_it.o(i.MemManage_Handler)
    NMI_Handler                              0x0800140b   Thumb Code     2  stm32l1xx_it.o(i.NMI_Handler)
    PendSV_Handler                           0x0800140d   Thumb Code     2  stm32l1xx_it.o(i.PendSV_Handler)
    SVC_Handler                              0x08001491   Thumb Code     2  stm32l1xx_it.o(i.SVC_Handler)
    SysTick_Handler                          0x08001493   Thumb Code     4  stm32l1xx_it.o(i.SysTick_Handler)
    SystemClock_Config                       0x08001499   Thumb Code    90  main.o(i.SystemClock_Config)
    SystemInit                               0x080014f9   Thumb Code    62  system_stm32l1xx.o(i.SystemInit)
    UsageFault_Handler                       0x08001679   Thumb Code     2  stm32l1xx_it.o(i.UsageFault_Handler)
    __scatterload_copy                       0x0800169b   Thumb Code    14  handlers.o(i.__scatterload_copy)
    __scatterload_null                       0x080016a9   Thumb Code     2  handlers.o(i.__scatterload_null)
    __scatterload_zeroinit                   0x080016ab   Thumb Code    14  handlers.o(i.__scatterload_zeroinit)
    main                                     0x080016b9   Thumb Code   134  main.o(i.main)
    PLLMulTable                              0x08001758   Data           9  system_stm32l1xx.o(.constdata)
    AHBPrescTable                            0x08001761   Data          16  system_stm32l1xx.o(.constdata)
    APBPrescTable                            0x08001771   Data           8  system_stm32l1xx.o(.constdata)
    Region$$Table$$Base                      0x0800177c   Number         0  anon$$obj.o(Region$$Table)
    Region$$Table$$Limit                     0x0800179c   Number         0  anon$$obj.o(Region$$Table)
    adcVal0                                  0x20000000   Data           4  main.o(.data)
    adcVal1                                  0x20000008   Data           8  main.o(.data)
    uwTickPrio                               0x20000010   Data           4  stm32l1xx_hal.o(.data)
    uwTickFreq                               0x20000014   Data           4  stm32l1xx_hal.o(.data)
    uwTick                                   0x20000018   Data           4  stm32l1xx_hal.o(.data)
    SystemCoreClock                          0x2000001c   Data           4  system_stm32l1xx.o(.data)
    hadc                                     0x20000020   Data          84  main.o(.bss)
    huart2                                   0x20000074   Data          64  main.o(.bss)
    __initial_sp                             0x200004b8   Data           0  startup_stm32l152xe.o(STACK)



==============================================================================

Memory Map of the image

  Image Entry point : 0x08000125

  Load Region LR_IROM1 (Base: 0x08000000, Size: 0x000017bc, Max: 0x00080000, ABSOLUTE)

    Execution Region ER_IROM1 (Exec base: 0x08000000, Load base: 0x08000000, Size: 0x0000179c, Max: 0x00080000, ABSOLUTE)

    Exec Addr    Load Addr    Size         Type   Attr      Idx    E Section Name        Object

    0x08000000   0x08000000   0x00000124   Data   RO            3    RESET               startup_stm32l152xe.o
    0x08000124   0x08000124   0x00000000   Code   RO         2020  * .ARM.Collect$$$$00000000  mc_w.l(entry.o)
    0x08000124   0x08000124   0x00000004   Code   RO         2031    .ARM.Collect$$$$00000001  mc_w.l(entry2.o)
    0x08000128   0x08000128   0x00000004   Code   RO         2034    .ARM.Collect$$$$00000004  mc_w.l(entry5.o)
    0x0800012c   0x0800012c   0x00000000   Code   RO         2036    .ARM.Collect$$$$00000008  mc_w.l(entry7b.o)
    0x0800012c   0x0800012c   0x00000000   Code   RO         2038    .ARM.Collect$$$$0000000A  mc_w.l(entry8b.o)
    0x0800012c   0x0800012c   0x00000008   Code   RO         2039    .ARM.Collect$$$$0000000B  mc_w.l(entry9a.o)
    0x08000134   0x08000134   0x00000000   Code   RO         2041    .ARM.Collect$$$$0000000D  mc_w.l(entry10a.o)
    0x08000134   0x08000134   0x00000000   Code   RO         2043    .ARM.Collect$$$$0000000F  mc_w.l(entry11a.o)
    0x08000134   0x08000134   0x00000004   Code   RO         2032    .ARM.Collect$$$$00002712  mc_w.l(entry2.o)
    0x08000138   0x08000138   0x00000024   Code   RO            4    .text               startup_stm32l152xe.o
    0x0800015c   0x0800015c   0x00000024   Code   RO         2023    .text               mc_w.l(memseta.o)
    0x08000180   0x08000180   0x000000e4   Code   RO         2025    .text               mf_w.l(dmul.o)
    0x08000264   0x08000264   0x000000de   Code   RO         2027    .text               mf_w.l(ddiv.o)
    0x08000342   0x08000342   0x0000001a   Code   RO         2029    .text               mf_w.l(dfltui.o)
    0x0800035c   0x0800035c   0x00000000   Code   RO         2045    .text               mc_w.l(iusefp.o)
    0x0800035c   0x0800035c   0x000000ba   Code   RO         2046    .text               mf_w.l(depilogue.o)
    0x08000416   0x08000416   0x00000002   PAD
    0x08000418   0x08000418   0x00000024   Code   RO         2048    .text               mc_w.l(init.o)
    0x0800043c   0x0800043c   0x0000001e   Code   RO         2050    .text               mc_w.l(llshl.o)
    0x0800045a   0x0800045a   0x00000020   Code   RO         2052    .text               mc_w.l(llushr.o)
    0x0800047a   0x0800047a   0x00000002   PAD
    0x0800047c   0x0800047c   0x00000074   Code   RO          282    i.ADC_Enable        stm32l1xx_hal_adc.o
    0x080004f0   0x080004f0   0x00000002   Code   RO          155    i.BusFault_Handler  stm32l1xx_it.o
    0x080004f2   0x080004f2   0x00000002   Code   RO          156    i.DebugMon_Handler  stm32l1xx_it.o
    0x080004f4   0x080004f4   0x0000015c   Code   RO          284    i.HAL_ADC_ConfigChannel  stm32l1xx_hal_adc.o
    0x08000650   0x08000650   0x00000006   Code   RO          291    i.HAL_ADC_GetValue  stm32l1xx_hal_adc.o
    0x08000656   0x08000656   0x00000002   PAD
    0x08000658   0x08000658   0x000001a0   Code   RO          293    i.HAL_ADC_Init      stm32l1xx_hal_adc.o
    0x080007f8   0x080007f8   0x00000060   Code   RO          231    i.HAL_ADC_MspInit   stm32l1xx_hal_msp.o
    0x08000858   0x08000858   0x000000a8   Code   RO          297    i.HAL_ADC_PollForConversion  stm32l1xx_hal_adc.o
    0x08000900   0x08000900   0x00000076   Code   RO          299    i.HAL_ADC_Start     stm32l1xx_hal_adc.o
    0x08000976   0x08000976   0x00000002   PAD
    0x08000978   0x08000978   0x000001b0   Code   RO         1150    i.HAL_GPIO_Init     stm32l1xx_hal_gpio.o
    0x08000b28   0x08000b28   0x0000000c   Code   RO          532    i.HAL_GetTick       stm32l1xx_hal.o
    0x08000b34   0x08000b34   0x00000010   Code   RO          538    i.HAL_IncTick       stm32l1xx_hal.o
    0x08000b44   0x08000b44   0x0000001e   Code   RO          539    i.HAL_Init          stm32l1xx_hal.o
    0x08000b62   0x08000b62   0x00000002   PAD
    0x08000b64   0x08000b64   0x00000044   Code   RO          540    i.HAL_InitTick      stm32l1xx_hal.o
    0x08000ba8   0x08000ba8   0x0000003c   Code   RO          232    i.HAL_MspInit       stm32l1xx_hal_msp.o
    0x08000be4   0x08000be4   0x00000040   Code   RO         1499    i.HAL_NVIC_SetPriority  stm32l1xx_hal_cortex.o
    0x08000c24   0x08000c24   0x00000024   Code   RO         1500    i.HAL_NVIC_SetPriorityGrouping  stm32l1xx_hal_cortex.o
    0x08000c48   0x08000c48   0x000001a4   Code   RO          696    i.HAL_RCC_ClockConfig  stm32l1xx_hal_rcc.o
    0x08000dec   0x08000dec   0x00000020   Code   RO          703    i.HAL_RCC_GetPCLK1Freq  stm32l1xx_hal_rcc.o
    0x08000e0c   0x08000e0c   0x00000020   Code   RO          704    i.HAL_RCC_GetPCLK2Freq  stm32l1xx_hal_rcc.o
    0x08000e2c   0x08000e2c   0x00000060   Code   RO          705    i.HAL_RCC_GetSysClockFreq  stm32l1xx_hal_rcc.o
    0x08000e8c   0x08000e8c   0x00000428   Code   RO          708    i.HAL_RCC_OscConfig  stm32l1xx_hal_rcc.o
    0x080012b4   0x080012b4   0x00000028   Code   RO         1504    i.HAL_SYSTICK_Config  stm32l1xx_hal_cortex.o
    0x080012dc   0x080012dc   0x00000062   Code   RO         1684    i.HAL_UART_Init     stm32l1xx_hal_uart.o
    0x0800133e   0x0800133e   0x00000002   PAD
    0x08001340   0x08001340   0x00000068   Code   RO          234    i.HAL_UART_MspInit  stm32l1xx_hal_msp.o
    0x080013a8   0x080013a8   0x00000002   Code   RO          157    i.HardFault_Handler  stm32l1xx_it.o
    0x080013aa   0x080013aa   0x00000002   PAD
    0x080013ac   0x080013ac   0x0000005c   Code   RO           14    i.MX_ADC_Init       main.o
    0x08001408   0x08001408   0x00000002   Code   RO          158    i.MemManage_Handler  stm32l1xx_it.o
    0x0800140a   0x0800140a   0x00000002   Code   RO          159    i.NMI_Handler       stm32l1xx_it.o
    0x0800140c   0x0800140c   0x00000002   Code   RO          160    i.PendSV_Handler    stm32l1xx_it.o
    0x0800140e   0x0800140e   0x00000002   PAD
    0x08001410   0x08001410   0x00000080   Code   RO          709    i.RCC_SetFlashLatencyFromMSIRange  stm32l1xx_hal_rcc.o
    0x08001490   0x08001490   0x00000002   Code   RO          161    i.SVC_Handler       stm32l1xx_it.o
    0x08001492   0x08001492   0x00000004   Code   RO          162    i.SysTick_Handler   stm32l1xx_it.o
    0x08001496   0x08001496   0x00000002   PAD
    0x08001498   0x08001498   0x00000060   Code   RO           15    i.SystemClock_Config  main.o
    0x080014f8   0x080014f8   0x00000050   Code   RO         1986    i.SystemInit        system_stm32l1xx.o
    0x08001548   0x08001548   0x00000130   Code   RO         1710    i.UART_SetConfig    stm32l1xx_hal_uart.o
    0x08001678   0x08001678   0x00000002   Code   RO          163    i.UsageFault_Handler  stm32l1xx_it.o
    0x0800167a   0x0800167a   0x00000020   Code   RO         1506    i.__NVIC_SetPriority  stm32l1xx_hal_cortex.o
    0x0800169a   0x0800169a   0x0000000e   Code   RO         2056    i.__scatterload_copy  mc_w.l(handlers.o)
    0x080016a8   0x080016a8   0x00000002   Code   RO         2057    i.__scatterload_null  mc_w.l(handlers.o)
    0x080016aa   0x080016aa   0x0000000e   Code   RO         2058    i.__scatterload_zeroinit  mc_w.l(handlers.o)
    0x080016b8   0x080016b8   0x000000a0   Code   RO           16    i.main              main.o
    0x08001758   0x08001758   0x00000019   Data   RO         1987    .constdata          system_stm32l1xx.o
    0x08001771   0x08001771   0x00000008   Data   RO         1988    .constdata          system_stm32l1xx.o
    0x08001779   0x08001779   0x00000003   PAD
    0x0800177c   0x0800177c   0x00000020   Data   RO         2054    Region$$Table       anon$$obj.o


    Execution Region RW_IRAM1 (Exec base: 0x20000000, Load base: 0x0800179c, Size: 0x000004b8, Max: 0x00014000, ABSOLUTE)

    Exec Addr    Load Addr    Size         Type   Attr      Idx    E Section Name        Object

    0x20000000   0x0800179c   0x00000010   Data   RW           19    .data               main.o
    0x20000010   0x080017ac   0x0000000c   Data   RW          546    .data               stm32l1xx_hal.o
    0x2000001c   0x080017b8   0x00000004   Data   RW         1989    .data               system_stm32l1xx.o
    0x20000020        -       0x00000094   Zero   RW           18    .bss                main.o
    0x200000b4   0x080017bc   0x00000004   PAD
    0x200000b8        -       0x00000400   Zero   RW            1    STACK               startup_stm32l152xe.o


==============================================================================

Image component sizes


      Code (inc. data)   RO Data    RW Data    ZI Data      Debug   Object Name

       348         40          0         16        148     404386   main.o
        36          8        292          0       1024        780   startup_stm32l152xe.o
       126         20          0         12          0       3113   stm32l1xx_hal.o
      1172         44          0          0          0       5455   stm32l1xx_hal_adc.o
       172         14          0          0          0      29866   stm32l1xx_hal_cortex.o
       432         40          0          0          0       1668   stm32l1xx_hal_gpio.o
       260         28          0          0          0       2127   stm32l1xx_hal_msp.o
      1772        114          0          0          0       6016   stm32l1xx_hal_rcc.o
       402          4          0          0          0       1900   stm32l1xx_hal_uart.o
        20          0          0          0          0       3590   stm32l1xx_it.o
        80         18         33          4          0       1135   system_stm32l1xx.o

    ----------------------------------------------------------------------
      4834        330        360         32       1176     460036   Object Totals
         0          0         32          0          0          0   (incl. Generated)
        14          0          3          0          4          0   (incl. Padding)

    ----------------------------------------------------------------------

      Code (inc. data)   RO Data    RW Data    ZI Data      Debug   Library Member Name

         0          0          0          0          0          0   entry.o
         0          0          0          0          0          0   entry10a.o
         0          0          0          0          0          0   entry11a.o
         8          4          0          0          0          0   entry2.o
         4          0          0          0          0          0   entry5.o
         0          0          0          0          0          0   entry7b.o
         0          0          0          0          0          0   entry8b.o
         8          4          0          0          0          0   entry9a.o
        30          0          0          0          0          0   handlers.o
        36          8          0          0          0         68   init.o
         0          0          0          0          0          0   iusefp.o
        30          0          0          0          0         68   llshl.o
        32          0          0          0          0         68   llushr.o
        36          0          0          0          0        108   memseta.o
       222          0          0          0          0        100   ddiv.o
       186          0          0          0          0        176   depilogue.o
        26          0          0          0          0         76   dfltui.o
       228          0          0          0          0         96   dmul.o

    ----------------------------------------------------------------------
       850         16          0          0          0        760   Library Totals
         4          0          0          0          0          0   (incl. Padding)

    ----------------------------------------------------------------------

      Code (inc. data)   RO Data    RW Data    ZI Data      Debug   Library Name

       184         16          0          0          0        312   mc_w.l
       662          0          0          0          0        448   mf_w.l

    ----------------------------------------------------------------------
       850         16          0          0          0        760   Library Totals

    ----------------------------------------------------------------------

==============================================================================


      Code (inc. data)   RO Data    RW Data    ZI Data      Debug   

      5684        346        360         32       1176     458764   Grand Totals
      5684        346        360         32       1176     458764   ELF Image Totals
      5684        346        360         32          0          0   ROM Totals

==============================================================================

    Total RO  Size (Code + RO Data)                 6044 (   5.90kB)
    Total RW  Size (RW Data + ZI Data)              1208 (   1.18kB)
    Total ROM Size (Code + RO Data + RW Data)       6076 (   5.93kB)

==============================================================================

