Component: ARM Compiler 5.06 update 6 (build 750) Tool: armlink [4d35ed]

==============================================================================

Section Cross References

    startup_stm32l152xe.o(RESET) refers to startup_stm32l152xe.o(STACK) for __initial_sp
    startup_stm32l152xe.o(RESET) refers to startup_stm32l152xe.o(.text) for Reset_Handler
    startup_stm32l152xe.o(RESET) refers to stm32l1xx_it.o(i.NMI_Handler) for NMI_Handler
    startup_stm32l152xe.o(RESET) refers to stm32l1xx_it.o(i.HardFault_Handler) for HardFault_Handler
    startup_stm32l152xe.o(RESET) refers to stm32l1xx_it.o(i.MemManage_Handler) for MemManage_Handler
    startup_stm32l152xe.o(RESET) refers to stm32l1xx_it.o(i.BusFault_Handler) for BusFault_Handler
    startup_stm32l152xe.o(RESET) refers to stm32l1xx_it.o(i.UsageFault_Handler) for UsageFault_Handler
    startup_stm32l152xe.o(RESET) refers to stm32l1xx_it.o(i.SVC_Handler) for SVC_Handler
    startup_stm32l152xe.o(RESET) refers to stm32l1xx_it.o(i.DebugMon_Handler) for DebugMon_Handler
    startup_stm32l152xe.o(RESET) refers to stm32l1xx_it.o(i.PendSV_Handler) for PendSV_Handler
    startup_stm32l152xe.o(RESET) refers to stm32l1xx_it.o(i.SysTick_Handler) for SysTick_Handler
    startup_stm32l152xe.o(RESET) refers to stm32l1xx_it.o(i.EXTI15_10_IRQHandler) for EXTI15_10_IRQHandler
    startup_stm32l152xe.o(.text) refers to system_stm32l1xx.o(i.SystemInit) for SystemInit
    startup_stm32l152xe.o(.text) refers to entry.o(.ARM.Collect$$$$00000000) for __main
    main.o(i.Check_IWDG_Reset) refers to main.o(.data) for .data
    main.o(i.HAL_GPIO_EXTI_Callback) refers to stm32l1xx_hal_gpio.o(i.HAL_GPIO_TogglePin) for HAL_GPIO_TogglePin
    main.o(i.HAL_GPIO_EXTI_Callback) refers to main.o(.data) for .data
    main.o(i.MX_ADC_Init) refers to stm32l1xx_hal_adc.o(i.HAL_ADC_Init) for HAL_ADC_Init
    main.o(i.MX_ADC_Init) refers to stm32l1xx_hal_adc.o(i.HAL_ADC_ConfigChannel) for HAL_ADC_ConfigChannel
    main.o(i.MX_ADC_Init) refers to main.o(.bss) for .bss
    main.o(i.MX_GPIO_Init) refers to memseta.o(.text) for __aeabi_memclr4
    main.o(i.MX_GPIO_Init) refers to stm32l1xx_hal_gpio.o(i.HAL_GPIO_WritePin) for HAL_GPIO_WritePin
    main.o(i.MX_GPIO_Init) refers to stm32l1xx_hal_gpio.o(i.HAL_GPIO_Init) for HAL_GPIO_Init
    main.o(i.MX_GPIO_Init) refers to stm32l1xx_hal_cortex.o(i.HAL_NVIC_SetPriority) for HAL_NVIC_SetPriority
    main.o(i.MX_GPIO_Init) refers to stm32l1xx_hal_cortex.o(i.HAL_NVIC_EnableIRQ) for HAL_NVIC_EnableIRQ
    main.o(i.MX_SPI2_Init) refers to stm32l1xx_hal_spi.o(i.HAL_SPI_Init) for HAL_SPI_Init
    main.o(i.MX_SPI2_Init) refers to main.o(.bss) for .bss
    main.o(i.SLEEP) refers to stm32l1xx_hal.o(i.HAL_SuspendTick) for HAL_SuspendTick
    main.o(i.SLEEP) refers to stm32l1xx_hal_pwr.o(i.HAL_PWR_EnterSLEEPMode) for HAL_PWR_EnterSLEEPMode
    main.o(i.SLEEP) refers to stm32l1xx_hal.o(i.HAL_ResumeTick) for HAL_ResumeTick
    main.o(i.SendToComp) refers to main.o(i.setPin) for setPin
    main.o(i.SystemClock_Config) refers to memseta.o(.text) for __aeabi_memclr4
    main.o(i.SystemClock_Config) refers to stm32l1xx_hal_rcc.o(i.HAL_RCC_OscConfig) for HAL_RCC_OscConfig
    main.o(i.SystemClock_Config) refers to stm32l1xx_hal_rcc.o(i.HAL_RCC_ClockConfig) for HAL_RCC_ClockConfig
    main.o(i.main) refers to stm32l1xx_hal.o(i.HAL_Init) for HAL_Init
    main.o(i.main) refers to main.o(i.SystemClock_Config) for SystemClock_Config
    main.o(i.main) refers to main.o(i.MX_GPIO_Init) for MX_GPIO_Init
    main.o(i.main) refers to main.o(i.MX_ADC_Init) for MX_ADC_Init
    main.o(i.main) refers to stm32l1xx_hal_i2c.o(i.HAL_I2C_Init) for HAL_I2C_Init
    main.o(i.main) refers to main.o(i.MX_SPI2_Init) for MX_SPI2_Init
    main.o(i.main) refers to stm32l1xx_hal_uart.o(i.HAL_UART_Init) for HAL_UART_Init
    main.o(i.main) refers to satellitecontrol.o(i.Sat_Run_Init) for Sat_Run_Init
    main.o(i.main) refers to agc.o(i.AGC_Init) for AGC_Init
    main.o(i.main) refers to main.o(i.SendToComp) for SendToComp
    main.o(i.main) refers to satellitecontrol.o(i.Sat_Run) for Sat_Run
    main.o(i.main) refers to agc.o(i.AGC_DoEvent) for AGC_DoEvent
    main.o(i.main) refers to main.o(i.Check_IWDG_Reset) for Check_IWDG_Reset
    main.o(i.main) refers to main.o(i.SLEEP) for SLEEP
    main.o(i.main) refers to main.o(.bss) for .bss
    main.o(i.main) refers to main.o(.data) for .data
    main.o(i.setPin) refers to stm32l1xx_hal_gpio.o(i.HAL_GPIO_WritePin) for HAL_GPIO_WritePin
    stm32l1xx_it.o(i.EXTI15_10_IRQHandler) refers to stm32l1xx_hal_gpio.o(i.HAL_GPIO_EXTI_IRQHandler) for HAL_GPIO_EXTI_IRQHandler
    stm32l1xx_it.o(i.SysTick_Handler) refers to stm32l1xx_hal.o(i.HAL_IncTick) for HAL_IncTick
    stm32l1xx_hal_msp.o(i.HAL_ADC_MspDeInit) refers to stm32l1xx_hal_gpio.o(i.HAL_GPIO_DeInit) for HAL_GPIO_DeInit
    stm32l1xx_hal_msp.o(i.HAL_ADC_MspInit) refers to memseta.o(.text) for __aeabi_memclr4
[...]
    stm32l1xx_hal_pwr.o(i.HAL_PWR_PVD_IRQHandler) refers to stm32l1xx_hal_pwr.o(i.HAL_PWR_PVDCallback) for HAL_PWR_PVDCallback
    stm32l1xx_hal_cortex.o(i.HAL_NVIC_SetPriority) refers to stm32l1xx_hal_cortex.o(i.__NVIC_SetPriority) for __NVIC_SetPriority
    stm32l1xx_hal_cortex.o(i.HAL_SYSTICK_Config) refers to stm32l1xx_hal_cortex.o(i.__NVIC_SetPriority) for __NVIC_SetPriority
    stm32l1xx_hal_cortex.o(i.HAL_SYSTICK_IRQHandler) refers to stm32l1xx_hal_cortex.o(i.HAL_SYSTICK_Callback) for HAL_SYSTICK_Callback
    stm32l1xx_hal_adc.o(i.ADC_ConversionStop_Disable) refers to stm32l1xx_hal.o(i.HAL_GetTick) for HAL_GetTick
    stm32l1xx_hal_adc.o(i.ADC_DMAConvCplt) refers to stm32l1xx_hal_adc.o(i.HAL_ADC_ConvCpltCallback) for HAL_ADC_ConvCpltCallback
    stm32l1xx_hal_adc.o(i.ADC_DMAError) refers to stm32l1xx_hal_adc.o(i.HAL_ADC_ErrorCallback) for HAL_ADC_ErrorCallback
    stm32l1xx_hal_adc.o(i.ADC_DMAHalfConvCplt) refers to stm32l1xx_hal_adc.o(i.HAL_ADC_ConvHalfCpltCallback) for HAL_ADC_ConvHalfCpltCallback
    stm32l1xx_hal_adc.o(i.ADC_Enable) refers to stm32l1xx_hal.o(i.HAL_GetTick) for HAL_GetTick
    stm32l1xx_hal_adc.o(i.ADC_Enable) refers to system_stm32l1xx.o(.data) for SystemCoreClock
    stm32l1xx_hal_adc.o(i.HAL_ADC_ConfigChannel) refers to system_stm32l1xx.o(.data) for SystemCoreClock
    stm32l1xx_hal_adc.o(i.HAL_ADC_DeInit) refers to stm32l1xx_hal_adc.o(i.ADC_ConversionStop_Disable) for ADC_ConversionStop_Disable
    stm32l1xx_hal_adc.o(i.HAL_ADC_DeInit) refers to stm32l1xx_hal_msp.o(i.HAL_ADC_MspDeInit) for HAL_ADC_MspDeInit
    stm32l1xx_hal_adc.o(i.HAL_ADC_IRQHandler) refers to stm32l1xx_hal_adc.o(i.HAL_ADC_ConvCpltCallback) for HAL_ADC_ConvCpltCallback
    stm32l1xx_hal_adc.o(i.HAL_ADC_IRQHandler) refers to stm32l1xx_hal_adc_ex.o(i.HAL_ADCEx_InjectedConvCpltCallback) for HAL_ADCEx_InjectedConvCpltCallback
    stm32l1xx_hal_adc.o(i.HAL_ADC_IRQHandler) refers to stm32l1xx_hal_adc.o(i.HAL_ADC_LevelOutOfWindowCallback) for HAL_ADC_LevelOutOfWindowCallback
    stm32l1xx_hal_adc.o(i.HAL_ADC_IRQHandler) refers to stm32l1xx_hal_adc.o(i.HAL_ADC_ErrorCallback) for HAL_ADC_ErrorCallback
    stm32l1xx_hal_adc.o(i.HAL_ADC_Init) refers to stm32l1xx_hal_msp.o(i.HAL_ADC_MspInit) for HAL_ADC_MspInit
    stm32l1xx_hal_adc.o(i.HAL_ADC_PollForConversion) refers to stm32l1xx_hal.o(i.HAL_GetTick) for HAL_GetTick
    stm32l1xx_hal_adc.o(i.HAL_ADC_PollForEvent) refers to stm32l1xx_hal.o(i.HAL_GetTick) for HAL_GetTick
    stm32l1xx_hal_adc.o(i.HAL_ADC_Start) refers to stm32l1xx_hal_adc.o(i.ADC_Enable) for ADC_Enable
    stm32l1xx_hal_adc.o(i.HAL_ADC_Start_DMA) refers to stm32l1xx_hal_adc.o(i.ADC_Enable) for ADC_Enable
    stm32l1xx_hal_adc.o(i.HAL_ADC_Start_DMA) refers to stm32l1xx_hal_dma.o(i.HAL_DMA_Start_IT) for HAL_DMA_Start_IT
    stm32l1xx_hal_adc.o(i.HAL_ADC_Start_DMA) refers to stm32l1xx_hal_adc.o(i.ADC_DMAConvCplt) for ADC_DMAConvCplt
    stm32l1xx_hal_adc.o(i.HAL_ADC_Start_DMA) refers to stm32l1xx_hal_adc.o(i.ADC_DMAHalfConvCplt) for ADC_DMAHalfConvCplt
    stm32l1xx_hal_adc.o(i.HAL_ADC_Start_DMA) refers to stm32l1xx_hal_adc.o(i.ADC_DMAError) for ADC_DMAError
    stm32l1xx_hal_adc.o(i.HAL_ADC_Start_IT) refers to stm32l1xx_hal_adc.o(i.ADC_Enable) for ADC_Enable
    stm32l1xx_hal_adc.o(i.HAL_ADC_Stop) refers to stm32l1xx_hal_adc.o(i.ADC_ConversionStop_Disable) for ADC_ConversionStop_Disable
    stm32l1xx_hal_adc.o(i.HAL_ADC_Stop_DMA) refers to stm32l1xx_hal_adc.o(i.ADC_ConversionStop_Disable) for ADC_ConversionStop_Disable
    stm32l1xx_hal_adc.o(i.HAL_ADC_Stop_DMA) refers to stm32l1xx_hal_dma.o(i.HAL_DMA_Abort) for HAL_DMA_Abort
    stm32l1xx_hal_adc.o(i.HAL_ADC_Stop_IT) refers to stm32l1xx_hal_adc.o(i.ADC_ConversionStop_Disable) for ADC_ConversionStop_Disable
    stm32l1xx_hal_adc_ex.o(i.HAL_ADCEx_InjectedConfigChannel) refers to system_stm32l1xx.o(.data) for SystemCoreClock
    stm32l1xx_hal_adc_ex.o(i.HAL_ADCEx_InjectedPollForConversion) refers to stm32l1xx_hal.o(i.HAL_GetTick) for HAL_GetTick
    stm32l1xx_hal_adc_ex.o(i.HAL_ADCEx_InjectedStart) refers to stm32l1xx_hal_adc.o(i.ADC_Enable) for ADC_Enable
    stm32l1xx_hal_adc_ex.o(i.HAL_ADCEx_InjectedStart_IT) refers to stm32l1xx_hal_adc.o(i.ADC_Enable) for ADC_Enable
    stm32l1xx_hal_adc_ex.o(i.HAL_ADCEx_InjectedStop) refers to stm32l1xx_hal_adc.o(i.ADC_ConversionStop_Disable) for ADC_ConversionStop_Disable
    stm32l1xx_hal_adc_ex.o(i.HAL_ADCEx_InjectedStop_IT) refers to stm32l1xx_hal_adc.o(i.ADC_ConversionStop_Disable) for ADC_ConversionStop_Disable
    stm32l1xx_hal_i2c.o(i.HAL_I2C_DeInit) refers to stm32l1xx_hal_msp.o(i.HAL_I2C_MspDeInit) for HAL_I2C_MspDeInit
    stm32l1xx_hal_i2c.o(i.HAL_I2C_ER_IRQHandler) refers to stm32l1xx_hal_i2c.o(i.I2C_Slave_AF) for I2C_Slave_AF
    stm32l1xx_hal_i2c.o(i.HAL_I2C_ER_IRQHandler) refers to stm32l1xx_hal_i2c.o(i.I2C_ITError) for I2C_ITError
    stm32l1xx_hal_i2c.o(i.HAL_I2C_EV_IRQHandler) refers to stm32l1xx_hal_i2c.o(i.I2C_Master_SB) for I2C_Master_SB
    stm32l1xx_hal_i2c.o(i.HAL_I2C_EV_IRQHandler) refers to stm32l1xx_hal_i2c.o(i.I2C_Master_ADDR) for I2C_Master_ADDR
    stm32l1xx_hal_i2c.o(i.HAL_I2C_EV_IRQHandler) refers to stm32l1xx_hal_i2c.o(i.I2C_MasterTransmit_TXE) for I2C_MasterTransmit_TXE
    stm32l1xx_hal_i2c.o(i.HAL_I2C_EV_IRQHandler) refers to stm32l1xx_hal_i2c.o(i.I2C_MasterTransmit_BTF) for I2C_MasterTransmit_BTF
    stm32l1xx_hal_i2c.o(i.HAL_I2C_EV_IRQHandler) refers to stm32l1xx_hal_i2c.o(i.I2C_MasterReceive_RXNE) for I2C_MasterReceive_RXNE
    stm32l1xx_hal_i2c.o(i.HAL_I2C_EV_IRQHandler) refers to stm32l1xx_hal_i2c.o(i.I2C_MasterReceive_BTF) for I2C_MasterReceive_BTF
    stm32l1xx_hal_i2c.o(i.HAL_I2C_EV_IRQHandler) refers to stm32l1xx_hal_i2c.o(i.HAL_I2C_AddrCallback) for HAL_I2C_AddrCallback
    stm32l1xx_hal_i2c.o(i.HAL_I2C_EV_IRQHandler) refers to stm32l1xx_hal_i2c.o(i.I2C_Slave_STOPF) for I2C_Slave_STOPF
    stm32l1xx_hal_i2c.o(i.HAL_I2C_EV_IRQHandler) refers to stm32l1xx_hal_i2c.o(i.HAL_I2C_SlaveRxCpltCallback) for HAL_I2C_SlaveRxCpltCallback
    stm32l1xx_hal_i2c.o(i.HAL_I2C_EV_IRQHandler) refers to stm32l1xx_hal_i2c.o(i.HAL_I2C_SlaveTxCpltCallback) for HAL_I2C_SlaveTxCpltCallback
    stm32l1xx_hal_i2c.o(i.HAL_I2C_Init) refers to stm32l1xx_hal_msp.o(i.HAL_I2C_MspInit) for HAL_I2C_MspInit
    stm32l1xx_hal_i2c.o(i.HAL_I2C_Init) refers to stm32l1xx_hal_rcc.o(i.HAL_RCC_GetPCLK1Freq) for HAL_RCC_GetPCLK1Freq
    stm32l1xx_hal_i2c.o(i.HAL_I2C_IsDeviceReady) refers to stm32l1xx_hal.o(i.HAL_GetTick) for HAL_GetTick
    stm32l1xx_hal_i2c.o(i.HAL_I2C_IsDeviceReady) refers to stm32l1xx_hal_i2c.o(i.I2C_WaitOnFlagUntilTimeout) for I2C_WaitOnFlagUntilTimeout
    stm32l1xx_hal_i2c.o(i.HAL_I2C_Master_Abort_IT) refers to stm32l1xx_hal_i2c.o(i.I2C_ITError) for I2C_ITError
    stm32l1xx_hal_i2c.o(i.HAL_I2C_Master_Receive) refers to stm32l1xx_hal.o(i.HAL_GetTick) for HAL_GetTick
    stm32l1xx_hal_i2c.o(i.HAL_I2C_Master_Receive) refers to stm32l1xx_hal_i2c.o(i.I2C_WaitOnFlagUntilTimeout) for I2C_WaitOnFlagUntilTimeout
    stm32l1xx_hal_i2c.o(i.HAL_I2C_Master_Receive) refers to stm32l1xx_hal_i2c.o(i.I2C_MasterRequestRead) for I2C_MasterRequestRead
    stm32l1xx_hal_i2c.o(i.HAL_I2C_Master_Receive) refers to stm32l1xx_hal_i2c.o(i.I2C_WaitOnRXNEFlagUntilTimeout) for I2C_WaitOnRXNEFlagUntilTimeout
    stm32l1xx_hal_i2c.o(i.HAL_I2C_Master_Receive_DMA) refers to stm32l1xx_hal_dma.o(i.HAL_DMA_Start_IT) for HAL_DMA_Start_IT
    stm32l1xx_hal_i2c.o(i.HAL_I2C_Master_Receive_DMA) refers to system_stm32l1xx.o(.data) for SystemCoreClock
    stm32l1xx_hal_i2c.o(i.HAL_I2C_Master_Receive_DMA) refers to stm32l1xx_hal_i2c.o(i.I2C_DMAXferCplt) for I2C_DMAXferCplt
    stm32l1xx_hal_i2c.o(i.HAL_I2C_Master_Receive_DMA) refers to stm32l1xx_hal_i2c.o(i.I2C_DMAError) for I2C_DMAError
    stm32l1xx_hal_i2c.o(i.HAL_I2C_Master_Receive_IT) refers to system_stm32l1xx.o(.data) for SystemCoreClock
    stm32l1xx_hal_i2c.o(i.HAL_I2C_Master_Seq_Receive_DMA) refers to stm32l1xx_hal_dma.o(i.HAL_DMA_Start_IT) for HAL_DMA_Start_IT
    stm32l1xx_hal_i2c.o(i.HAL_I2C_Master_Seq_Receive_DMA) refers to system_stm32l1xx.o(.data) for SystemCoreClock
    stm32l1xx_hal_i2c.o(i.HAL_I2C_Master_Seq_Receive_DMA) refers to stm32l1xx_hal_i2c.o(i.I2C_DMAXferCplt) for I2C_DMAXferCplt
    stm32l1xx_hal_i2c.o(i.HAL_I2C_Master_Seq_Receive_DMA) refers to stm32l1xx_hal_i2c.o(i.I2C_DMAError) for I2C_DMAError
    stm32l1xx_hal_i2c.o(i.HAL_I2C_Master_Seq_Receive_IT) refers to system_stm32l1xx.o(.data) for SystemCoreClock
    stm32l1xx_hal_i2c.o(i.HAL_I2C_Master_Seq_Transmit_DMA) refers to stm32l1xx_hal_dma.o(i.HAL_DMA_Start_IT) for HAL_DMA_Start_IT
    stm32l1xx_hal_i2c.o(i.HAL_I2C_Master_Seq_Transmit_DMA) refers to system_stm32l1xx.o(.data) for SystemCoreClock
    stm32l1xx_hal_i2c.o(i.HAL_I2C_Master_Seq_Transmit_DMA) refers to stm32l1xx_hal_i2c.o(i.I2C_DMAXferCplt) for I2C_DMAXferCplt
    stm32l1xx_hal_i2c.o(i.HAL_I2C_Master_Seq_Transmit_DMA) refers to stm32l1xx_hal_i2c.o(i.I2C_DMAError) for I2C_DMAError
    stm32l1xx_hal_i2c.o(i.HAL_I2C_Master_Seq_Transmit_IT) refers to system_stm32l1xx.o(.data) for SystemCoreClock
    stm32l1xx_hal_i2c.o(i.HAL_I2C_Master_Transmit) refers to stm32l1xx_hal.o(i.HAL_GetTick) for HAL_GetTick
    stm32l1xx_hal_i2c.o(i.HAL_I2C_Master_Transmit) refers to stm32l1xx_hal_i2c.o(i.I2C_WaitOnFlagUntilTimeout) for I2C_WaitOnFlagUntilTimeout
    stm32l1xx_hal_i2c.o(i.HAL_I2C_Master_Transmit) refers to stm32l1xx_hal_i2c.o(i.I2C_MasterRequestWrite) for I2C_MasterRequestWrite
    stm32l1xx_hal_i2c.o(i.HAL_I2C_Master_Transmit) refers to stm32l1xx_hal_i2c.o(i.I2C_WaitOnTXEFlagUntilTimeout) for I2C_WaitOnTXEFlagUntilTimeout
    stm32l1xx_hal_i2c.o(i.HAL_I2C_Master_Transmit) refers to stm32l1xx_hal_i2c.o(i.I2C_WaitOnBTFFlagUntilTimeout) for I2C_WaitOnBTFFlagUntilTimeout
    stm32l1xx_hal_i2c.o(i.HAL_I2C_Master_Transmit_DMA) refers to stm32l1xx_hal_dma.o(i.HAL_DMA_Start_IT) for HAL_DMA_Start_IT
    stm32l1xx_hal_i2c.o(i.HAL_I2C_Master_Transmit_DMA) refers to system_stm32l1xx.o(.data) for SystemCoreClock
    stm32l1xx_hal_i2c.o(i.HAL_I2C_Master_Transmit_DMA) refers to stm32l1xx_hal_i2c.o(i.I2C_DMAXferCplt) for I2C_DMAXferCplt
    stm32l1xx_hal_i2c.o(i.HAL_I2C_Master_Transmit_DMA) refers to stm32l1xx_hal_i2c.o(i.I2C_DMAError) for I2C_DMAError
    stm32l1xx_hal_i2c.o(i.HAL_I2C_Master_Transmit_IT) refers to system_stm32l1xx.o(.data) for SystemCoreClock
    stm32l1xx_hal_i2c.o(i.HAL_I2C_Mem_Read) refers to stm32l1xx_hal.o(i.HAL_GetTick) for HAL_GetTick
    stm32l1xx_hal_i2c.o(i.HAL_I2C_Mem_Read) refers to stm32l1xx_hal_i2c.o(i.I2C_WaitOnFlagUntilTimeout) for I2C_WaitOnFlagUntilTimeout
    stm32l1xx_hal_i2c.o(i.HAL_I2C_Mem_Read) refers to stm32l1xx_hal_i2c.o(i.I2C_RequestMemoryRead) for I2C_RequestMemoryRead
    stm32l1xx_hal_i2c.o(i.HAL_I2C_Mem_Read) refers to stm32l1xx_hal_i2c.o(i.I2C_WaitOnRXNEFlagUntilTimeout) for I2C_WaitOnRXNEFlagUntilTimeout
    stm32l1xx_hal_i2c.o(i.HAL_I2C_Mem_Read_DMA) refers to stm32l1xx_hal.o(i.HAL_GetTick) for HAL_GetTick
    stm32l1xx_hal_i2c.o(i.HAL_I2C_Mem_Read_DMA) refers to stm32l1xx_hal_dma.o(i.HAL_DMA_Start_IT) for HAL_DMA_Start_IT
    stm32l1xx_hal_i2c.o(i.HAL_I2C_Mem_Read_DMA) refers to stm32l1xx_hal_i2c.o(i.I2C_RequestMemoryRead) for I2C_RequestMemoryRead
    stm32l1xx_hal_i2c.o(i.HAL_I2C_Mem_Read_DMA) refers to system_stm32l1xx.o(.data) for SystemCoreClock
    stm32l1xx_hal_i2c.o(i.HAL_I2C_Mem_Read_DMA) refers to stm32l1xx_hal_i2c.o(i.I2C_DMAXferCplt) for I2C_DMAXferCplt
    stm32l1xx_hal_i2c.o(i.HAL_I2C_Mem_Read_DMA) refers to stm32l1xx_hal_i2c.o(i.I2C_DMAError) for I2C_DMAError
    stm32l1xx_hal_i2c.o(i.HAL_I2C_Mem_Read_IT) refers to system_stm32l1xx.o(.data) for SystemCoreClock
    stm32l1xx_hal_i2c.o(i.HAL_I2C_Mem_Write) refers to stm32l1xx_hal.o(i.HAL_GetTick) for HAL_GetTick
    stm32l1xx_hal_i2c.o(i.HAL_I2C_Mem_Write) refers to stm32l1xx_hal_i2c.o(i.I2C_WaitOnFlagUntilTimeout) for I2C_WaitOnFlagUntilTimeout
    stm32l1xx_hal_i2c.o(i.HAL_I2C_Mem_Write) refers to stm32l1xx_hal_i2c.o(i.I2C_RequestMemoryWrite) for I2C_RequestMemoryWrite
    stm32l1xx_hal_i2c.o(i.HAL_I2C_Mem_Write) refers to stm32l1xx_hal_i2c.o(i.I2C_WaitOnTXEFlagUntilTimeout) for I2C_WaitOnTXEFlagUntilTimeout
    stm32l1xx_hal_i2c.o(i.HAL_I2C_Mem_Write) refers to stm32l1xx_hal_i2c.o(i.I2C_WaitOnBTFFlagUntilTimeout) for I2C_WaitOnBTFFlagUntilTimeout
    stm32l1xx_hal_i2c.o(i.HAL_I2C_Mem_Write_DMA) refers to stm32l1xx_hal.o(i.HAL_GetTick) for HAL_GetTick
    stm32l1xx_hal_i2c.o(i.HAL_I2C_Mem_Write_DMA) refers to stm32l1xx_hal_dma.o(i.HAL_DMA_Start_IT) for HAL_DMA_Start_IT
    stm32l1xx_hal_i2c.o(i.HAL_I2C_Mem_Write_DMA) refers to stm32l1xx_hal_i2c.o(i.I2C_RequestMemoryWrite) for I2C_RequestMemoryWrite
    stm32l1xx_hal_i2c.o(i.HAL_I2C_Mem_Write_DMA) refers to system_stm32l1xx.o(.data) for SystemCoreClock
    stm32l1xx_hal_i2c.o(i.HAL_I2C_Mem_Write_DMA) refers to stm32l1xx_hal_i2c.o(i.I2C_DMAXferCplt) for I2C_DMAXferCplt
    stm32l1xx_hal_i2c.o(i.HAL_I2C_Mem_Write_DMA) refers to stm32l1xx_hal_i2c.o(i.I2C_DMAError) for I2C_DMAError
    stm32l1xx_hal_i2c.o(i.HAL_I2C_Mem_Write_IT) refers to system_stm32l1xx.o(.data) for SystemCoreClock
    stm32l1xx_hal_i2c.o(i.HAL_I2C_Slave_Receive) refers to stm32l1xx_hal.o(i.HAL_GetTick) for HAL_GetTick
    stm32l1xx_hal_i2c.o(i.HAL_I2C_Slave_Receive) refers to stm32l1xx_hal_i2c.o(i.I2C_WaitOnFlagUntilTimeout) for I2C_WaitOnFlagUntilTimeout
    stm32l1xx_hal_i2c.o(i.HAL_I2C_Slave_Receive) refers to stm32l1xx_hal_i2c.o(i.I2C_WaitOnRXNEFlagUntilTimeout) for I2C_WaitOnRXNEFlagUntilTimeout
    stm32l1xx_hal_i2c.o(i.HAL_I2C_Slave_Receive) refers to stm32l1xx_hal_i2c.o(i.I2C_IsAcknowledgeFailed) for I2C_IsAcknowledgeFailed
    stm32l1xx_hal_i2c.o(i.HAL_I2C_Slave_Receive_DMA) refers to stm32l1xx_hal_dma.o(i.HAL_DMA_Start_IT) for HAL_DMA_Start_IT
    stm32l1xx_hal_i2c.o(i.HAL_I2C_Slave_Receive_DMA) refers to stm32l1xx_hal_i2c.o(i.I2C_DMAXferCplt) for I2C_DMAXferCplt
    stm32l1xx_hal_i2c.o(i.HAL_I2C_Slave_Receive_DMA) refers to stm32l1xx_hal_i2c.o(i.I2C_DMAError) for I2C_DMAError
    stm32l1xx_hal_i2c.o(i.HAL_I2C_Slave_Seq_Receive_DMA) refers to stm32l1xx_hal_dma.o(i.HAL_DMA_Abort_IT) for HAL_DMA_Abort_IT
    stm32l1xx_hal_i2c.o(i.HAL_I2C_Slave_Seq_Receive_DMA) refers to stm32l1xx_hal_dma.o(i.HAL_DMA_Start_IT) for HAL_DMA_Start_IT
    stm32l1xx_hal_i2c.o(i.HAL_I2C_Slave_Seq_Receive_DMA) refers to stm32l1xx_hal_i2c.o(i.I2C_DMAAbort) for I2C_DMAAbort
    stm32l1xx_hal_i2c.o(i.HAL_I2C_Slave_Seq_Receive_DMA) refers to stm32l1xx_hal_i2c.o(i.I2C_DMAXferCplt) for I2C_DMAXferCplt
    stm32l1xx_hal_i2c.o(i.HAL_I2C_Slave_Seq_Receive_DMA) refers to stm32l1xx_hal_i2c.o(i.I2C_DMAError) for I2C_DMAError
    stm32l1xx_hal_i2c.o(i.HAL_I2C_Slave_Seq_Transmit_DMA) refers to stm32l1xx_hal_dma.o(i.HAL_DMA_Abort_IT) for HAL_DMA_Abort_IT
    stm32l1xx_hal_i2c.o(i.HAL_I2C_Slave_Seq_Transmit_DMA) refers to stm32l1xx_hal_dma.o(i.HAL_DMA_Start_IT) for HAL_DMA_Start_IT
    stm32l1xx_hal_i2c.o(i.HAL_I2C_Slave_Seq_Transmit_DMA) refers to stm32l1xx_hal_i2c.o(i.I2C_DMAAbort) for I2C_DMAAbort
    stm32l1xx_hal_i2c.o(i.HAL_I2C_Slave_Seq_Transmit_DMA) refers to stm32l1xx_hal_i2c.o(i.I2C_DMAXferCplt) for I2C_DMAXferCplt
    stm32l1xx_hal_i2c.o(i.HAL_I2C_Slave_Seq_Transmit_DMA) refers to stm32l1xx_hal_i2c.o(i.I2C_DMAError) for I2C_DMAError
    stm32l1xx_hal_i2c.o(i.HAL_I2C_Slave_Transmit) refers to stm32l1xx_hal.o(i.HAL_GetTick) for HAL_GetTick
    stm32l1xx_hal_i2c.o(i.HAL_I2C_Slave_Transmit) refers to stm32l1xx_hal_i2c.o(i.I2C_WaitOnFlagUntilTimeout) for I2C_WaitOnFlagUntilTimeout
    stm32l1xx_hal_i2c.o(i.HAL_I2C_Slave_Transmit) refers to stm32l1xx_hal_i2c.o(i.I2C_WaitOnTXEFlagUntilTimeout) for I2C_WaitOnTXEFlagUntilTimeout
    stm32l1xx_hal_i2c.o(i.HAL_I2C_Slave_Transmit_DMA) refers to stm32l1xx_hal_dma.o(i.HAL_DMA_Start_IT) for HAL_DMA_Start_IT
    stm32l1xx_hal_i2c.o(i.HAL_I2C_Slave_Transmit_DMA) refers to stm32l1xx_hal_i2c.o(i.I2C_DMAXferCplt) for I2C_DMAXferCplt
    stm32l1xx_hal_i2c.o(i.HAL_I2C_Slave_Transmit_DMA) refers to stm32l1xx_hal_i2c.o(i.I2C_DMAError) for I2C_DMAError
    stm32l1xx_hal_i2c.o(i.I2C_DMAAbort) refers to stm32l1xx_hal_i2c.o(i.HAL_I2C_ErrorCallback) for HAL_I2C_ErrorCallback
    stm32l1xx_hal_i2c.o(i.I2C_DMAAbort) refers to stm32l1xx_hal_i2c.o(i.HAL_I2C_AbortCpltCallback) for HAL_I2C_AbortCpltCallback
    stm32l1xx_hal_i2c.o(i.I2C_DMAError) refers to stm32l1xx_hal_i2c.o(i.HAL_I2C_ErrorCallback) for HAL_I2C_ErrorCallback
    stm32l1xx_hal_i2c.o(i.I2C_DMAXferCplt) refers to stm32l1xx_hal_i2c.o(i.HAL_I2C_SlaveTxCpltCallback) for HAL_I2C_SlaveTxCpltCallback
    stm32l1xx_hal_i2c.o(i.I2C_DMAXferCplt) refers to stm32l1xx_hal_i2c.o(i.HAL_I2C_SlaveRxCpltCallback) for HAL_I2C_SlaveRxCpltCallback
    stm32l1xx_hal_i2c.o(i.I2C_DMAXferCplt) refers to stm32l1xx_hal_i2c.o(i.HAL_I2C_ErrorCallback) for HAL_I2C_ErrorCallback
    stm32l1xx_hal_i2c.o(i.I2C_DMAXferCplt) refers to stm32l1xx_hal_i2c.o(i.HAL_I2C_MasterRxCpltCallback) for HAL_I2C_MasterRxCpltCallback
    stm32l1xx_hal_i2c.o(i.I2C_DMAXferCplt) refers to stm32l1xx_hal_i2c.o(i.HAL_I2C_MemRxCpltCallback) for HAL_I2C_MemRxCpltCallback
    stm32l1xx_hal_i2c.o(i.I2C_ITError) refers to stm32l1xx_hal_dma.o(i.HAL_DMA_Abort_IT) for HAL_DMA_Abort_IT
    stm32l1xx_hal_i2c.o(i.I2C_ITError) refers to stm32l1xx_hal_i2c.o(i.HAL_I2C_ErrorCallback) for HAL_I2C_ErrorCallback
    stm32l1xx_hal_i2c.o(i.I2C_ITError) refers to stm32l1xx_hal_i2c.o(i.HAL_I2C_ListenCpltCallback) for HAL_I2C_ListenCpltCallback
    stm32l1xx_hal_i2c.o(i.I2C_ITError) refers to stm32l1xx_hal_i2c.o(i.HAL_I2C_AbortCpltCallback) for HAL_I2C_AbortCpltCallback
    stm32l1xx_hal_i2c.o(i.I2C_ITError) refers to stm32l1xx_hal_i2c.o(i.I2C_DMAAbort) for I2C_DMAAbort
    stm32l1xx_hal_i2c.o(i.I2C_MasterReceive_BTF) refers to stm32l1xx_hal_i2c.o(i.HAL_I2C_MasterRxCpltCallback) for HAL_I2C_MasterRxCpltCallback
    stm32l1xx_hal_i2c.o(i.I2C_MasterReceive_BTF) refers to stm32l1xx_hal_i2c.o(i.HAL_I2C_MemRxCpltCallback) for HAL_I2C_MemRxCpltCallback
    stm32l1xx_hal_i2c.o(i.I2C_MasterReceive_RXNE) refers to stm32l1xx_hal_i2c.o(i.HAL_I2C_MasterRxCpltCallback) for HAL_I2C_MasterRxCpltCallback
    stm32l1xx_hal_i2c.o(i.I2C_MasterReceive_RXNE) refers to stm32l1xx_hal_i2c.o(i.HAL_I2C_MemRxCpltCallback) for HAL_I2C_MemRxCpltCallback
    stm32l1xx_hal_i2c.o(i.I2C_MasterRequestRead) refers to stm32l1xx_hal_i2c.o(i.I2C_WaitOnFlagUntilTimeout) for I2C_WaitOnFlagUntilTimeout
    stm32l1xx_hal_i2c.o(i.I2C_MasterRequestRead) refers to stm32l1xx_hal_i2c.o(i.I2C_WaitOnMasterAddressFlagUntilTimeout) for I2C_WaitOnMasterAddressFlagUntilTimeout
    stm32l1xx_hal_i2c.o(i.I2C_MasterRequestWrite) refers to stm32l1xx_hal_i2c.o(i.I2C_WaitOnFlagUntilTimeout) for I2C_WaitOnFlagUntilTimeout
    stm32l1xx_hal_i2c.o(i.I2C_MasterRequestWrite) refers to stm32l1xx_hal_i2c.o(i.I2C_WaitOnMasterAddressFlagUntilTimeout) for I2C_WaitOnMasterAddressFlagUntilTimeout
    stm32l1xx_hal_i2c.o(i.I2C_MasterTransmit_BTF) refers to stm32l1xx_hal_i2c.o(i.HAL_I2C_MasterTxCpltCallback) for HAL_I2C_MasterTxCpltCallback
    stm32l1xx_hal_i2c.o(i.I2C_MasterTransmit_BTF) refers to stm32l1xx_hal_i2c.o(i.HAL_I2C_MemTxCpltCallback) for HAL_I2C_MemTxCpltCallback
    stm32l1xx_hal_i2c.o(i.I2C_MasterTransmit_TXE) refers to stm32l1xx_hal_i2c.o(i.HAL_I2C_MasterTxCpltCallback) for HAL_I2C_MasterTxCpltCallback
    stm32l1xx_hal_i2c.o(i.I2C_MasterTransmit_TXE) refers to stm32l1xx_hal_i2c.o(i.HAL_I2C_MemTxCpltCallback) for HAL_I2C_MemTxCpltCallback
    stm32l1xx_hal_i2c.o(i.I2C_RequestMemoryRead) refers to stm32l1xx_hal_i2c.o(i.I2C_WaitOnFlagUntilTimeout) for I2C_WaitOnFlagUntilTimeout
    stm32l1xx_hal_i2c.o(i.I2C_RequestMemoryRead) refers to stm32l1xx_hal_i2c.o(i.I2C_WaitOnMasterAddressFlagUntilTimeout) for I2C_WaitOnMasterAddressFlagUntilTimeout
    stm32l1xx_hal_i2c.o(i.I2C_RequestMemoryRead) refers to stm32l1xx_hal_i2c.o(i.I2C_WaitOnTXEFlagUntilTimeout) for I2C_WaitOnTXEFlagUntilTimeout
    stm32l1xx_hal_i2c.o(i.I2C_RequestMemoryWrite) refers to stm32l1xx_hal_i2c.o(i.I2C_WaitOnFlagUntilTimeout) for I2C_WaitOnFlagUntilTimeout
    stm32l1xx_hal_i2c.o(i.I2C_RequestMemoryWrite) refers to stm32l1xx_hal_i2c.o(i.I2C_WaitOnMasterAddressFlagUntilTimeout) for I2C_WaitOnMasterAddressFlagUntilTimeout
    stm32l1xx_hal_i2c.o(i.I2C_RequestMemoryWrite) refers to stm32l1xx_hal_i2c.o(i.I2C_WaitOnTXEFlagUntilTimeout) for I2C_WaitOnTXEFlagUntilTimeout
    stm32l1xx_hal_i2c.o(i.I2C_Slave_AF) refers to stm32l1xx_hal_i2c.o(i.HAL_I2C_ListenCpltCallback) for HAL_I2C_ListenCpltCallback
    stm32l1xx_hal_i2c.o(i.I2C_Slave_AF) refers to stm32l1xx_hal_i2c.o(i.HAL_I2C_SlaveTxCpltCallback) for HAL_I2C_SlaveTxCpltCallback
    stm32l1xx_hal_i2c.o(i.I2C_Slave_STOPF) refers to stm32l1xx_hal_dma.o(i.HAL_DMA_GetState) for HAL_DMA_GetState
    stm32l1xx_hal_i2c.o(i.I2C_Slave_STOPF) refers to stm32l1xx_hal_dma.o(i.HAL_DMA_Abort_IT) for HAL_DMA_Abort_IT
    stm32l1xx_hal_i2c.o(i.I2C_Slave_STOPF) refers to stm32l1xx_hal_i2c.o(i.I2C_ITError) for I2C_ITError
    stm32l1xx_hal_i2c.o(i.I2C_Slave_STOPF) refers to stm32l1xx_hal_i2c.o(i.HAL_I2C_SlaveRxCpltCallback) for HAL_I2C_SlaveRxCpltCallback
    stm32l1xx_hal_i2c.o(i.I2C_Slave_STOPF) refers to stm32l1xx_hal_i2c.o(i.HAL_I2C_ListenCpltCallback) for HAL_I2C_ListenCpltCallback
    stm32l1xx_hal_i2c.o(i.I2C_Slave_STOPF) refers to stm32l1xx_hal_i2c.o(i.I2C_DMAAbort) for I2C_DMAAbort
    stm32l1xx_hal_i2c.o(i.I2C_WaitOnBTFFlagUntilTimeout) refers to stm32l1xx_hal_i2c.o(i.I2C_IsAcknowledgeFailed) for I2C_IsAcknowledgeFailed
    stm32l1xx_hal_i2c.o(i.I2C_WaitOnBTFFlagUntilTimeout) refers to stm32l1xx_hal.o(i.HAL_GetTick) for HAL_GetTick
    stm32l1xx_hal_i2c.o(i.I2C_WaitOnFlagUntilTimeout) refers to stm32l1xx_hal.o(i.HAL_GetTick) for HAL_GetTick
    stm32l1xx_hal_i2c.o(i.I2C_WaitOnMasterAddressFlagUntilTimeout) refers to stm32l1xx_hal.o(i.HAL_GetTick) for HAL_GetTick
    stm32l1xx_hal_i2c.o(i.I2C_WaitOnRXNEFlagUntilTimeout) refers to stm32l1xx_hal.o(i.HAL_GetTick) for HAL_GetTick
    stm32l1xx_hal_i2c.o(i.I2C_WaitOnTXEFlagUntilTimeout) refers to stm32l1xx_hal_i2c.o(i.I2C_IsAcknowledgeFailed) for I2C_IsAcknowledgeFailed
    stm32l1xx_hal_i2c.o(i.I2C_WaitOnTXEFlagUntilTimeout) refers to stm32l1xx_hal.o(i.HAL_GetTick) for HAL_GetTick
    stm32l1xx_hal_spi.o(i.HAL_SPI_Abort) refers to stm32l1xx_hal_dma.o(i.HAL_DMA_Abort) for HAL_DMA_Abort
    stm32l1xx_hal_spi.o(i.HAL_SPI_Abort) refers to system_stm32l1xx.o(.data) for SystemCoreClock
    stm32l1xx_hal_spi.o(i.HAL_SPI_Abort) refers to stm32l1xx_hal_spi.o(i.SPI_AbortTx_ISR) for SPI_AbortTx_ISR
    stm32l1xx_hal_spi.o(i.HAL_SPI_Abort) refers to stm32l1xx_hal_spi.o(i.SPI_AbortRx_ISR) for SPI_AbortRx_ISR
    stm32l1xx_hal_spi.o(i.HAL_SPI_Abort_IT) refers to stm32l1xx_hal_dma.o(i.HAL_DMA_Abort_IT) for HAL_DMA_Abort_IT
    stm32l1xx_hal_spi.o(i.HAL_SPI_Abort_IT) refers to stm32l1xx_hal_spi.o(i.HAL_SPI_AbortCpltCallback) for HAL_SPI_AbortCpltCallback
    stm32l1xx_hal_spi.o(i.HAL_SPI_Abort_IT) refers to system_stm32l1xx.o(.data) for SystemCoreClock
    stm32l1xx_hal_spi.o(i.HAL_SPI_Abort_IT) refers to stm32l1xx_hal_spi.o(i.SPI_AbortTx_ISR) for SPI_AbortTx_ISR
    stm32l1xx_hal_spi.o(i.HAL_SPI_Abort_IT) refers to stm32l1xx_hal_spi.o(i.SPI_AbortRx_ISR) for SPI_AbortRx_ISR
    stm32l1xx_hal_spi.o(i.HAL_SPI_Abort_IT) refers to stm32l1xx_hal_spi.o(i.SPI_DMATxAbortCallback) for SPI_DMATxAbortCallback
    stm32l1xx_hal_spi.o(i.HAL_SPI_Abort_IT) refers to stm32l1xx_hal_spi.o(i.SPI_DMARxAbortCallback) for SPI_DMARxAbortCallback
    stm32l1xx_hal_spi.o(i.HAL_SPI_DMAStop) refers to stm32l1xx_hal_dma.o(i.HAL_DMA_Abort) for HAL_DMA_Abort
    stm32l1xx_hal_spi.o(i.HAL_SPI_DeInit) refers to stm32l1xx_hal_msp.o(i.HAL_SPI_MspDeInit) for HAL_SPI_MspDeInit
    stm32l1xx_hal_spi.o(i.HAL_SPI_IRQHandler) refers to stm32l1xx_hal_dma.o(i.HAL_DMA_Abort_IT) for HAL_DMA_Abort_IT
    stm32l1xx_hal_spi.o(i.HAL_SPI_IRQHandler) refers to stm32l1xx_hal_spi.o(i.HAL_SPI_ErrorCallback) for HAL_SPI_ErrorCallback
    stm32l1xx_hal_spi.o(i.HAL_SPI_IRQHandler) refers to stm32l1xx_hal_spi.o(i.SPI_DMAAbortOnError) for SPI_DMAAbortOnError
    stm32l1xx_hal_spi.o(i.HAL_SPI_Init) refers to stm32l1xx_hal_msp.o(i.HAL_SPI_MspInit) for HAL_SPI_MspInit
    stm32l1xx_hal_spi.o(i.HAL_SPI_Receive) refers to stm32l1xx_hal.o(i.HAL_GetTick) for HAL_GetTick
    stm32l1xx_hal_spi.o(i.HAL_SPI_Receive) refers to stm32l1xx_hal_spi.o(i.HAL_SPI_TransmitReceive) for HAL_SPI_TransmitReceive
    stm32l1xx_hal_spi.o(i.HAL_SPI_Receive) refers to stm32l1xx_hal_spi.o(i.SPI_EndRxTransaction) for SPI_EndRxTransaction
    stm32l1xx_hal_spi.o(i.HAL_SPI_Receive_DMA) refers to stm32l1xx_hal_spi.o(i.HAL_SPI_TransmitReceive_DMA) for HAL_SPI_TransmitReceive_DMA
    stm32l1xx_hal_spi.o(i.HAL_SPI_Receive_DMA) refers to stm32l1xx_hal_dma.o(i.HAL_DMA_Start_IT) for HAL_DMA_Start_IT
    stm32l1xx_hal_spi.o(i.HAL_SPI_Receive_DMA) refers to stm32l1xx_hal_spi.o(i.SPI_DMAHalfReceiveCplt) for SPI_DMAHalfReceiveCplt
    stm32l1xx_hal_spi.o(i.HAL_SPI_Receive_DMA) refers to stm32l1xx_hal_spi.o(i.SPI_DMAReceiveCplt) for SPI_DMAReceiveCplt
    stm32l1xx_hal_spi.o(i.HAL_SPI_Receive_DMA) refers to stm32l1xx_hal_spi.o(i.SPI_DMAError) for SPI_DMAError
    stm32l1xx_hal_spi.o(i.HAL_SPI_Receive_IT) refers to stm32l1xx_hal_spi.o(i.HAL_SPI_TransmitReceive_IT) for HAL_SPI_TransmitReceive_IT
    stm32l1xx_hal_spi.o(i.HAL_SPI_Receive_IT) refers to stm32l1xx_hal_spi.o(i.SPI_RxISR_16BIT) for SPI_RxISR_16BIT
    stm32l1xx_hal_spi.o(i.HAL_SPI_Receive_IT) refers to stm32l1xx_hal_spi.o(i.SPI_RxISR_8BIT) for SPI_RxISR_8BIT
    stm32l1xx_hal_spi.o(i.HAL_SPI_Transmit) refers to stm32l1xx_hal.o(i.HAL_GetTick) for HAL_GetTick
    stm32l1xx_hal_spi.o(i.HAL_SPI_Transmit) refers to stm32l1xx_hal_spi.o(i.SPI_EndRxTxTransaction) for SPI_EndRxTxTransaction
    stm32l1xx_hal_spi.o(i.HAL_SPI_TransmitReceive) refers to stm32l1xx_hal.o(i.HAL_GetTick) for HAL_GetTick
    stm32l1xx_hal_spi.o(i.HAL_SPI_TransmitReceive) refers to stm32l1xx_hal_spi.o(i.SPI_EndRxTxTransaction) for SPI_EndRxTxTransaction
    stm32l1xx_hal_spi.o(i.HAL_SPI_TransmitReceive_DMA) refers to stm32l1xx_hal_dma.o(i.HAL_DMA_Start_IT) for HAL_DMA_Start_IT
    stm32l1xx_hal_spi.o(i.HAL_SPI_TransmitReceive_DMA) refers to stm32l1xx_hal_spi.o(i.SPI_DMAHalfTransmitReceiveCplt) for SPI_DMAHalfTransmitReceiveCplt
    stm32l1xx_hal_spi.o(i.HAL_SPI_TransmitReceive_DMA) refers to stm32l1xx_hal_spi.o(i.SPI_DMATransmitReceiveCplt) for SPI_DMATransmitReceiveCplt
    stm32l1xx_hal_spi.o(i.HAL_SPI_TransmitReceive_DMA) refers to stm32l1xx_hal_spi.o(i.SPI_DMAError) for SPI_DMAError
    stm32l1xx_hal_spi.o(i.HAL_SPI_TransmitReceive_DMA) refers to stm32l1xx_hal_spi.o(i.SPI_DMAHalfReceiveCplt) for SPI_DMAHalfReceiveCplt
    stm32l1xx_hal_spi.o(i.HAL_SPI_TransmitReceive_DMA) refers to stm32l1xx_hal_spi.o(i.SPI_DMAReceiveCplt) for SPI_DMAReceiveCplt
    stm32l1xx_hal_spi.o(i.HAL_SPI_TransmitReceive_IT) refers to stm32l1xx_hal_spi.o(i.SPI_2linesRxISR_16BIT) for SPI_2linesRxISR_16BIT
    stm32l1xx_hal_spi.o(i.HAL_SPI_TransmitReceive_IT) refers to stm32l1xx_hal_spi.o(i.SPI_2linesTxISR_16BIT) for SPI_2linesTxISR_16BIT
    stm32l1xx_hal_spi.o(i.HAL_SPI_TransmitReceive_IT) refers to stm32l1xx_hal_spi.o(i.SPI_2linesRxISR_8BIT) for SPI_2linesRxISR_8BIT
    stm32l1xx_hal_spi.o(i.HAL_SPI_TransmitReceive_IT) refers to stm32l1xx_hal_spi.o(i.SPI_2linesTxISR_8BIT) for SPI_2linesTxISR_8BIT
    stm32l1xx_hal_spi.o(i.HAL_SPI_Transmit_DMA) refers to stm32l1xx_hal_dma.o(i.HAL_DMA_Start_IT) for HAL_DMA_Start_IT
    stm32l1xx_hal_spi.o(i.HAL_SPI_Transmit_DMA) refers to stm32l1xx_hal_spi.o(i.SPI_DMAHalfTransmitCplt) for SPI_DMAHalfTransmitCplt
    stm32l1xx_hal_spi.o(i.HAL_SPI_Transmit_DMA) refers to stm32l1xx_hal_spi.o(i.SPI_DMATransmitCplt) for SPI_DMATransmitCplt
    stm32l1xx_hal_spi.o(i.HAL_SPI_Transmit_DMA) refers to stm32l1xx_hal_spi.o(i.SPI_DMAError) for SPI_DMAError
    stm32l1xx_hal_spi.o(i.HAL_SPI_Transmit_IT) refers to stm32l1xx_hal_spi.o(i.SPI_TxISR_16BIT) for SPI_TxISR_16BIT
    stm32l1xx_hal_spi.o(i.HAL_SPI_Transmit_IT) refers to stm32l1xx_hal_spi.o(i.SPI_TxISR_8BIT) for SPI_TxISR_8BIT
    stm32l1xx_hal_spi.o(i.SPI_2linesRxISR_16BIT) refers to stm32l1xx_hal_spi.o(i.SPI_CloseRxTx_ISR) for SPI_CloseRxTx_ISR
    stm32l1xx_hal_spi.o(i.SPI_2linesRxISR_8BIT) refers to stm32l1xx_hal_spi.o(i.SPI_CloseRxTx_ISR) for SPI_CloseRxTx_ISR
    stm32l1xx_hal_spi.o(i.SPI_2linesTxISR_16BIT) refers to stm32l1xx_hal_spi.o(i.SPI_CloseRxTx_ISR) for SPI_CloseRxTx_ISR
    stm32l1xx_hal_spi.o(i.SPI_2linesTxISR_8BIT) refers to stm32l1xx_hal_spi.o(i.SPI_CloseRxTx_ISR) for SPI_CloseRxTx_ISR
    stm32l1xx_hal_spi.o(i.SPI_AbortRx_ISR) refers to system_stm32l1xx.o(.data) for SystemCoreClock
    stm32l1xx_hal_spi.o(i.SPI_CloseRxTx_ISR) refers to stm32l1xx_hal.o(i.HAL_GetTick) for HAL_GetTick
    stm32l1xx_hal_spi.o(i.SPI_CloseRxTx_ISR) refers to stm32l1xx_hal_spi.o(i.SPI_EndRxTxTransaction) for SPI_EndRxTxTransaction
    stm32l1xx_hal_spi.o(i.SPI_CloseRxTx_ISR) refers to stm32l1xx_hal_spi.o(i.HAL_SPI_ErrorCallback) for HAL_SPI_ErrorCallback
    stm32l1xx_hal_spi.o(i.SPI_CloseRxTx_ISR) refers to stm32l1xx_hal_spi.o(i.HAL_SPI_TxRxCpltCallback) for HAL_SPI_TxRxCpltCallback
    stm32l1xx_hal_spi.o(i.SPI_CloseRxTx_ISR) refers to stm32l1xx_hal_spi.o(i.HAL_SPI_RxCpltCallback) for HAL_SPI_RxCpltCallback
    stm32l1xx_hal_spi.o(i.SPI_CloseRxTx_ISR) refers to system_stm32l1xx.o(.data) for SystemCoreClock
    stm32l1xx_hal_spi.o(i.SPI_CloseRx_ISR) refers to stm32l1xx_hal.o(i.HAL_GetTick) for HAL_GetTick
    stm32l1xx_hal_spi.o(i.SPI_CloseRx_ISR) refers to stm32l1xx_hal_spi.o(i.SPI_EndRxTransaction) for SPI_EndRxTransaction
    stm32l1xx_hal_spi.o(i.SPI_CloseRx_ISR) refers to stm32l1xx_hal_spi.o(i.HAL_SPI_ErrorCallback) for HAL_SPI_ErrorCallback
    stm32l1xx_hal_spi.o(i.SPI_CloseRx_ISR) refers to stm32l1xx_hal_spi.o(i.HAL_SPI_RxCpltCallback) for HAL_SPI_RxCpltCallback
    stm32l1xx_hal_spi.o(i.SPI_CloseTx_ISR) refers to stm32l1xx_hal.o(i.HAL_GetTick) for HAL_GetTick
    stm32l1xx_hal_spi.o(i.SPI_CloseTx_ISR) refers to stm32l1xx_hal_spi.o(i.SPI_EndRxTxTransaction) for SPI_EndRxTxTransaction
    stm32l1xx_hal_spi.o(i.SPI_CloseTx_ISR) refers to stm32l1xx_hal_spi.o(i.HAL_SPI_ErrorCallback) for HAL_SPI_ErrorCallback
    stm32l1xx_hal_spi.o(i.SPI_CloseTx_ISR) refers to stm32l1xx_hal_spi.o(i.HAL_SPI_TxCpltCallback) for HAL_SPI_TxCpltCallback
    stm32l1xx_hal_spi.o(i.SPI_CloseTx_ISR) refers to system_stm32l1xx.o(.data) for SystemCoreClock
    stm32l1xx_hal_spi.o(i.SPI_DMAAbortOnError) refers to stm32l1xx_hal_spi.o(i.HAL_SPI_ErrorCallback) for HAL_SPI_ErrorCallback
    stm32l1xx_hal_spi.o(i.SPI_DMAError) refers to stm32l1xx_hal_spi.o(i.HAL_SPI_ErrorCallback) for HAL_SPI_ErrorCallback
    stm32l1xx_hal_spi.o(i.SPI_DMAHalfReceiveCplt) refers to stm32l1xx_hal_spi.o(i.HAL_SPI_RxHalfCpltCallback) for HAL_SPI_RxHalfCpltCallback
    stm32l1xx_hal_spi.o(i.SPI_DMAHalfTransmitCplt) refers to stm32l1xx_hal_spi.o(i.HAL_SPI_TxHalfCpltCallback) for HAL_SPI_TxHalfCpltCallback
    stm32l1xx_hal_spi.o(i.SPI_DMAHalfTransmitReceiveCplt) refers to stm32l1xx_hal_spi.o(i.HAL_SPI_TxRxHalfCpltCallback) for HAL_SPI_TxRxHalfCpltCallback
    stm32l1xx_hal_spi.o(i.SPI_DMAReceiveCplt) refers to stm32l1xx_hal.o(i.HAL_GetTick) for HAL_GetTick
    stm32l1xx_hal_spi.o(i.SPI_DMAReceiveCplt) refers to stm32l1xx_hal_spi.o(i.SPI_EndRxTransaction) for SPI_EndRxTransaction
    stm32l1xx_hal_spi.o(i.SPI_DMAReceiveCplt) refers to stm32l1xx_hal_spi.o(i.HAL_SPI_ErrorCallback) for HAL_SPI_ErrorCallback
    stm32l1xx_hal_spi.o(i.SPI_DMAReceiveCplt) refers to stm32l1xx_hal_spi.o(i.HAL_SPI_RxCpltCallback) for HAL_SPI_RxCpltCallback
    stm32l1xx_hal_spi.o(i.SPI_DMARxAbortCallback) refers to stm32l1xx_hal.o(i.HAL_GetTick) for HAL_GetTick
    stm32l1xx_hal_spi.o(i.SPI_DMARxAbortCallback) refers to stm32l1xx_hal_spi.o(i.SPI_EndRxTxTransaction) for SPI_EndRxTxTransaction
    stm32l1xx_hal_spi.o(i.SPI_DMARxAbortCallback) refers to stm32l1xx_hal_spi.o(i.HAL_SPI_AbortCpltCallback) for HAL_SPI_AbortCpltCallback
    stm32l1xx_hal_spi.o(i.SPI_DMATransmitCplt) refers to stm32l1xx_hal.o(i.HAL_GetTick) for HAL_GetTick
    stm32l1xx_hal_spi.o(i.SPI_DMATransmitCplt) refers to stm32l1xx_hal_spi.o(i.SPI_EndRxTxTransaction) for SPI_EndRxTxTransaction
    stm32l1xx_hal_spi.o(i.SPI_DMATransmitCplt) refers to stm32l1xx_hal_spi.o(i.HAL_SPI_ErrorCallback) for HAL_SPI_ErrorCallback
    stm32l1xx_hal_spi.o(i.SPI_DMATransmitCplt) refers to stm32l1xx_hal_spi.o(i.HAL_SPI_TxCpltCallback) for HAL_SPI_TxCpltCallback
    stm32l1xx_hal_spi.o(i.SPI_DMATransmitReceiveCplt) refers to stm32l1xx_hal.o(i.HAL_GetTick) for HAL_GetTick
    stm32l1xx_hal_spi.o(i.SPI_DMATransmitReceiveCplt) refers to stm32l1xx_hal_spi.o(i.SPI_EndRxTxTransaction) for SPI_EndRxTxTransaction
    stm32l1xx_hal_spi.o(i.SPI_DMATransmitReceiveCplt) refers to stm32l1xx_hal_spi.o(i.HAL_SPI_ErrorCallback) for HAL_SPI_ErrorCallback
    stm32l1xx_hal_spi.o(i.SPI_DMATransmitReceiveCplt) refers to stm32l1xx_hal_spi.o(i.HAL_SPI_TxRxCpltCallback) for HAL_SPI_TxRxCpltCallback
    stm32l1xx_hal_spi.o(i.SPI_DMATxAbortCallback) refers to stm32l1xx_hal_spi.o(i.HAL_SPI_AbortCpltCallback) for HAL_SPI_AbortCpltCallback
    stm32l1xx_hal_spi.o(i.SPI_DMATxAbortCallback) refers to system_stm32l1xx.o(.data) for SystemCoreClock
    stm32l1xx_hal_spi.o(i.SPI_EndRxTransaction) refers to stm32l1xx_hal_spi.o(i.SPI_WaitFlagStateUntilTimeout) for SPI_WaitFlagStateUntilTimeout
    stm32l1xx_hal_spi.o(i.SPI_EndRxTxTransaction) refers to stm32l1xx_hal_spi.o(i.SPI_WaitFlagStateUntilTimeout) for SPI_WaitFlagStateUntilTimeout
    stm32l1xx_hal_spi.o(i.SPI_RxISR_16BIT) refers to stm32l1xx_hal_spi.o(i.SPI_CloseRx_ISR) for SPI_CloseRx_ISR
    stm32l1xx_hal_spi.o(i.SPI_RxISR_8BIT) refers to stm32l1xx_hal_spi.o(i.SPI_CloseRx_ISR) for SPI_CloseRx_ISR
    stm32l1xx_hal_spi.o(i.SPI_TxISR_16BIT) refers to stm32l1xx_hal_spi.o(i.SPI_CloseTx_ISR) for SPI_CloseTx_ISR
    stm32l1xx_hal_spi.o(i.SPI_TxISR_8BIT) refers to stm32l1xx_hal_spi.o(i.SPI_CloseTx_ISR) for SPI_CloseTx_ISR
    stm32l1xx_hal_spi.o(i.SPI_WaitFlagStateUntilTimeout) refers to stm32l1xx_hal.o(i.HAL_GetTick) for HAL_GetTick
    stm32l1xx_hal_uart.o(i.HAL_HalfDuplex_Init) refers to stm32l1xx_hal_msp.o(i.HAL_UART_MspInit) for HAL_UART_MspInit
    stm32l1xx_hal_uart.o(i.HAL_HalfDuplex_Init) refers to stm32l1xx_hal_uart.o(i.UART_SetConfig) for UART_SetConfig
    stm32l1xx_hal_uart.o(i.HAL_LIN_Init) refers to stm32l1xx_hal_msp.o(i.HAL_UART_MspInit) for HAL_UART_MspInit
    stm32l1xx_hal_uart.o(i.HAL_LIN_Init) refers to stm32l1xx_hal_uart.o(i.UART_SetConfig) for UART_SetConfig
    stm32l1xx_hal_uart.o(i.HAL_MultiProcessor_Init) refers to stm32l1xx_hal_msp.o(i.HAL_UART_MspInit) for HAL_UART_MspInit
    stm32l1xx_hal_uart.o(i.HAL_MultiProcessor_Init) refers to stm32l1xx_hal_uart.o(i.UART_SetConfig) for UART_SetConfig
    stm32l1xx_hal_uart.o(i.HAL_UART_Abort) refers to stm32l1xx_hal_dma.o(i.HAL_DMA_Abort) for HAL_DMA_Abort
    stm32l1xx_hal_uart.o(i.HAL_UART_Abort) refers to stm32l1xx_hal_dma.o(i.HAL_DMA_GetError) for HAL_DMA_GetError
    stm32l1xx_hal_uart.o(i.HAL_UART_AbortReceive) refers to stm32l1xx_hal_dma.o(i.HAL_DMA_Abort) for HAL_DMA_Abort
    stm32l1xx_hal_uart.o(i.HAL_UART_AbortReceive) refers to stm32l1xx_hal_dma.o(i.HAL_DMA_GetError) for HAL_DMA_GetError
    stm32l1xx_hal_uart.o(i.HAL_UART_AbortReceive_IT) refers to stm32l1xx_hal_dma.o(i.HAL_DMA_Abort_IT) for HAL_DMA_Abort_IT
    stm32l1xx_hal_uart.o(i.HAL_UART_AbortReceive_IT) refers to stm32l1xx_hal_uart.o(i.HAL_UART_AbortReceiveCpltCallback) for HAL_UART_AbortReceiveCpltCallback
    stm32l1xx_hal_uart.o(i.HAL_UART_AbortReceive_IT) refers to stm32l1xx_hal_uart.o(i.UART_DMARxOnlyAbortCallback) for UART_DMARxOnlyAbortCallback
    stm32l1xx_hal_uart.o(i.HAL_UART_AbortTransmit) refers to stm32l1xx_hal_dma.o(i.HAL_DMA_Abort) for HAL_DMA_Abort
    stm32l1xx_hal_uart.o(i.HAL_UART_AbortTransmit) refers to stm32l1xx_hal_dma.o(i.HAL_DMA_GetError) for HAL_DMA_GetError
    stm32l1xx_hal_uart.o(i.HAL_UART_AbortTransmit_IT) refers to stm32l1xx_hal_dma.o(i.HAL_DMA_Abort_IT) for HAL_DMA_Abort_IT
    stm32l1xx_hal_uart.o(i.HAL_UART_AbortTransmit_IT) refers to stm32l1xx_hal_uart.o(i.HAL_UART_AbortTransmitCpltCallback) for HAL_UART_AbortTransmitCpltCallback
    stm32l1xx_hal_uart.o(i.HAL_UART_AbortTransmit_IT) refers to stm32l1xx_hal_uart.o(i.UART_DMATxOnlyAbortCallback) for UART_DMATxOnlyAbortCallback
    stm32l1xx_hal_uart.o(i.HAL_UART_Abort_IT) refers to stm32l1xx_hal_dma.o(i.HAL_DMA_Abort_IT) for HAL_DMA_Abort_IT
    stm32l1xx_hal_uart.o(i.HAL_UART_Abort_IT) refers to stm32l1xx_hal_uart.o(i.HAL_UART_AbortCpltCallback) for HAL_UART_AbortCpltCallback
    stm32l1xx_hal_uart.o(i.HAL_UART_Abort_IT) refers to stm32l1xx_hal_uart.o(i.UART_DMATxAbortCallback) for UART_DMATxAbortCallback
    stm32l1xx_hal_uart.o(i.HAL_UART_Abort_IT) refers to stm32l1xx_hal_uart.o(i.UART_DMARxAbortCallback) for UART_DMARxAbortCallback
    stm32l1xx_hal_uart.o(i.HAL_UART_DMAStop) refers to stm32l1xx_hal_dma.o(i.HAL_DMA_Abort) for HAL_DMA_Abort
    stm32l1xx_hal_uart.o(i.HAL_UART_DMAStop) refers to stm32l1xx_hal_uart.o(i.UART_EndTxTransfer) for UART_EndTxTransfer
    stm32l1xx_hal_uart.o(i.HAL_UART_DMAStop) refers to stm32l1xx_hal_uart.o(i.UART_EndRxTransfer) for UART_EndRxTransfer
    stm32l1xx_hal_uart.o(i.HAL_UART_DeInit) refers to stm32l1xx_hal_msp.o(i.HAL_UART_MspDeInit) for HAL_UART_MspDeInit
    stm32l1xx_hal_uart.o(i.HAL_UART_IRQHandler) refers to stm32l1xx_hal_uart.o(i.UART_Receive_IT) for UART_Receive_IT
    stm32l1xx_hal_uart.o(i.HAL_UART_IRQHandler) refers to stm32l1xx_hal_uart.o(i.UART_EndRxTransfer) for UART_EndRxTransfer
    stm32l1xx_hal_uart.o(i.HAL_UART_IRQHandler) refers to stm32l1xx_hal_dma.o(i.HAL_DMA_Abort_IT) for HAL_DMA_Abort_IT
    stm32l1xx_hal_uart.o(i.HAL_UART_IRQHandler) refers to stm32l1xx_hal_uart.o(i.HAL_UART_ErrorCallback) for HAL_UART_ErrorCallback
    stm32l1xx_hal_uart.o(i.HAL_UART_IRQHandler) refers to stm32l1xx_hal_uart.o(i.UART_Transmit_IT) for UART_Transmit_IT
    stm32l1xx_hal_uart.o(i.HAL_UART_IRQHandler) refers to stm32l1xx_hal_uart.o(i.HAL_UART_TxCpltCallback) for HAL_UART_TxCpltCallback
    stm32l1xx_hal_uart.o(i.HAL_UART_IRQHandler) refers to stm32l1xx_hal_uart.o(i.UART_DMAAbortOnError) for UART_DMAAbortOnError
    stm32l1xx_hal_uart.o(i.HAL_UART_Init) refers to stm32l1xx_hal_msp.o(i.HAL_UART_MspInit) for HAL_UART_MspInit
    stm32l1xx_hal_uart.o(i.HAL_UART_Init) refers to stm32l1xx_hal_uart.o(i.UART_SetConfig) for UART_SetConfig
    stm32l1xx_hal_uart.o(i.HAL_UART_Receive) refers to stm32l1xx_hal.o(i.HAL_GetTick) for HAL_GetTick
    stm32l1xx_hal_uart.o(i.HAL_UART_Receive) refers to stm32l1xx_hal_uart.o(i.UART_WaitOnFlagUntilTimeout) for UART_WaitOnFlagUntilTimeout
    stm32l1xx_hal_uart.o(i.HAL_UART_Receive_DMA) refers to stm32l1xx_hal_dma.o(i.HAL_DMA_Start_IT) for HAL_DMA_Start_IT
    stm32l1xx_hal_uart.o(i.HAL_UART_Receive_DMA) refers to stm32l1xx_hal_uart.o(i.UART_DMAReceiveCplt) for UART_DMAReceiveCplt
    stm32l1xx_hal_uart.o(i.HAL_UART_Receive_DMA) refers to stm32l1xx_hal_uart.o(i.UART_DMARxHalfCplt) for UART_DMARxHalfCplt
    stm32l1xx_hal_uart.o(i.HAL_UART_Receive_DMA) refers to stm32l1xx_hal_uart.o(i.UART_DMAError) for UART_DMAError
    stm32l1xx_hal_uart.o(i.HAL_UART_Transmit) refers to stm32l1xx_hal.o(i.HAL_GetTick) for HAL_GetTick
    stm32l1xx_hal_uart.o(i.HAL_UART_Transmit) refers to stm32l1xx_hal_uart.o(i.UART_WaitOnFlagUntilTimeout) for UART_WaitOnFlagUntilTimeout
    stm32l1xx_hal_uart.o(i.HAL_UART_Transmit_DMA) refers to stm32l1xx_hal_dma.o(i.HAL_DMA_Start_IT) for HAL_DMA_Start_IT
    stm32l1xx_hal_uart.o(i.HAL_UART_Transmit_DMA) refers to stm32l1xx_hal_uart.o(i.UART_DMATransmitCplt) for UART_DMATransmitCplt
    stm32l1xx_hal_uart.o(i.HAL_UART_Transmit_DMA) refers to stm32l1xx_hal_uart.o(i.UART_DMATxHalfCplt) for UART_DMATxHalfCplt
    stm32l1xx_hal_uart.o(i.HAL_UART_Transmit_DMA) refers to stm32l1xx_hal_uart.o(i.UART_DMAError) for UART_DMAError
    stm32l1xx_hal_uart.o(i.UART_DMAAbortOnError) refers to stm32l1xx_hal_uart.o(i.HAL_UART_ErrorCallback) for HAL_UART_ErrorCallback
    stm32l1xx_hal_uart.o(i.UART_DMAError) refers to stm32l1xx_hal_uart.o(i.UART_EndTxTransfer) for UART_EndTxTransfer
    stm32l1xx_hal_uart.o(i.UART_DMAError) refers to stm32l1xx_hal_uart.o(i.UART_EndRxTransfer) for UART_EndRxTransfer
    stm32l1xx_hal_uart.o(i.UART_DMAError) refers to stm32l1xx_hal_uart.o(i.HAL_UART_ErrorCallback) for HAL_UART_ErrorCallback
    stm32l1xx_hal_uart.o(i.UART_DMAReceiveCplt) refers to stm32l1xx_hal_uart.o(i.HAL_UART_RxCpltCallback) for HAL_UART_RxCpltCallback
    stm32l1xx_hal_uart.o(i.UART_DMARxAbortCallback) refers to stm32l1xx_hal_uart.o(i.HAL_UART_AbortCpltCallback) for HAL_UART_AbortCpltCallback
    stm32l1xx_hal_uart.o(i.UART_DMARxHalfCplt) refers to stm32l1xx_hal_uart.o(i.HAL_UART_RxHalfCpltCallback) for HAL_UART_RxHalfCpltCallback
    stm32l1xx_hal_uart.o(i.UART_DMARxOnlyAbortCallback) refers to stm32l1xx_hal_uart.o(i.HAL_UART_AbortReceiveCpltCallback) for HAL_UART_AbortReceiveCpltCallback
    stm32l1xx_hal_uart.o(i.UART_DMATransmitCplt) refers to stm32l1xx_hal_uart.o(i.HAL_UART_TxCpltCallback) for HAL_UART_TxCpltCallback
    stm32l1xx_hal_uart.o(i.UART_DMATxAbortCallback) refers to stm32l1xx_hal_uart.o(i.HAL_UART_AbortCpltCallback) for HAL_UART_AbortCpltCallback
    stm32l1xx_hal_uart.o(i.UART_DMATxHalfCplt) refers to stm32l1xx_hal_uart.o(i.HAL_UART_TxHalfCpltCallback) for HAL_UART_TxHalfCpltCallback
    stm32l1xx_hal_uart.o(i.UART_DMATxOnlyAbortCallback) refers to stm32l1xx_hal_uart.o(i.HAL_UART_AbortTransmitCpltCallback) for HAL_UART_AbortTransmitCpltCallback
    stm32l1xx_hal_uart.o(i.UART_Receive_IT) refers to stm32l1xx_hal_uart.o(i.HAL_UART_RxCpltCallback) for HAL_UART_RxCpltCallback
    stm32l1xx_hal_uart.o(i.UART_SetConfig) refers to stm32l1xx_hal_rcc.o(i.HAL_RCC_GetPCLK2Freq) for HAL_RCC_GetPCLK2Freq
    stm32l1xx_hal_uart.o(i.UART_SetConfig) refers to stm32l1xx_hal_rcc.o(i.HAL_RCC_GetPCLK1Freq) for HAL_RCC_GetPCLK1Freq
    stm32l1xx_hal_uart.o(i.UART_WaitOnFlagUntilTimeout) refers to stm32l1xx_hal.o(i.HAL_GetTick) for HAL_GetTick
    system_stm32l1xx.o(i.SystemCoreClockUpdate) refers to system_stm32l1xx.o(.data) for .data
    system_stm32l1xx.o(i.SystemCoreClockUpdate) refers to system_stm32l1xx.o(.constdata) for .constdata
    entry.o(.ARM.Collect$$$$00000000) refers (Special) to entry10a.o(.ARM.Collect$$$$0000000D) for __rt_final_cpp
    entry.o(.ARM.Collect$$$$00000000) refers (Special) to entry11a.o(.ARM.Collect$$$$0000000F) for __rt_final_exit
    entry.o(.ARM.Collect$$$$00000000) refers (Special) to entry7b.o(.ARM.Collect$$$$00000008) for _main_clock
    entry.o(.ARM.Collect$$$$00000000) refers (Special) to entry8b.o(.ARM.Collect$$$$0000000A) for _main_cpp_init
    entry.o(.ARM.Collect$$$$00000000) refers (Special) to entry9a.o(.ARM.Collect$$$$0000000B) for _main_init
    entry.o(.ARM.Collect$$$$00000000) refers (Special) to entry5.o(.ARM.Collect$$$$00000004) for _main_scatterload
    entry.o(.ARM.Collect$$$$00000000) refers (Special) to entry2.o(.ARM.Collect$$$$00000001) for _main_stk
    printfb.o(i.__0fprintf$bare) refers to printfb.o(i._printf_core) for _printf_core
    printfb.o(i.__0fprintf$bare) refers to fputc.o(i.fputc) for fputc
    printfb.o(i.__0printf$bare) refers to printfb.o(i._printf_core) for _printf_core
    printfb.o(i.__0printf$bare) refers to fputc.o(i.fputc) for fputc
    printfb.o(i.__0printf$bare) refers to stdout.o(.data) for __stdout
    printfb.o(i.__0snprintf$bare) refers to printfb.o(i._printf_core) for _printf_core
    printfb.o(i.__0snprintf$bare) refers to printfb.o(i._snputc) for _snputc
    printfb.o(i.__0sprintf$bare) refers to printfb.o(i._printf_core) for _printf_core
    printfb.o(i.__0sprintf$bare) refers to printfb.o(i._sputc) for _sputc
    printfb.o(i.__0vfprintf$bare) refers to printfb.o(i._printf_core) for _printf_core
    printfb.o(i.__0vfprintf$bare) refers to fputc.o(i.fputc) for fputc
    printfb.o(i.__0vprintf$bare) refers to printfb.o(i._printf_core) for _printf_core
    printfb.o(i.__0vprintf$bare) refers to fputc.o(i.fputc) for fputc
    printfb.o(i.__0vprintf$bare) refers to stdout.o(.data) for __stdout
    printfb.o(i.__0vsnprintf$bare) refers to printfb.o(i._printf_core) for _printf_core
    printfb.o(i.__0vsnprintf$bare) refers to printfb.o(i._snputc) for _snputc
    printfb.o(i.__0vsprintf$bare) refers to printfb.o(i._printf_core) for _printf_core
    printfb.o(i.__0vsprintf$bare) refers to printfb.o(i._sputc) for _sputc
    printf0.o(i.__0fprintf$0) refers to printf0.o(i._printf_core) for _printf_core
    printf0.o(i.__0fprintf$0) refers to fputc.o(i.fputc) for fputc
    printf0.o(i.__0printf$0) refers to printf0.o(i._printf_core) for _printf_core
    printf0.o(i.__0printf$0) refers to fputc.o(i.fputc) for fputc
    printf0.o(i.__0printf$0) refers to stdout.o(.data) for __stdout
    printf0.o(i.__0snprintf$0) refers to printf0.o(i._printf_core) for _printf_core
    printf0.o(i.__0snprintf$0) refers to printf0.o(i._snputc) for _snputc
    printf0.o(i.__0sprintf$0) refers to printf0.o(i._printf_core) for _printf_core
    printf0.o(i.__0sprintf$0) refers to printf0.o(i._sputc) for _sputc
    printf0.o(i.__0vfprintf$0) refers to printf0.o(i._printf_core) for _printf_core
    printf0.o(i.__0vfprintf$0) refers to fputc.o(i.fputc) for fputc
    printf0.o(i.__0vprintf$0) refers to printf0.o(i._printf_core) for _printf_core
    printf0.o(i.__0vprintf$0) refers to fputc.o(i.fputc) for fputc
    printf0.o(i.__0vprintf$0) refers to stdout.o(.data) for __stdout
    printf0.o(i.__0vsnprintf$0) refers to printf0.o(i._printf_core) for _printf_core
    printf0.o(i.__0vsnprintf$0) refers to printf0.o(i._snputc) for _snputc
    printf0.o(i.__0vsprintf$0) refers to printf0.o(i._printf_core) for _printf_core
    printf0.o(i.__0vsprintf$0) refers to printf0.o(i._sputc) for _sputc
    printf1.o(i.__0fprintf$1) refers to printf1.o(i._printf_core) for _printf_core
    printf1.o(i.__0fprintf$1) refers to fputc.o(i.fputc) for fputc
    printf1.o(i.__0printf$1) refers to printf1.o(i._printf_core) for _printf_core
    printf1.o(i.__0printf$1) refers to fputc.o(i.fputc) for fputc
    printf1.o(i.__0printf$1) refers to stdout.o(.data) for __stdout
    printf1.o(i.__0snprintf$1) refers to printf1.o(i._printf_core) for _printf_core
    printf1.o(i.__0snprintf$1) refers to printf1.o(i._snputc) for _snputc
    printf1.o(i.__0sprintf$1) refers to printf1.o(i._printf_core) for _printf_core
    printf1.o(i.__0sprintf$1) refers to printf1.o(i._sputc) for _sputc
    printf1.o(i.__0vfprintf$1) refers to printf1.o(i._printf_core) for _printf_core
    printf1.o(i.__0vfprintf$1) refers to fputc.o(i.fputc) for fputc
    printf1.o(i.__0vprintf$1) refers to printf1.o(i._printf_core) for _printf_core
    printf1.o(i.__0vprintf$1) refers to fputc.o(i.fputc) for fputc
    printf1.o(i.__0vprintf$1) refers to stdout.o(.data) for __stdout
    printf1.o(i.__0vsnprintf$1) refers to printf1.o(i._printf_core) for _printf_core
    printf1.o(i.__0vsnprintf$1) refers to printf1.o(i._snputc) for _snputc
    printf1.o(i.__0vsprintf$1) refers to printf1.o(i._printf_core) for _printf_core
    printf1.o(i.__0vsprintf$1) refers to printf1.o(i._sputc) for _sputc
    printf1.o(i._printf_core) refers to uidiv.o(.text) for __aeabi_uidivmod
    printf2.o(i.__0fprintf$2) refers to printf2.o(i._printf_core) for _printf_core
    printf2.o(i.__0fprintf$2) refers to fputc.o(i.fputc) for fputc
    printf2.o(i.__0printf$2) refers to printf2.o(i._printf_core) for _printf_core
    printf2.o(i.__0printf$2) refers to fputc.o(i.fputc) for fputc
    printf2.o(i.__0printf$2) refers to stdout.o(.data) for __stdout
    printf2.o(i.__0snprintf$2) refers to printf2.o(i._printf_core) for _printf_core
    printf2.o(i.__0snprintf$2) refers to printf2.o(i._snputc) for _snputc
    printf2.o(i.__0sprintf$2) refers to printf2.o(i._printf_core) for _printf_core
    printf2.o(i.__0sprintf$2) refers to printf2.o(i._sputc) for _sputc
    printf2.o(i.__0vfprintf$2) refers to printf2.o(i._printf_core) for _printf_core
    printf2.o(i.__0vfprintf$2) refers to fputc.o(i.fputc) for fputc
    printf2.o(i.__0vprintf$2) refers to printf2.o(i._printf_core) for _printf_core
    printf2.o(i.__0vprintf$2) refers to fputc.o(i.fputc) for fputc
    printf2.o(i.__0vprintf$2) refers to stdout.o(.data) for __stdout
    printf2.o(i.__0vsnprintf$2) refers to printf2.o(i._printf_core) for _printf_core
    printf2.o(i.__0vsnprintf$2) refers to printf2.o(i._snputc) for _snputc
    printf2.o(i.__0vsprintf$2) refers to printf2.o(i._printf_core) for _printf_core
    printf2.o(i.__0vsprintf$2) refers to printf2.o(i._sputc) for _sputc
    printf3.o(i.__0fprintf$3) refers to printf3.o(i._printf_core) for _printf_core
    printf3.o(i.__0fprintf$3) refers to fputc.o(i.fputc) for fputc
    printf3.o(i.__0printf$3) refers to printf3.o(i._printf_core) for _printf_core
    printf3.o(i.__0printf$3) refers to fputc.o(i.fputc) for fputc
    printf3.o(i.__0printf$3) refers to stdout.o(.data) for __stdout
    printf3.o(i.__0snprintf$3) refers to printf3.o(i._printf_core) for _printf_core
    printf3.o(i.__0snprintf$3) refers to printf3.o(i._snputc) for _snputc
    printf3.o(i.__0sprintf$3) refers to printf3.o(i._printf_core) for _printf_core
    printf3.o(i.__0sprintf$3) refers to printf3.o(i._sputc) for _sputc
    printf3.o(i.__0vfprintf$3) refers to printf3.o(i._printf_core) for _printf_core
    printf3.o(i.__0vfprintf$3) refers to fputc.o(i.fputc) for fputc
    printf3.o(i.__0vprintf$3) refers to printf3.o(i._printf_core) for _printf_core
    printf3.o(i.__0vprintf$3) refers to fputc.o(i.fputc) for fputc
    printf3.o(i.__0vprintf$3) refers to stdout.o(.data) for __stdout
    printf3.o(i.__0vsnprintf$3) refers to printf3.o(i._printf_core) for _printf_core
    printf3.o(i.__0vsnprintf$3) refers to printf3.o(i._snputc) for _snputc
    printf3.o(i.__0vsprintf$3) refers to printf3.o(i._printf_core) for _printf_core
    printf3.o(i.__0vsprintf$3) refers to printf3.o(i._sputc) for _sputc
    printf3.o(i._printf_core) refers to uidiv.o(.text) for __aeabi_uidivmod
    printf4.o(i.__0fprintf$4) refers to printf4.o(i._printf_core) for _printf_core
    printf4.o(i.__0fprintf$4) refers to fputc.o(i.fputc) for fputc
    printf4.o(i.__0printf$4) refers to printf4.o(i._printf_core) for _printf_core
    printf4.o(i.__0printf$4) refers to fputc.o(i.fputc) for fputc
    printf4.o(i.__0printf$4) refers to stdout.o(.data) for __stdout
    printf4.o(i.__0snprintf$4) refers to printf4.o(i._printf_core) for _printf_core
    printf4.o(i.__0snprintf$4) refers to printf4.o(i._snputc) for _snputc
    printf4.o(i.__0sprintf$4) refers to printf4.o(i._printf_core) for _printf_core
    printf4.o(i.__0sprintf$4) refers to printf4.o(i._sputc) for _sputc
    printf4.o(i.__0vfprintf$4) refers to printf4.o(i._printf_core) for _printf_core
    printf4.o(i.__0vfprintf$4) refers to fputc.o(i.fputc) for fputc
    printf4.o(i.__0vprintf$4) refers to printf4.o(i._printf_core) for _printf_core
    printf4.o(i.__0vprintf$4) refers to fputc.o(i.fputc) for fputc
    printf4.o(i.__0vprintf$4) refers to stdout.o(.data) for __stdout
    printf4.o(i.__0vsnprintf$4) refers to printf4.o(i._printf_core) for _printf_core
    printf4.o(i.__0vsnprintf$4) refers to printf4.o(i._snputc) for _snputc
    printf4.o(i.__0vsprintf$4) refers to printf4.o(i._printf_core) for _printf_core
    printf4.o(i.__0vsprintf$4) refers to printf4.o(i._sputc) for _sputc
    printf4.o(i._printf_core) refers to uldiv.o(.text) for __aeabi_uldivmod
    printf5.o(i.__0fprintf$5) refers to printf5.o(i._printf_core) for _printf_core
    printf5.o(i.__0fprintf$5) refers to fputc.o(i.fputc) for fputc
    printf5.o(i.__0printf$5) refers to printf5.o(i._printf_core) for _printf_core
    printf5.o(i.__0printf$5) refers to fputc.o(i.fputc) for fputc
    printf5.o(i.__0printf$5) refers to stdout.o(.data) for __stdout
    printf5.o(i.__0snprintf$5) refers to printf5.o(i._printf_core) for _printf_core
    printf5.o(i.__0snprintf$5) refers to printf5.o(i._snputc) for _snputc
    printf5.o(i.__0sprintf$5) refers to printf5.o(i._printf_core) for _printf_core
    printf5.o(i.__0sprintf$5) refers to printf5.o(i._sputc) for _sputc
    printf5.o(i.__0vfprintf$5) refers to printf5.o(i._printf_core) for _printf_core
    printf5.o(i.__0vfprintf$5) refers to fputc.o(i.fputc) for fputc
    printf5.o(i.__0vprintf$5) refers to printf5.o(i._printf_core) for _printf_core
    printf5.o(i.__0vprintf$5) refers to fputc.o(i.fputc) for fputc
    printf5.o(i.__0vprintf$5) refers to stdout.o(.data) for __stdout
    printf5.o(i.__0vsnprintf$5) refers to printf5.o(i._printf_core) for _printf_core
    printf5.o(i.__0vsnprintf$5) refers to printf5.o(i._snputc) for _snputc
    printf5.o(i.__0vsprintf$5) refers to printf5.o(i._printf_core) for _printf_core
    printf5.o(i.__0vsprintf$5) refers to printf5.o(i._sputc) for _sputc
    printf5.o(i._printf_core) refers to uldiv.o(.text) for __aeabi_uldivmod
    printf6.o(i.__0fprintf$6) refers to printf6.o(i._printf_core) for _printf_core
    printf6.o(i.__0fprintf$6) refers to fputc.o(i.fputc) for fputc
    printf6.o(i.__0printf$6) refers to printf6.o(i._printf_core) for _printf_core
    printf6.o(i.__0printf$6) refers to fputc.o(i.fputc) for fputc
    printf6.o(i.__0printf$6) refers to stdout.o(.data) for __stdout
    printf6.o(i.__0snprintf$6) refers to printf6.o(i._printf_core) for _printf_core
    printf6.o(i.__0snprintf$6) refers to printf6.o(i._snputc) for _snputc
    printf6.o(i.__0sprintf$6) refers to printf6.o(i._printf_core) for _printf_core
    printf6.o(i.__0sprintf$6) refers to printf6.o(i._sputc) for _sputc
    printf6.o(i.__0vfprintf$6) refers to printf6.o(i._printf_core) for _printf_core
    printf6.o(i.__0vfprintf$6) refers to fputc.o(i.fputc) for fputc
    printf6.o(i.__0vprintf$6) refers to printf6.o(i._printf_core) for _printf_core
    printf6.o(i.__0vprintf$6) refers to fputc.o(i.fputc) for fputc
    printf6.o(i.__0vprintf$6) refers to stdout.o(.data) for __stdout
    printf6.o(i.__0vsnprintf$6) refers to printf6.o(i._printf_core) for _printf_core
    printf6.o(i.__0vsnprintf$6) refers to printf6.o(i._snputc) for _snputc
    printf6.o(i.__0vsprintf$6) refers to printf6.o(i._printf_core) for _printf_core
    printf6.o(i.__0vsprintf$6) refers to printf6.o(i._sputc) for _sputc
    printf6.o(i._printf_core) refers to printf6.o(i._printf_pre_padding) for _printf_pre_padding
    printf6.o(i._printf_core) refers to uidiv.o(.text) for __aeabi_uidivmod
    printf6.o(i._printf_core) refers to printf6.o(i._printf_post_padding) for _printf_post_padding
    printf7.o(i.__0fprintf$7) refers to printf7.o(i._printf_core) for _printf_core
    printf7.o(i.__0fprintf$7) refers to fputc.o(i.fputc) for fputc
    printf7.o(i.__0printf$7) refers to printf7.o(i._printf_core) for _printf_core
    printf7.o(i.__0printf$7) refers to fputc.o(i.fputc) for fputc
    printf7.o(i.__0printf$7) refers to stdout.o(.data) for __stdout
    printf7.o(i.__0snprintf$7) refers to printf7.o(i._printf_core) for _printf_core
    printf7.o(i.__0snprintf$7) refers to printf7.o(i._snputc) for _snputc
    printf7.o(i.__0sprintf$7) refers to printf7.o(i._printf_core) for _printf_core
    printf7.o(i.__0sprintf$7) refers to printf7.o(i._sputc) for _sputc
    printf7.o(i.__0vfprintf$7) refers to printf7.o(i._printf_core) for _printf_core
    printf7.o(i.__0vfprintf$7) refers to fputc.o(i.fputc) for fputc
    printf7.o(i.__0vprintf$7) refers to printf7.o(i._printf_core) for _printf_core
    printf7.o(i.__0vprintf$7) refers to fputc.o(i.fputc) for fputc
    printf7.o(i.__0vprintf$7) refers to stdout.o(.data) for __stdout
    printf7.o(i.__0vsnprintf$7) refers to printf7.o(i._printf_core) for _printf_core
    printf7.o(i.__0vsnprintf$7) refers to printf7.o(i._snputc) for _snputc
    printf7.o(i.__0vsprintf$7) refers to printf7.o(i._printf_core) for _printf_core
    printf7.o(i.__0vsprintf$7) refers to printf7.o(i._sputc) for _sputc
    printf7.o(i._printf_core) refers to printf7.o(i._printf_pre_padding) for _printf_pre_padding
    printf7.o(i._printf_core) refers to uldiv.o(.text) for __aeabi_uldivmod
    printf7.o(i._printf_core) refers to printf7.o(i._printf_post_padding) for _printf_post_padding
    printf8.o(i.__0fprintf$8) refers to printf8.o(i._printf_core) for _printf_core
    printf8.o(i.__0fprintf$8) refers to fputc.o(i.fputc) for fputc
    printf8.o(i.__0printf$8) refers to printf8.o(i._printf_core) for _printf_core
    printf8.o(i.__0printf$8) refers to fputc.o(i.fputc) for fputc
    printf8.o(i.__0printf$8) refers to stdout.o(.data) for __stdout
    printf8.o(i.__0snprintf$8) refers to printf8.o(i._printf_core) for _printf_core
    printf8.o(i.__0snprintf$8) refers to printf8.o(i._snputc) for _snputc
    printf8.o(i.__0sprintf$8) refers to printf8.o(i._printf_core) for _printf_core
    printf8.o(i.__0sprintf$8) refers to printf8.o(i._sputc) for _sputc
    printf8.o(i.__0vfprintf$8) refers to printf8.o(i._printf_core) for _printf_core
    printf8.o(i.__0vfprintf$8) refers to fputc.o(i.fputc) for fputc
    printf8.o(i.__0vprintf$8) refers to printf8.o(i._printf_core) for _printf_core
    printf8.o(i.__0vprintf$8) refers to fputc.o(i.fputc) for fputc
    printf8.o(i.__0vprintf$8) refers to stdout.o(.data) for __stdout
    printf8.o(i.__0vsnprintf$8) refers to printf8.o(i._printf_core) for _printf_core
    printf8.o(i.__0vsnprintf$8) refers to printf8.o(i._snputc) for _snputc
    printf8.o(i.__0vsprintf$8) refers to printf8.o(i._printf_core) for _printf_core
    printf8.o(i.__0vsprintf$8) refers to printf8.o(i._sputc) for _sputc
    printf8.o(i._printf_core) refers to printf8.o(i._printf_pre_padding) for _printf_pre_padding
    printf8.o(i._printf_core) refers to uldiv.o(.text) for __aeabi_uldivmod
    printf8.o(i._printf_core) refers to printf8.o(i._printf_post_padding) for _printf_post_padding
    printfa.o(i.__0fprintf) refers (Special) to iusefp.o(.text) for __I$use$fp
    printfa.o(i.__0fprintf) refers to printfa.o(i._printf_core) for _printf_core
    printfa.o(i.__0fprintf) refers to fputc.o(i.fputc) for fputc
    printfa.o(i.__0printf) refers (Special) to iusefp.o(.text) for __I$use$fp
    printfa.o(i.__0printf) refers to printfa.o(i._printf_core) for _printf_core
    printfa.o(i.__0printf) refers to fputc.o(i.fputc) for fputc
    printfa.o(i.__0printf) refers to stdout.o(.data) for __stdout
    printfa.o(i.__0snprintf) refers (Special) to iusefp.o(.text) for __I$use$fp
    printfa.o(i.__0snprintf) refers to printfa.o(i._printf_core) for _printf_core
    printfa.o(i.__0snprintf) refers to printfa.o(i._snputc) for _snputc
    printfa.o(i.__0sprintf) refers (Special) to iusefp.o(.text) for __I$use$fp
    printfa.o(i.__0sprintf) refers to printfa.o(i._printf_core) for _printf_core
    printfa.o(i.__0sprintf) refers to printfa.o(i._sputc) for _sputc
    printfa.o(i.__0vfprintf) refers (Special) to iusefp.o(.text) for __I$use$fp
    printfa.o(i.__0vfprintf) refers to printfa.o(i._printf_core) for _printf_core
    printfa.o(i.__0vfprintf) refers to fputc.o(i.fputc) for fputc
    printfa.o(i.__0vprintf) refers (Special) to iusefp.o(.text) for __I$use$fp
    printfa.o(i.__0vprintf) refers to printfa.o(i._printf_core) for _printf_core
    printfa.o(i.__0vprintf) refers to fputc.o(i.fputc) for fputc
    printfa.o(i.__0vprintf) refers to stdout.o(.data) for __stdout
    printfa.o(i.__0vsnprintf) refers (Special) to iusefp.o(.text) for __I$use$fp
    printfa.o(i.__0vsnprintf) refers to printfa.o(i._printf_core) for _printf_core
    printfa.o(i.__0vsnprintf) refers to printfa.o(i._snputc) for _snputc
    printfa.o(i.__0vsprintf) refers (Special) to iusefp.o(.text) for __I$use$fp
    printfa.o(i.__0vsprintf) refers to printfa.o(i._printf_core) for _printf_core
    printfa.o(i.__0vsprintf) refers to printfa.o(i._sputc) for _sputc
    printfa.o(i._fp_digits) refers (Special) to iusefp.o(.text) for __I$use$fp
    printfa.o(i._fp_digits) refers to dmul.o(.text) for __aeabi_dmul
    printfa.o(i._fp_digits) refers to ddiv.o(.text) for __aeabi_ddiv
    printfa.o(i._fp_digits) refers to cdrcmple.o(.text) for __aeabi_cdrcmple
    printfa.o(i._fp_digits) refers to dadd.o(.text) for __aeabi_dadd
    printfa.o(i._fp_digits) refers to dfixul.o(.text) for __aeabi_d2ulz
    printfa.o(i._fp_digits) refers to uldiv.o(.text) for __aeabi_uldivmod
    printfa.o(i._printf_core) refers (Special) to iusefp.o(.text) for __I$use$fp
    printfa.o(i._printf_core) refers to printfa.o(i._printf_pre_padding) for _printf_pre_padding
    printfa.o(i._printf_core) refers to uldiv.o(.text) for __aeabi_uldivmod
    printfa.o(i._printf_core) refers to printfa.o(i._printf_post_padding) for _printf_post_padding
    printfa.o(i._printf_core) refers to printfa.o(i._fp_digits) for _fp_digits
    printfa.o(i._printf_core) refers to uidiv.o(.text) for __aeabi_uidivmod
    printfa.o(i._printf_post_padding) refers (Special) to iusefp.o(.text) for __I$use$fp
    printfa.o(i._printf_pre_padding) refers (Special) to iusefp.o(.text) for __I$use$fp
    printfa.o(i._snputc) refers (Special) to iusefp.o(.text) for __I$use$fp
    printfa.o(i._sputc) refers (Special) to iusefp.o(.text) for __I$use$fp
    fadd.o(.text) refers (Special) to iusefp.o(.text) for __I$use$fp
    fadd.o(.text) refers to fepilogue.o(.text) for _float_epilogue
    fmul.o(.text) refers (Special) to iusefp.o(.text) for __I$use$fp
    fscalb.o(.text) refers (Special) to iusefp.o(.text) for __I$use$fp
    dadd.o(.text) refers (Special) to iusefp.o(.text) for __I$use$fp
    dadd.o(.text) refers to llshl.o(.text) for __aeabi_llsl
    dadd.o(.text) refers to llsshr.o(.text) for __aeabi_lasr
    dadd.o(.text) refers to depilogue.o(.text) for _double_epilogue
    dmul.o(.text) refers (Special) to iusefp.o(.text) for __I$use$fp
    dmul.o(.text) refers to depilogue.o(.text) for _double_epilogue
    ddiv.o(.text) refers (Special) to iusefp.o(.text) for __I$use$fp
    ddiv.o(.text) refers to depilogue.o(.text) for _double_round
    fflti.o(.text) refers (Special) to iusefp.o(.text) for __I$use$fp
    fflti.o(.text) refers to fepilogue.o(.text) for _float_epilogue
    ffltui.o(.text) refers (Special) to iusefp.o(.text) for __I$use$fp
    ffltui.o(.text) refers to fepilogue.o(.text) for _float_epilogue
    dfltui.o(.text) refers (Special) to iusefp.o(.text) for __I$use$fp
    dfltui.o(.text) refers to depilogue.o(.text) for _double_epilogue
    dfixui.o(.text) refers (Special) to iusefp.o(.text) for __I$use$fp
    dfixui.o(.text) refers to llushr.o(.text) for __aeabi_llsr
    f2d.o(.text) refers (Special) to iusefp.o(.text) for __I$use$fp
    d2f.o(.text) refers (Special) to iusefp.o(.text) for __I$use$fp
    d2f.o(.text) refers to fepilogue.o(.text) for _float_round
    entry2.o(.ARM.Collect$$$$00000001) refers to entry2.o(.ARM.Collect$$$$00002712) for __lit__00000000
    entry2.o(.ARM.Collect$$$$00002712) refers to startup_stm32l152xe.o(STACK) for __initial_sp
    entry2.o(__vectab_stack_and_reset_area) refers to startup_stm32l152xe.o(STACK) for __initial_sp
    entry2.o(__vectab_stack_and_reset_area) refers to entry.o(.ARM.Collect$$$$00000000) for __main
    entry5.o(.ARM.Collect$$$$00000004) refers to init.o(.text) for __scatterload
    entry9a.o(.ARM.Collect$$$$0000000B) refers to main.o(i.main) for main
    entry9b.o(.ARM.Collect$$$$0000000C) refers to main.o(i.main) for main
    fputc.o(i.fputc) refers (Special) to iusesemip.o(.text) for __I$use$semihosting$fputc
    fputc.o(i.fputc) refers (Special) to semi.o(.text) for __semihosting_library_function
    uldiv.o(.text) refers to llushr.o(.text) for __aeabi_llsr
    uldiv.o(.text) refers to llshl.o(.text) for __aeabi_llsl
    depilogue.o(.text) refers to llshl.o(.text) for __aeabi_llsl
    depilogue.o(.text) refers to llushr.o(.text) for __aeabi_llsr
    dfixul.o(.text) refers to llushr.o(.text) for __aeabi_llsr
    dfixul.o(.text) refers to llshl.o(.text) for __aeabi_llsl
    init.o(.text) refers to entry5.o(.ARM.Collect$$$$00000004) for __main_after_scatterload


==============================================================================

Removing Unused input sections from the image.

    Removing startup_stm32l152xe.o(HEAP), (512 bytes).
    Removing main.o(.rev16_text), (4 bytes).
    Removing main.o(.revsh_text), (4 bytes).
    Removing main.o(.rrx_text), (6 bytes).
    Removing stm32l1xx_it.o(.rev16_text), (4 bytes).
    Removing stm32l1xx_it.o(.revsh_text), (4 bytes).
    Removing stm32l1xx_it.o(.rrx_text), (6 bytes).
    Removing stm32l1xx_hal_msp.o(.rev16_text), (4 bytes).
    Removing stm32l1xx_hal_msp.o(.revsh_text), (4 bytes).
    Removing stm32l1xx_hal_msp.o(.rrx_text), (6 bytes).
    Removing stm32l1xx_hal_msp.o(i.HAL_ADC_MspDeInit), (40 bytes).
    Removing stm32l1xx_hal_msp.o(i.HAL_DAC_MspDeInit), (40 bytes).
    Removing stm32l1xx_hal_msp.o(i.HAL_DAC_MspInit), (96 bytes).
    Removing stm32l1xx_hal_msp.o(i.HAL_I2C_MspDeInit), (44 bytes).
    Removing stm32l1xx_hal_msp.o(i.HAL_SPI_MspDeInit), (44 bytes).
    Removing stm32l1xx_hal_msp.o(i.HAL_UART_MspDeInit), (40 bytes).
    Removing satellitecontrol.o(.rev16_text), (4 bytes).
    Removing satellitecontrol.o(.revsh_text), (4 bytes).
    Removing satellitecontrol.o(.rrx_text), (6 bytes).
    Removing fuel_gauge_functions.o(.rev16_text), (4 bytes).
    Removing fuel_gauge_functions.o(.revsh_text), (4 bytes).
    Removing fuel_gauge_functions.o(.rrx_text), (6 bytes).
    Removing fuel_gauge_functions.o(i.Get_Charge_Percentage), (40 bytes).
    Removing fuel_gauge_functions.o(i.Get_FG_Current), (48 bytes).
    Removing fuel_gauge_functions.o(i.Get_Max_Capacity), (40 bytes).
    Removing fuel_gauge_functions.o(i.Get_Remaining_Capacity), (40 bytes).
    Removing fuel_gauge_functions.o(i.Get_Status), (20 bytes).
    Removing fuel_gauge_functions.o(i.Get_TTE), (40 bytes).
    Removing fuel_gauge_functions.o(i.Get_TTF), (40 bytes).
    Removing fuel_gauge_functions.o(i.Get_Temp), (44 bytes).
    Removing fuel_gauge_functions.o(i.Get_Voltage), (48 bytes).
    Removing spi_fram.o(.rev16_text), (4 bytes).
    Removing spi_fram.o(.revsh_text), (4 bytes).
    Removing spi_fram.o(.rrx_text), (6 bytes).
    Removing spi_fram.o(i.Free_Lock), (16 bytes).
    Removing spi_fram.o(i.Get_Lock), (144 bytes).
    Removing spi_fram.o(i.SPI_FRAM_Read), (196 bytes).
    Removing spi_fram.o(i.SPI_FRAM_Write), (196 bytes).
    Removing current_control_functions.o(.rev16_text), (4 bytes).
    Removing current_control_functions.o(.revsh_text), (4 bytes).
    Removing current_control_functions.o(.rrx_text), (6 bytes).
    Removing current_control_functions.o(i.Check_for_Shorts), (176 bytes).
    Removing current_control_functions.o(i.Get_Bus_Voltage), (44 bytes).
    Removing current_control_functions.o(i.Get_Current), (44 bytes).
    Removing current_control_functions.o(i.Get_Shunt_Voltage), (44 bytes).
    Removing current_control_functions.o(i.Get_power), (44 bytes).
    Removing current_control_functions.o(.data), (16 bytes).
    Removing transitions.o(.rev16_text), (4 bytes).
    Removing transitions.o(.revsh_text), (4 bytes).
    Removing transitions.o(.rrx_text), (6 bytes).
    Removing transitions.o(i.Print_Globals), (144 bytes).
    Removing transitions.o(i.Set_BatteryLevel), (12 bytes).
    Removing transitions.o(i.Set_Die), (12 bytes).
    Removing transitions.o(i.Set_ScienceEvent), (12 bytes).
    Removing transitions.o(i.Set_SolarVector), (12 bytes).
    Removing transitions.o(i.Set_Stable), (12 bytes).
    Removing agc.o(.rev16_text), (4 bytes).
    Removing agc.o(.revsh_text), (4 bytes).
    Removing agc.o(.rrx_text), (6 bytes).
    Removing stm32l1xx_hal_tim.o(.rev16_text), (4 bytes).
    Removing stm32l1xx_hal_tim.o(.revsh_text), (4 bytes).
    Removing stm32l1xx_hal_tim.o(.rrx_text), (6 bytes).
    Removing stm32l1xx_hal_tim_ex.o(.rev16_text), (4 bytes).
    Removing stm32l1xx_hal_tim_ex.o(.revsh_text), (4 bytes).
    Removing stm32l1xx_hal_tim_ex.o(.rrx_text), (6 bytes).
    Removing stm32l1xx_hal.o(.rev16_text), (4 bytes).
    Removing stm32l1xx_hal.o(.revsh_text), (4 bytes).
    Removing stm32l1xx_hal.o(.rrx_text), (6 bytes).
    Removing stm32l1xx_hal.o(i.HAL_DBGMCU_DisableDBGSleepMode), (16 bytes).
    Removing stm32l1xx_hal.o(i.HAL_DBGMCU_DisableDBGStandbyMode), (16 bytes).
    Removing stm32l1xx_hal.o(i.HAL_DBGMCU_DisableDBGStopMode), (16 bytes).
    Removing stm32l1xx_hal.o(i.HAL_DBGMCU_EnableDBGSleepMode), (16 bytes).
    Removing stm32l1xx_hal.o(i.HAL_DBGMCU_EnableDBGStandbyMode), (16 bytes).
    Removing stm32l1xx_hal.o(i.HAL_DBGMCU_EnableDBGStopMode), (16 bytes).
    Removing stm32l1xx_hal.o(i.HAL_DeInit), (40 bytes).
    Removing stm32l1xx_hal.o(i.HAL_GetDEVID), (16 bytes).
    Removing stm32l1xx_hal.o(i.HAL_GetHalVersion), (6 bytes).
    Removing stm32l1xx_hal.o(i.HAL_GetREVID), (12 bytes).
    Removing stm32l1xx_hal.o(i.HAL_GetTickFreq), (12 bytes).
    Removing stm32l1xx_hal.o(i.HAL_GetTickPrio), (12 bytes).
    Removing stm32l1xx_hal.o(i.HAL_GetUIDw0), (12 bytes).
    Removing stm32l1xx_hal.o(i.HAL_GetUIDw1), (12 bytes).
    Removing stm32l1xx_hal.o(i.HAL_GetUIDw2), (12 bytes).
    Removing stm32l1xx_hal.o(i.HAL_MspDeInit), (2 bytes).
    Removing stm32l1xx_hal.o(i.HAL_MspInit), (2 bytes).
    Removing stm32l1xx_hal.o(i.HAL_SetTickFreq), (32 bytes).
    Removing stm32l1xx_hal_rcc.o(.rev16_text), (4 bytes).
    Removing stm32l1xx_hal_rcc.o(.revsh_text), (4 bytes).
    Removing stm32l1xx_hal_rcc.o(.rrx_text), (6 bytes).
    Removing stm32l1xx_hal_rcc.o(i.HAL_RCC_CSSCallback), (2 bytes).
    Removing stm32l1xx_hal_rcc.o(i.HAL_RCC_DeInit), (208 bytes).
    Removing stm32l1xx_hal_rcc.o(i.HAL_RCC_DisableCSS), (12 bytes).
    Removing stm32l1xx_hal_rcc.o(i.HAL_RCC_EnableCSS), (12 bytes).
    Removing stm32l1xx_hal_rcc.o(i.HAL_RCC_GetClockConfig), (64 bytes).
    Removing stm32l1xx_hal_rcc.o(i.HAL_RCC_GetHCLKFreq), (12 bytes).
    Removing stm32l1xx_hal_rcc.o(i.HAL_RCC_GetOscConfig), (180 bytes).
    Removing stm32l1xx_hal_rcc.o(i.HAL_RCC_MCOConfig), (80 bytes).
    Removing stm32l1xx_hal_rcc.o(i.HAL_RCC_NMI_IRQHandler), (28 bytes).
    Removing stm32l1xx_hal_rcc_ex.o(.rev16_text), (4 bytes).
    Removing stm32l1xx_hal_rcc_ex.o(.revsh_text), (4 bytes).
    Removing stm32l1xx_hal_rcc_ex.o(.rrx_text), (6 bytes).
    Removing stm32l1xx_hal_rcc_ex.o(i.HAL_RCCEx_DisableLSECSS), (28 bytes).
    Removing stm32l1xx_hal_rcc_ex.o(i.HAL_RCCEx_EnableLSECSS), (12 bytes).
    Removing stm32l1xx_hal_rcc_ex.o(i.HAL_RCCEx_EnableLSECSS_IT), (52 bytes).
    Removing stm32l1xx_hal_rcc_ex.o(i.HAL_RCCEx_GetPeriphCLKConfig), (44 bytes).
    Removing stm32l1xx_hal_rcc_ex.o(i.HAL_RCCEx_GetPeriphCLKFreq), (132 bytes).
    Removing stm32l1xx_hal_rcc_ex.o(i.HAL_RCCEx_LSECSS_Callback), (2 bytes).
    Removing stm32l1xx_hal_rcc_ex.o(i.HAL_RCCEx_LSECSS_IRQHandler), (28 bytes).
    Removing stm32l1xx_hal_rcc_ex.o(i.HAL_RCCEx_PeriphCLKConfig), (316 bytes).
    Removing stm32l1xx_hal_flash.o(.rev16_text), (4 bytes).
    Removing stm32l1xx_hal_flash.o(.revsh_text), (4 bytes).
    Removing stm32l1xx_hal_flash.o(.rrx_text), (6 bytes).
    Removing stm32l1xx_hal_flash.o(i.FLASH_SetErrorCode), (88 bytes).
    Removing stm32l1xx_hal_flash.o(i.FLASH_WaitForLastOperation), (92 bytes).
    Removing stm32l1xx_hal_flash.o(i.HAL_FLASH_EndOfOperationCallback), (2 bytes).
    Removing stm32l1xx_hal_flash.o(i.HAL_FLASH_GetError), (12 bytes).
    Removing stm32l1xx_hal_flash.o(i.HAL_FLASH_IRQHandler), (212 bytes).
    Removing stm32l1xx_hal_flash.o(i.HAL_FLASH_Lock), (20 bytes).
    Removing stm32l1xx_hal_flash.o(i.HAL_FLASH_OB_Launch), (24 bytes).
    Removing stm32l1xx_hal_flash.o(i.HAL_FLASH_OB_Lock), (20 bytes).
    Removing stm32l1xx_hal_flash.o(i.HAL_FLASH_OB_Unlock), (80 bytes).
    Removing stm32l1xx_hal_flash.o(i.HAL_FLASH_OperationErrorCallback), (2 bytes).
    Removing stm32l1xx_hal_flash.o(i.HAL_FLASH_Program), (60 bytes).
    Removing stm32l1xx_hal_flash.o(i.HAL_FLASH_Program_IT), (60 bytes).
    Removing stm32l1xx_hal_flash.o(i.HAL_FLASH_Unlock), (80 bytes).
    Removing stm32l1xx_hal_flash.o(.bss), (24 bytes).
    Removing stm32l1xx_hal_flash_ex.o(.rev16_text), (4 bytes).
    Removing stm32l1xx_hal_flash_ex.o(.revsh_text), (4 bytes).
    Removing stm32l1xx_hal_flash_ex.o(.rrx_text), (6 bytes).
    Removing stm32l1xx_hal_flash_ex.o(i.FLASH_OB_WRPConfig), (248 bytes).
    Removing stm32l1xx_hal_flash_ex.o(i.FLASH_PageErase), (40 bytes).
    Removing stm32l1xx_hal_flash_ex.o(i.HAL_FLASHEx_AdvOBGetConfig), (24 bytes).
    Removing stm32l1xx_hal_flash_ex.o(i.HAL_FLASHEx_AdvOBProgram), (72 bytes).
    Removing stm32l1xx_hal_flash_ex.o(i.HAL_FLASHEx_DATAEEPROM_DisableFixedTimeProgram), (16 bytes).
    Removing stm32l1xx_hal_flash_ex.o(i.HAL_FLASHEx_DATAEEPROM_EnableFixedTimeProgram), (16 bytes).
    Removing stm32l1xx_hal_flash_ex.o(i.HAL_FLASHEx_DATAEEPROM_Erase), (64 bytes).
    Removing stm32l1xx_hal_flash_ex.o(i.HAL_FLASHEx_DATAEEPROM_Lock), (20 bytes).
    Removing stm32l1xx_hal_flash_ex.o(i.HAL_FLASHEx_DATAEEPROM_Program), (224 bytes).
    Removing stm32l1xx_hal_flash_ex.o(i.HAL_FLASHEx_DATAEEPROM_Unlock), (40 bytes).
    Removing stm32l1xx_hal_flash_ex.o(i.HAL_FLASHEx_Erase), (128 bytes).
    Removing stm32l1xx_hal_flash_ex.o(i.HAL_FLASHEx_Erase_IT), (88 bytes).
    Removing stm32l1xx_hal_flash_ex.o(i.HAL_FLASHEx_OBGetConfig), (80 bytes).
    Removing stm32l1xx_hal_flash_ex.o(i.HAL_FLASHEx_OBProgram), (240 bytes).
    Removing stm32l1xx_hal_flash_ramfunc.o(.rev16_text), (4 bytes).
    Removing stm32l1xx_hal_flash_ramfunc.o(.revsh_text), (4 bytes).
    Removing stm32l1xx_hal_flash_ramfunc.o(.rrx_text), (6 bytes).
    Removing stm32l1xx_hal_flash_ramfunc.o(i.FLASHRAM_SetErrorCode), (92 bytes).
    Removing stm32l1xx_hal_flash_ramfunc.o(i.FLASHRAM_WaitForLastOperation), (76 bytes).
    Removing stm32l1xx_hal_flash_ramfunc.o(i.HAL_FLASHEx_DATAEEPROM_EraseDoubleWord), (84 bytes).
    Removing stm32l1xx_hal_flash_ramfunc.o(i.HAL_FLASHEx_DATAEEPROM_ProgramDoubleWord), (88 bytes).
    Removing stm32l1xx_hal_flash_ramfunc.o(i.HAL_FLASHEx_DisableRunPowerDown), (40 bytes).
    Removing stm32l1xx_hal_flash_ramfunc.o(i.HAL_FLASHEx_EnableRunPowerDown), (40 bytes).
    Removing stm32l1xx_hal_flash_ramfunc.o(i.HAL_FLASHEx_EraseParallelPage), (92 bytes).
    Removing stm32l1xx_hal_flash_ramfunc.o(i.HAL_FLASHEx_GetError), (16 bytes).
    Removing stm32l1xx_hal_flash_ramfunc.o(i.HAL_FLASHEx_HalfPageProgram), (116 bytes).
    Removing stm32l1xx_hal_flash_ramfunc.o(i.HAL_FLASHEx_ProgramParallelHalfPage), (156 bytes).
    Removing stm32l1xx_hal_gpio.o(.rev16_text), (4 bytes).
    Removing stm32l1xx_hal_gpio.o(.revsh_text), (4 bytes).
    Removing stm32l1xx_hal_gpio.o(.rrx_text), (6 bytes).
    Removing stm32l1xx_hal_gpio.o(i.HAL_GPIO_DeInit), (356 bytes).
    Removing stm32l1xx_hal_gpio.o(i.HAL_GPIO_EXTI_Callback), (2 bytes).
    Removing stm32l1xx_hal_gpio.o(i.HAL_GPIO_LockPin), (34 bytes).
    Removing stm32l1xx_hal_gpio.o(i.HAL_GPIO_ReadPin), (10 bytes).
    Removing stm32l1xx_hal_dma.o(.rev16_text), (4 bytes).
    Removing stm32l1xx_hal_dma.o(.revsh_text), (4 bytes).
    Removing stm32l1xx_hal_dma.o(.rrx_text), (6 bytes).
    Removing stm32l1xx_hal_dma.o(i.DMA_SetConfig), (46 bytes).
    Removing stm32l1xx_hal_dma.o(i.HAL_DMA_Abort), (74 bytes).
    Removing stm32l1xx_hal_dma.o(i.HAL_DMA_Abort_IT), (78 bytes).
    Removing stm32l1xx_hal_dma.o(i.HAL_DMA_DeInit), (116 bytes).
    Removing stm32l1xx_hal_dma.o(i.HAL_DMA_GetError), (4 bytes).
    Removing stm32l1xx_hal_dma.o(i.HAL_DMA_GetState), (6 bytes).
    Removing stm32l1xx_hal_dma.o(i.HAL_DMA_IRQHandler), (186 bytes).
    Removing stm32l1xx_hal_dma.o(i.HAL_DMA_Init), (124 bytes).
    Removing stm32l1xx_hal_dma.o(i.HAL_DMA_PollForTransfer), (216 bytes).
    Removing stm32l1xx_hal_dma.o(i.HAL_DMA_RegisterCallback), (74 bytes).
    Removing stm32l1xx_hal_dma.o(i.HAL_DMA_Start), (80 bytes).
    Removing stm32l1xx_hal_dma.o(i.HAL_DMA_Start_IT), (112 bytes).
    Removing stm32l1xx_hal_dma.o(i.HAL_DMA_UnRegisterCallback), (82 bytes).
    Removing stm32l1xx_hal_pwr.o(.rev16_text), (4 bytes).
    Removing stm32l1xx_hal_pwr.o(.revsh_text), (4 bytes).
    Removing stm32l1xx_hal_pwr.o(.rrx_text), (6 bytes).
    Removing stm32l1xx_hal_pwr.o(i.HAL_PWR_ConfigPVD), (124 bytes).
    Removing stm32l1xx_hal_pwr.o(i.HAL_PWR_DeInit), (24 bytes).
    Removing stm32l1xx_hal_pwr.o(i.HAL_PWR_DisableBkUpAccess), (28 bytes).
    Removing stm32l1xx_hal_pwr.o(i.HAL_PWR_DisablePVD), (24 bytes).
    Removing stm32l1xx_hal_pwr.o(i.HAL_PWR_DisableSEVOnPend), (16 bytes).
    Removing stm32l1xx_hal_pwr.o(i.HAL_PWR_DisableSleepOnExit), (16 bytes).
    Removing stm32l1xx_hal_pwr.o(i.HAL_PWR_DisableWakeUpPin), (28 bytes).
    Removing stm32l1xx_hal_pwr.o(i.HAL_PWR_EnableBkUpAccess), (24 bytes).
    Removing stm32l1xx_hal_pwr.o(i.HAL_PWR_EnablePVD), (24 bytes).
    Removing stm32l1xx_hal_pwr.o(i.HAL_PWR_EnableSEVOnPend), (16 bytes).
    Removing stm32l1xx_hal_pwr.o(i.HAL_PWR_EnableSleepOnExit), (16 bytes).
    Removing stm32l1xx_hal_pwr.o(i.HAL_PWR_EnableWakeUpPin), (28 bytes).
    Removing stm32l1xx_hal_pwr.o(i.HAL_PWR_EnterSTANDBYMode), (32 bytes).
    Removing stm32l1xx_hal_pwr.o(i.HAL_PWR_EnterSTOPMode), (56 bytes).
    Removing stm32l1xx_hal_pwr.o(i.HAL_PWR_PVDCallback), (2 bytes).
    Removing stm32l1xx_hal_pwr.o(i.HAL_PWR_PVD_IRQHandler), (28 bytes).
    Removing stm32l1xx_hal_pwr_ex.o(.rev16_text), (4 bytes).
    Removing stm32l1xx_hal_pwr_ex.o(.revsh_text), (4 bytes).
    Removing stm32l1xx_hal_pwr_ex.o(.rrx_text), (6 bytes).
    Removing stm32l1xx_hal_pwr_ex.o(i.HAL_PWREx_DisableFastWakeUp), (28 bytes).
    Removing stm32l1xx_hal_pwr_ex.o(i.HAL_PWREx_DisableLowPowerRunMode), (44 bytes).
    Removing stm32l1xx_hal_pwr_ex.o(i.HAL_PWREx_DisableUltraLowPower), (28 bytes).
    Removing stm32l1xx_hal_pwr_ex.o(i.HAL_PWREx_EnableFastWakeUp), (24 bytes).
    Removing stm32l1xx_hal_pwr_ex.o(i.HAL_PWREx_EnableLowPowerRunMode), (36 bytes).
    Removing stm32l1xx_hal_pwr_ex.o(i.HAL_PWREx_EnableUltraLowPower), (24 bytes).
    Removing stm32l1xx_hal_pwr_ex.o(i.HAL_PWREx_GetVoltageRange), (16 bytes).
    Removing stm32l1xx_hal_cortex.o(.rev16_text), (4 bytes).
    Removing stm32l1xx_hal_cortex.o(.revsh_text), (4 bytes).
    Removing stm32l1xx_hal_cortex.o(.rrx_text), (6 bytes).
    Removing stm32l1xx_hal_cortex.o(i.HAL_MPU_ConfigRegion), (84 bytes).
    Removing stm32l1xx_hal_cortex.o(i.HAL_MPU_Disable), (16 bytes).
    Removing stm32l1xx_hal_cortex.o(i.HAL_MPU_Enable), (24 bytes).
    Removing stm32l1xx_hal_cortex.o(i.HAL_NVIC_ClearPendingIRQ), (26 bytes).
    Removing stm32l1xx_hal_cortex.o(i.HAL_NVIC_DisableIRQ), (34 bytes).
    Removing stm32l1xx_hal_cortex.o(i.HAL_NVIC_GetActive), (36 bytes).
    Removing stm32l1xx_hal_cortex.o(i.HAL_NVIC_GetPendingIRQ), (36 bytes).
    Removing stm32l1xx_hal_cortex.o(i.HAL_NVIC_GetPriority), (82 bytes).
    Removing stm32l1xx_hal_cortex.o(i.HAL_NVIC_GetPriorityGrouping), (16 bytes).
    Removing stm32l1xx_hal_cortex.o(i.HAL_NVIC_SetPendingIRQ), (26 bytes).
    Removing stm32l1xx_hal_cortex.o(i.HAL_NVIC_SystemReset), (36 bytes).
    Removing stm32l1xx_hal_cortex.o(i.HAL_SYSTICK_CLKSourceConfig), (24 bytes).
    Removing stm32l1xx_hal_cortex.o(i.HAL_SYSTICK_Callback), (2 bytes).
    Removing stm32l1xx_hal_cortex.o(i.HAL_SYSTICK_IRQHandler), (8 bytes).
    Removing stm32l1xx_hal_adc.o(.rev16_text), (4 bytes).
    Removing stm32l1xx_hal_adc.o(.revsh_text), (4 bytes).
    Removing stm32l1xx_hal_adc.o(.rrx_text), (6 bytes).
    Removing stm32l1xx_hal_adc.o(i.ADC_ConversionStop_Disable), (76 bytes).
    Removing stm32l1xx_hal_adc.o(i.ADC_DMAConvCplt), (100 bytes).
    Removing stm32l1xx_hal_adc.o(i.ADC_DMAError), (26 bytes).
    Removing stm32l1xx_hal_adc.o(i.ADC_DMAHalfConvCplt), (10 bytes).
    Removing stm32l1xx_hal_adc.o(i.HAL_ADC_AnalogWDGConfig), (92 bytes).
    Removing stm32l1xx_hal_adc.o(i.HAL_ADC_ConvCpltCallback), (2 bytes).
    Removing stm32l1xx_hal_adc.o(i.HAL_ADC_ConvHalfCpltCallback), (2 bytes).
    Removing stm32l1xx_hal_adc.o(i.HAL_ADC_DeInit), (264 bytes).
    Removing stm32l1xx_hal_adc.o(i.HAL_ADC_ErrorCallback), (2 bytes).
    Removing stm32l1xx_hal_adc.o(i.HAL_ADC_GetError), (4 bytes).
    Removing stm32l1xx_hal_adc.o(i.HAL_ADC_GetState), (4 bytes).
    Removing stm32l1xx_hal_adc.o(i.HAL_ADC_IRQHandler), (294 bytes).
    Removing stm32l1xx_hal_adc.o(i.HAL_ADC_LevelOutOfWindowCallback), (2 bytes).
    Removing stm32l1xx_hal_adc.o(i.HAL_ADC_MspDeInit), (2 bytes).
    Removing stm32l1xx_hal_adc.o(i.HAL_ADC_MspInit), (2 bytes).
    Removing stm32l1xx_hal_adc.o(i.HAL_ADC_PollForConversion), (168 bytes).
    Removing stm32l1xx_hal_adc.o(i.HAL_ADC_PollForEvent), (108 bytes).
    Removing stm32l1xx_hal_adc.o(i.HAL_ADC_Start_DMA), (196 bytes).
    Removing stm32l1xx_hal_adc.o(i.HAL_ADC_Start_IT), (132 bytes).
    Removing stm32l1xx_hal_adc.o(i.HAL_ADC_Stop), (52 bytes).
    Removing stm32l1xx_hal_adc.o(i.HAL_ADC_Stop_DMA), (82 bytes).
    Removing stm32l1xx_hal_adc.o(i.HAL_ADC_Stop_IT), (62 bytes).
    Removing stm32l1xx_hal_adc_ex.o(.rev16_text), (4 bytes).
    Removing stm32l1xx_hal_adc_ex.o(.revsh_text), (4 bytes).
    Removing stm32l1xx_hal_adc_ex.o(.rrx_text), (6 bytes).
    Removing stm32l1xx_hal_adc_ex.o(i.HAL_ADCEx_InjectedConfigChannel), (512 bytes).
    Removing stm32l1xx_hal_adc_ex.o(i.HAL_ADCEx_InjectedConvCpltCallback), (2 bytes).
    Removing stm32l1xx_hal_adc_ex.o(i.HAL_ADCEx_InjectedGetValue), (30 bytes).
    Removing stm32l1xx_hal_adc_ex.o(i.HAL_ADCEx_InjectedPollForConversion), (276 bytes).
    Removing stm32l1xx_hal_adc_ex.o(i.HAL_ADCEx_InjectedStart), (100 bytes).
    Removing stm32l1xx_hal_adc_ex.o(i.HAL_ADCEx_InjectedStart_IT), (110 bytes).
    Removing stm32l1xx_hal_adc_ex.o(i.HAL_ADCEx_InjectedStop), (78 bytes).
    Removing stm32l1xx_hal_adc_ex.o(i.HAL_ADCEx_InjectedStop_IT), (88 bytes).
    Removing stm32l1xx_hal_i2c.o(.rev16_text), (4 bytes).
    Removing stm32l1xx_hal_i2c.o(.revsh_text), (4 bytes).
    Removing stm32l1xx_hal_i2c.o(.rrx_text), (6 bytes).
    Removing stm32l1xx_hal_i2c.o(i.HAL_I2C_AbortCpltCallback), (2 bytes).
    Removing stm32l1xx_hal_i2c.o(i.HAL_I2C_AddrCallback), (2 bytes).
    Removing stm32l1xx_hal_i2c.o(i.HAL_I2C_DeInit), (50 bytes).
    Removing stm32l1xx_hal_i2c.o(i.HAL_I2C_DisableListen_IT), (68 bytes).
    Removing stm32l1xx_hal_i2c.o(i.HAL_I2C_ER_IRQHandler), (186 bytes).
    Removing stm32l1xx_hal_i2c.o(i.HAL_I2C_EV_IRQHandler), (602 bytes).
    Removing stm32l1xx_hal_i2c.o(i.HAL_I2C_EnableListen_IT), (58 bytes).
    Removing stm32l1xx_hal_i2c.o(i.HAL_I2C_ErrorCallback), (2 bytes).
    Removing stm32l1xx_hal_i2c.o(i.HAL_I2C_GetError), (4 bytes).
    Removing stm32l1xx_hal_i2c.o(i.HAL_I2C_GetMode), (6 bytes).
    Removing stm32l1xx_hal_i2c.o(i.HAL_I2C_GetState), (6 bytes).
    Removing stm32l1xx_hal_i2c.o(i.HAL_I2C_IsDeviceReady), (344 bytes).
    Removing stm32l1xx_hal_i2c.o(i.HAL_I2C_ListenCpltCallback), (2 bytes).
    Removing stm32l1xx_hal_i2c.o(i.HAL_I2C_MasterRxCpltCallback), (2 bytes).
    Removing stm32l1xx_hal_i2c.o(i.HAL_I2C_MasterTxCpltCallback), (2 bytes).
    Removing stm32l1xx_hal_i2c.o(i.HAL_I2C_Master_Abort_IT), (86 bytes).
    Removing stm32l1xx_hal_i2c.o(i.HAL_I2C_Master_Receive_DMA), (320 bytes).
    Removing stm32l1xx_hal_i2c.o(i.HAL_I2C_Master_Receive_IT), (200 bytes).
    Removing stm32l1xx_hal_i2c.o(i.HAL_I2C_Master_Seq_Receive_DMA), (464 bytes).
    Removing stm32l1xx_hal_i2c.o(i.HAL_I2C_Master_Seq_Receive_IT), (292 bytes).
    Removing stm32l1xx_hal_i2c.o(i.HAL_I2C_Master_Seq_Transmit_DMA), (400 bytes).
    Removing stm32l1xx_hal_i2c.o(i.HAL_I2C_Master_Seq_Transmit_IT), (212 bytes).
    Removing stm32l1xx_hal_i2c.o(i.HAL_I2C_Master_Transmit_DMA), (320 bytes).
    Removing stm32l1xx_hal_i2c.o(i.HAL_I2C_Master_Transmit_IT), (188 bytes).
    Removing stm32l1xx_hal_i2c.o(i.HAL_I2C_MemRxCpltCallback), (2 bytes).
    Removing stm32l1xx_hal_i2c.o(i.HAL_I2C_MemTxCpltCallback), (2 bytes).
    Removing stm32l1xx_hal_i2c.o(i.HAL_I2C_Mem_Read), (504 bytes).
    Removing stm32l1xx_hal_i2c.o(i.HAL_I2C_Mem_Read_DMA), (392 bytes).
    Removing stm32l1xx_hal_i2c.o(i.HAL_I2C_Mem_Read_IT), (224 bytes).
    Removing stm32l1xx_hal_i2c.o(i.HAL_I2C_Mem_Write), (304 bytes).
    Removing stm32l1xx_hal_i2c.o(i.HAL_I2C_Mem_Write_DMA), (336 bytes).
    Removing stm32l1xx_hal_i2c.o(i.HAL_I2C_Mem_Write_IT), (212 bytes).
    Removing stm32l1xx_hal_i2c.o(i.HAL_I2C_MspDeInit), (2 bytes).
    Removing stm32l1xx_hal_i2c.o(i.HAL_I2C_MspInit), (2 bytes).
    Removing stm32l1xx_hal_i2c.o(i.HAL_I2C_SlaveRxCpltCallback), (2 bytes).
    Removing stm32l1xx_hal_i2c.o(i.HAL_I2C_SlaveTxCpltCallback), (2 bytes).
    Removing stm32l1xx_hal_i2c.o(i.HAL_I2C_Slave_Receive), (364 bytes).
    Removing stm32l1xx_hal_i2c.o(i.HAL_I2C_Slave_Receive_DMA), (204 bytes).
    Removing stm32l1xx_hal_i2c.o(i.HAL_I2C_Slave_Receive_IT), (124 bytes).
    Removing stm32l1xx_hal_i2c.o(i.HAL_I2C_Slave_Seq_Receive_DMA), (328 bytes).
    Removing stm32l1xx_hal_i2c.o(i.HAL_I2C_Slave_Seq_Receive_IT), (116 bytes).
    Removing stm32l1xx_hal_i2c.o(i.HAL_I2C_Slave_Seq_Transmit_DMA), (328 bytes).
    Removing stm32l1xx_hal_i2c.o(i.HAL_I2C_Slave_Seq_Transmit_IT), (116 bytes).
    Removing stm32l1xx_hal_i2c.o(i.HAL_I2C_Slave_Transmit), (348 bytes).
    Removing stm32l1xx_hal_i2c.o(i.HAL_I2C_Slave_Transmit_DMA), (204 bytes).
    Removing stm32l1xx_hal_i2c.o(i.HAL_I2C_Slave_Transmit_IT), (124 bytes).
    Removing stm32l1xx_hal_i2c.o(i.I2C_DMAAbort), (126 bytes).
    Removing stm32l1xx_hal_i2c.o(i.I2C_DMAError), (50 bytes).
    Removing stm32l1xx_hal_i2c.o(i.I2C_DMAXferCplt), (262 bytes).
    Removing stm32l1xx_hal_i2c.o(i.I2C_ITError), (320 bytes).
    Removing stm32l1xx_hal_i2c.o(i.I2C_MasterReceive_BTF), (210 bytes).
    Removing stm32l1xx_hal_i2c.o(i.I2C_MasterReceive_RXNE), (146 bytes).
    Removing stm32l1xx_hal_i2c.o(i.I2C_MasterTransmit_BTF), (130 bytes).
    Removing stm32l1xx_hal_i2c.o(i.I2C_MasterTransmit_TXE), (260 bytes).
    Removing stm32l1xx_hal_i2c.o(i.I2C_Master_ADDR), (280 bytes).
    Removing stm32l1xx_hal_i2c.o(i.I2C_Master_SB), (142 bytes).
    Removing stm32l1xx_hal_i2c.o(i.I2C_RequestMemoryRead), (230 bytes).
    Removing stm32l1xx_hal_i2c.o(i.I2C_RequestMemoryWrite), (148 bytes).
    Removing stm32l1xx_hal_i2c.o(i.I2C_Slave_AF), (132 bytes).
    Removing stm32l1xx_hal_i2c.o(i.I2C_Slave_STOPF), (348 bytes).
    Removing stm32l1xx_hal_i2s.o(.rev16_text), (4 bytes).
    Removing stm32l1xx_hal_i2s.o(.revsh_text), (4 bytes).
    Removing stm32l1xx_hal_i2s.o(.rrx_text), (6 bytes).
    Removing stm32l1xx_hal_spi.o(.rev16_text), (4 bytes).
    Removing stm32l1xx_hal_spi.o(.revsh_text), (4 bytes).
    Removing stm32l1xx_hal_spi.o(.rrx_text), (6 bytes).
    Removing stm32l1xx_hal_spi.o(i.HAL_SPI_Abort), (292 bytes).
    Removing stm32l1xx_hal_spi.o(i.HAL_SPI_AbortCpltCallback), (2 bytes).
    Removing stm32l1xx_hal_spi.o(i.HAL_SPI_Abort_IT), (292 bytes).
    Removing stm32l1xx_hal_spi.o(i.HAL_SPI_DMAPause), (38 bytes).
    Removing stm32l1xx_hal_spi.o(i.HAL_SPI_DMAResume), (38 bytes).
    Removing stm32l1xx_hal_spi.o(i.HAL_SPI_DMAStop), (66 bytes).
    Removing stm32l1xx_hal_spi.o(i.HAL_SPI_DeInit), (46 bytes).
    Removing stm32l1xx_hal_spi.o(i.HAL_SPI_ErrorCallback), (2 bytes).
    Removing stm32l1xx_hal_spi.o(i.HAL_SPI_GetError), (4 bytes).
    Removing stm32l1xx_hal_spi.o(i.HAL_SPI_GetState), (6 bytes).
    Removing stm32l1xx_hal_spi.o(i.HAL_SPI_IRQHandler), (252 bytes).
    Removing stm32l1xx_hal_spi.o(i.HAL_SPI_MspDeInit), (2 bytes).
    Removing stm32l1xx_hal_spi.o(i.HAL_SPI_MspInit), (2 bytes).
    Removing stm32l1xx_hal_spi.o(i.HAL_SPI_Receive), (336 bytes).
    Removing stm32l1xx_hal_spi.o(i.HAL_SPI_Receive_DMA), (232 bytes).
    Removing stm32l1xx_hal_spi.o(i.HAL_SPI_Receive_IT), (164 bytes).
    Removing stm32l1xx_hal_spi.o(i.HAL_SPI_RxCpltCallback), (2 bytes).
    Removing stm32l1xx_hal_spi.o(i.HAL_SPI_RxHalfCpltCallback), (2 bytes).
    Removing stm32l1xx_hal_spi.o(i.HAL_SPI_Transmit), (348 bytes).
    Removing stm32l1xx_hal_spi.o(i.HAL_SPI_TransmitReceive), (482 bytes).
    Removing stm32l1xx_hal_spi.o(i.HAL_SPI_TransmitReceive_DMA), (292 bytes).
    Removing stm32l1xx_hal_spi.o(i.HAL_SPI_TransmitReceive_IT), (164 bytes).
    Removing stm32l1xx_hal_spi.o(i.HAL_SPI_Transmit_DMA), (204 bytes).
    Removing stm32l1xx_hal_spi.o(i.HAL_SPI_Transmit_IT), (140 bytes).
    Removing stm32l1xx_hal_spi.o(i.HAL_SPI_TxCpltCallback), (2 bytes).
    Removing stm32l1xx_hal_spi.o(i.HAL_SPI_TxHalfCpltCallback), (2 bytes).
    Removing stm32l1xx_hal_spi.o(i.HAL_SPI_TxRxCpltCallback), (2 bytes).
    Removing stm32l1xx_hal_spi.o(i.HAL_SPI_TxRxHalfCpltCallback), (2 bytes).
    Removing stm32l1xx_hal_spi.o(i.SPI_2linesRxISR_16BIT), (48 bytes).
    Removing stm32l1xx_hal_spi.o(i.SPI_2linesRxISR_8BIT), (48 bytes).
    Removing stm32l1xx_hal_spi.o(i.SPI_2linesTxISR_16BIT), (48 bytes).
    Removing stm32l1xx_hal_spi.o(i.SPI_2linesTxISR_8BIT), (48 bytes).
    Removing stm32l1xx_hal_spi.o(i.SPI_AbortRx_ISR), (80 bytes).
    Removing stm32l1xx_hal_spi.o(i.SPI_AbortTx_ISR), (28 bytes).
    Removing stm32l1xx_hal_spi.o(i.SPI_CloseRxTx_ISR), (144 bytes).
    Removing stm32l1xx_hal_spi.o(i.SPI_CloseRx_ISR), (76 bytes).
    Removing stm32l1xx_hal_spi.o(i.SPI_CloseTx_ISR), (124 bytes).
    Removing stm32l1xx_hal_spi.o(i.SPI_DMAAbortOnError), (16 bytes).
    Removing stm32l1xx_hal_spi.o(i.SPI_DMAError), (34 bytes).
    Removing stm32l1xx_hal_spi.o(i.SPI_DMAHalfReceiveCplt), (10 bytes).
    Removing stm32l1xx_hal_spi.o(i.SPI_DMAHalfTransmitCplt), (10 bytes).
    Removing stm32l1xx_hal_spi.o(i.SPI_DMAHalfTransmitReceiveCplt), (10 bytes).
    Removing stm32l1xx_hal_spi.o(i.SPI_DMAReceiveCplt), (84 bytes).
    Removing stm32l1xx_hal_spi.o(i.SPI_DMARxAbortCallback), (102 bytes).
    Removing stm32l1xx_hal_spi.o(i.SPI_DMATransmitCplt), (100 bytes).
    Removing stm32l1xx_hal_spi.o(i.SPI_DMATransmitReceiveCplt), (90 bytes).
    Removing stm32l1xx_hal_spi.o(i.SPI_DMATxAbortCallback), (116 bytes).
    Removing stm32l1xx_hal_spi.o(i.SPI_EndRxTransaction), (92 bytes).
    Removing stm32l1xx_hal_spi.o(i.SPI_EndRxTxTransaction), (64 bytes).
    Removing stm32l1xx_hal_spi.o(i.SPI_RxISR_16BIT), (32 bytes).
    Removing stm32l1xx_hal_spi.o(i.SPI_RxISR_8BIT), (32 bytes).
    Removing stm32l1xx_hal_spi.o(i.SPI_TxISR_16BIT), (32 bytes).
    Removing stm32l1xx_hal_spi.o(i.SPI_TxISR_8BIT), (32 bytes).
    Removing stm32l1xx_hal_spi.o(i.SPI_WaitFlagStateUntilTimeout), (148 bytes).
    Removing stm32l1xx_hal_sram.o(.rev16_text), (4 bytes).
    Removing stm32l1xx_hal_sram.o(.revsh_text), (4 bytes).
    Removing stm32l1xx_hal_sram.o(.rrx_text), (6 bytes).
    Removing stm32l1xx_hal_uart.o(.rev16_text), (4 bytes).
    Removing stm32l1xx_hal_uart.o(.revsh_text), (4 bytes).
    Removing stm32l1xx_hal_uart.o(.rrx_text), (6 bytes).
    Removing stm32l1xx_hal_uart.o(i.HAL_HalfDuplex_EnableReceiver), (50 bytes).
    Removing stm32l1xx_hal_uart.o(i.HAL_HalfDuplex_EnableTransmitter), (50 bytes).
    Removing stm32l1xx_hal_uart.o(i.HAL_HalfDuplex_Init), (108 bytes).
    Removing stm32l1xx_hal_uart.o(i.HAL_LIN_Init), (128 bytes).
    Removing stm32l1xx_hal_uart.o(i.HAL_LIN_SendBreak), (46 bytes).
    Removing stm32l1xx_hal_uart.o(i.HAL_MultiProcessor_EnterMuteMode), (46 bytes).
    Removing stm32l1xx_hal_uart.o(i.HAL_MultiProcessor_ExitMuteMode), (46 bytes).
    Removing stm32l1xx_hal_uart.o(i.HAL_MultiProcessor_Init), (142 bytes).
    Removing stm32l1xx_hal_uart.o(i.HAL_UART_Abort), (138 bytes).
    Removing stm32l1xx_hal_uart.o(i.HAL_UART_AbortCpltCallback), (2 bytes).
    Removing stm32l1xx_hal_uart.o(i.HAL_UART_AbortReceive), (88 bytes).
    Removing stm32l1xx_hal_uart.o(i.HAL_UART_AbortReceiveCpltCallback), (2 bytes).
    Removing stm32l1xx_hal_uart.o(i.HAL_UART_AbortReceive_IT), (92 bytes).
    Removing stm32l1xx_hal_uart.o(i.HAL_UART_AbortTransmit), (78 bytes).
    Removing stm32l1xx_hal_uart.o(i.HAL_UART_AbortTransmitCpltCallback), (2 bytes).
    Removing stm32l1xx_hal_uart.o(i.HAL_UART_AbortTransmit_IT), (84 bytes).
    Removing stm32l1xx_hal_uart.o(i.HAL_UART_Abort_IT), (172 bytes).
    Removing stm32l1xx_hal_uart.o(i.HAL_UART_DMAPause), (102 bytes).
    Removing stm32l1xx_hal_uart.o(i.HAL_UART_DMAResume), (94 bytes).
    Removing stm32l1xx_hal_uart.o(i.HAL_UART_DMAStop), (88 bytes).
    Removing stm32l1xx_hal_uart.o(i.HAL_UART_DeInit), (50 bytes).
    Removing stm32l1xx_hal_uart.o(i.HAL_UART_ErrorCallback), (2 bytes).
    Removing stm32l1xx_hal_uart.o(i.HAL_UART_GetError), (4 bytes).
    Removing stm32l1xx_hal_uart.o(i.HAL_UART_GetState), (10 bytes).
    Removing stm32l1xx_hal_uart.o(i.HAL_UART_IRQHandler), (272 bytes).
    Removing stm32l1xx_hal_uart.o(i.HAL_UART_MspDeInit), (2 bytes).
    Removing stm32l1xx_hal_uart.o(i.HAL_UART_MspInit), (2 bytes).
    Removing stm32l1xx_hal_uart.o(i.HAL_UART_Receive), (184 bytes).
    Removing stm32l1xx_hal_uart.o(i.HAL_UART_Receive_DMA), (152 bytes).
    Removing stm32l1xx_hal_uart.o(i.HAL_UART_Receive_IT), (82 bytes).
    Removing stm32l1xx_hal_uart.o(i.HAL_UART_RxCpltCallback), (2 bytes).
    Removing stm32l1xx_hal_uart.o(i.HAL_UART_RxHalfCpltCallback), (2 bytes).
    Removing stm32l1xx_hal_uart.o(i.HAL_UART_Transmit), (186 bytes).
    Removing stm32l1xx_hal_uart.o(i.HAL_UART_Transmit_DMA), (128 bytes).
    Removing stm32l1xx_hal_uart.o(i.HAL_UART_Transmit_IT), (62 bytes).
    Removing stm32l1xx_hal_uart.o(i.HAL_UART_TxCpltCallback), (2 bytes).
    Removing stm32l1xx_hal_uart.o(i.HAL_UART_TxHalfCpltCallback), (2 bytes).
    Removing stm32l1xx_hal_uart.o(i.UART_DMAAbortOnError), (16 bytes).
    Removing stm32l1xx_hal_uart.o(i.UART_DMAError), (74 bytes).
    Removing stm32l1xx_hal_uart.o(i.UART_DMAReceiveCplt), (60 bytes).
    Removing stm32l1xx_hal_uart.o(i.UART_DMARxAbortCallback), (42 bytes).
    Removing stm32l1xx_hal_uart.o(i.UART_DMARxHalfCplt), (10 bytes).
    Removing stm32l1xx_hal_uart.o(i.UART_DMARxOnlyAbortCallback), (20 bytes).
    Removing stm32l1xx_hal_uart.o(i.UART_DMATransmitCplt), (46 bytes).
    Removing stm32l1xx_hal_uart.o(i.UART_DMATxAbortCallback), (42 bytes).
    Removing stm32l1xx_hal_uart.o(i.UART_DMATxHalfCplt), (10 bytes).
    Removing stm32l1xx_hal_uart.o(i.UART_DMATxOnlyAbortCallback), (20 bytes).
    Removing stm32l1xx_hal_uart.o(i.UART_EndRxTransfer), (28 bytes).
    Removing stm32l1xx_hal_uart.o(i.UART_EndTxTransfer), (18 bytes).
    Removing stm32l1xx_hal_uart.o(i.UART_Receive_IT), (150 bytes).
    Removing stm32l1xx_hal_uart.o(i.UART_Transmit_IT), (98 bytes).
    Removing stm32l1xx_hal_uart.o(i.UART_WaitOnFlagUntilTimeout), (100 bytes).
    Removing stm32l1xx_hal_usart.o(.rev16_text), (4 bytes).
    Removing stm32l1xx_hal_usart.o(.revsh_text), (4 bytes).
    Removing stm32l1xx_hal_usart.o(.rrx_text), (6 bytes).
    Removing system_stm32l1xx.o(.rev16_text), (4 bytes).
    Removing system_stm32l1xx.o(.revsh_text), (4 bytes).
    Removing system_stm32l1xx.o(.rrx_text), (6 bytes).
    Removing system_stm32l1xx.o(i.SystemCoreClockUpdate), (144 bytes).
    Removing fmul.o(.text), (100 bytes).
    Removing fflti.o(.text), (18 bytes).
    Removing ffltui.o(.text), (10 bytes).
    Removing dfixul.o(.text), (48 bytes).
    Removing cdrcmple.o(.text), (48 bytes).

454 unused section(s) (total 32412 bytes) removed from the image.
