<html>
<body>
<pre>
<h1>µVision Build Log</h1>
<h2>Tool Versions:</h2>
IDE-Version: µVision V5.30.0.0
Copyright (C) 2020 ARM Ltd and ARM Germany GmbH. All rights reserved.
License Information: Andy Kang, UCSC, LIC=----
 
Tool Versions:
Toolchain:       MDK-Lite  Version: 5.30.0.0
Toolchain Path:  C:\Keil_v5\ARM\ARMCC\Bin
C Compiler:      Armcc.exe V5.06 update 6 (build 750)
Assembler:       Armasm.exe V5.06 update 6 (build 750)
Linker/Locator:  ArmLink.exe V5.06 update 6 (build 750)
Library Manager: ArmAr.exe V5.06 update 6 (build 750)
Hex Converter:   FromElf.exe V5.06 update 6 (build 750)
CPU DLL:         SARMCM3.DLL V5.30.0.0
Dialog DLL:      DCM.DLL V1.17.3.0
Target DLL:      STLink\ST-LINKIII-KEIL_SWO.dll V3.0.7.0
Dialog DLL:      TCM.DLL V1.42.0.0
 
<h2>Project:</h2>
C:\Users\andyc\Desktop\OBC\CommandControl\Integration\PowerModes_AGC_Board1\MDK-ARM\pmode_test_rcv.uvprojx
Project File Date:  05/11/2020

<h2>Output:</h2>
*** Using Compiler 'V5.06 update 6 (build 750)', folder: 'C:\Keil_v5\ARM\ARMCC\Bin'
Build target 'pmode_test_rcv'
assembling startup_stm32l152xe.s...
compiling DateConversion.c...
compiling stm32l1xx_it.c...
compiling SPI_FRAM.c...
compiling Fuel_Gauge_Functions.c...
compiling Current_Control_Functions.c...
compiling stm32l1xx_hal_msp.c...
compiling transitions.c...
compiling agc.c...
compiling main.c...
../Src/main.c(660): warning:  #177-D: function "GPIO_DeInit"  was declared but never referenced
  static void GPIO_DeInit(void)
../Src/main.c: 1 warning, 0 errors
compiling PowerModes.c...
compiling stm32l1xx_hal_adc_ex.c...
compiling stm32l1xx_hal_adc.c...
compiling stm32l1xx_hal_dac_ex.c...
compiling stm32l1xx_hal_dac.c...
compiling stm32l1xx_hal_rtc.c...
compiling stm32l1xx_hal_spi_ex.c...
compiling stm32l1xx_hal_tim_ex.c...
compiling stm32l1xx_hal.c...
compiling stm32l1xx_hal_rtc_ex.c...
compiling stm32l1xx_hal_spi.c...
compiling stm32l1xx_hal_uart.c...
compiling stm32l1xx_hal_tim.c...
compiling stm32l1xx_hal_i2c.c...
compiling stm32l1xx_hal_rcc_ex.c...
compiling stm32l1xx_hal_flash.c...
compiling stm32l1xx_hal_flash_ex.c...
compiling stm32l1xx_hal_flash_ramfunc.c...
compiling stm32l1xx_hal_rcc.c...
compiling stm32l1xx_hal_gpio.c...
compiling stm32l1xx_hal_pwr.c...
compiling stm32l1xx_hal_dma.c...
compiling stm32l1xx_hal_pwr_ex.c...
compiling stm32l1xx_hal_cortex.c...
compiling system_stm32l1xx.c...
linking...
Program Size: Code=23928 RO-data=644 RW-data=104 ZI-data=1456  
FromELF: creating hex file...
"pmode_test_rcv\pmode_test_rcv.axf" - 0 Error(s), 1 Warning(s).

<h2>Software Packages used:</h2>

Package Vendor: ARM
                http://www.keil.com/pack/ARM.CMSIS.5.7.0.pack
                ARM.CMSIS.5.7.0
                CMSIS (Cortex Microcontroller Software Interface Standard)
   * Component: CORE Version: 5.4.0

Package Vendor: Keil
                http://www.keil.com/pack/Keil.STM32L1xx_DFP.1.2.0.pack
                Keil.STM32L1xx_DFP.1.2.0
                STMicroelectronics STM32L1 Series Device Support and Examples

<h2>Collection of Component include folders:</h2>
  .\RTE\_pmode_test_rcv
  C:\Users\andyc\AppData\Local\Arm\Packs\ARM\CMSIS\5.7.0\CMSIS\Core\Include
  C:\Users\andyc\AppData\Local\Arm\Packs\Keil\STM32L1xx_DFP\1.2.0\Device\Include

<h2>Collection of Component Files used:</h2>

   * Component: ARM::CMSIS:CORE:5.4.0
Build Time Elapsed:  00:00:04
</pre>
</body>
</html>
