Component: ARM Compiler 5.06 update 6 (build 750) Tool: armlink [4d35ed]

==============================================================================

Section Cross References

    startup_stm32l152xe.o(RESET) refers to startup_stm32l152xe.o(STACK) for __initial_sp
    startup_stm32l152xe.o(RESET) refers to startup_stm32l152xe.o(.text) for Reset_Handler
    startup_stm32l152xe.o(RESET) refers to stm32l1xx_it.o(i.NMI_Handler) for NMI_Handler
    startup_stm32l152xe.o(RESET) refers to stm32l1xx_it.o(i.HardFault_Handler) for HardFault_Handler
    startup_stm32l152xe.o(RESET) refers to stm32l1xx_it.o(i.MemManage_Handler) for MemManage_Handler
    startup_stm32l152xe.o(RESET) refers to stm32l1xx_it.o(i.BusFault_Handler) for BusFault_Handler
    startup_stm32l152xe.o(RESET) refers to stm32l1xx_it.o(i.UsageFault_Handler) for UsageFault_Handler
    startup_stm32l152xe.o(RESET) refers to stm32l1xx_it.o(i.SVC_Handler) for SVC_Handler
    startup_stm32l152xe.o(RESET) refers to stm32l1xx_it.o(i.DebugMon_Handler) for DebugMon_Handler
    startup_stm32l152xe.o(RESET) refers to stm32l1xx_it.o(i.PendSV_Handler) for PendSV_Handler
    startup_stm32l152xe.o(RESET) refers to stm32l1xx_it.o(i.SysTick_Handler) for SysTick_Handler
    startup_stm32l152xe.o(RESET) refers to stm32l1xx_it.o(i.RTC_WKUP_IRQHandler) for RTC_WKUP_IRQHandler
    startup_stm32l152xe.o(RESET) refers to stm32l1xx_it.o(i.TIM10_IRQHandler) for TIM10_IRQHandler
    startup_stm32l152xe.o(RESET) refers to stm32l1xx_it.o(i.EXTI15_10_IRQHandler) for EXTI15_10_IRQHandler
    startup_stm32l152xe.o(.text) refers to system_stm32l1xx.o(i.SystemInit) for SystemInit
    startup_stm32l152xe.o(.text) refers to entry.o(.ARM.Collect$$$$00000000) for __main
    transitions.o(i.Detumble_Transition) refers to transitions.o(.data) for .data
    transitions.o(i.Eclipse_Transition) refers to transitions.o(.data) for .data
    transitions.o(i.LowPower_Transition) refers to transitions.o(.data) for .data
    transitions.o(i.Normal_Transition) refers to transitions.o(.data) for .data
    transitions.o(i.Print_Globals) refers to printfa.o(i.__0printf) for __2printf
    transitions.o(i.Print_Globals) refers to f2d.o(.text) for __aeabi_f2d
    transitions.o(i.Print_Globals) refers to transitions.o(.data) for .data
    transitions.o(i.ScienceOnly_Transition) refers to transitions.o(.data) for .data
    transitions.o(i.Set_BatteryLevel) refers to transitions.o(.data) for .data
    transitions.o(i.Set_Die) refers to transitions.o(.data) for .data
    transitions.o(i.Set_ScienceEvent) refers to transitions.o(.data) for .data
    transitions.o(i.Set_SolarVector) refers to transitions.o(.data) for .data
    transitions.o(i.Set_Stable) refers to transitions.o(.data) for .data
    transitions.o(i.UltraLowPower_Transition) refers to transitions.o(.data) for .data
    spi_fram.o(i.Free_Lock) refers to stm32l1xx_hal_gpio.o(i.HAL_GPIO_WritePin) for HAL_GPIO_WritePin
    spi_fram.o(i.Get_Lock) refers to stm32l1xx_hal_gpio.o(i.HAL_GPIO_ReadPin) for HAL_GPIO_ReadPin
    spi_fram.o(i.Get_Lock) refers to stm32l1xx_hal_gpio.o(i.HAL_GPIO_WritePin) for HAL_GPIO_WritePin
    spi_fram.o(i.SPI_FRAM_Init) refers to stm32l1xx_hal_gpio.o(i.HAL_GPIO_WritePin) for HAL_GPIO_WritePin
    spi_fram.o(i.SPI_FRAM_Read) refers to spi_fram.o(i.Get_Lock) for Get_Lock
    spi_fram.o(i.SPI_FRAM_Read) refers to stm32l1xx_hal_gpio.o(i.HAL_GPIO_WritePin) for HAL_GPIO_WritePin
    spi_fram.o(i.SPI_FRAM_Read) refers to stm32l1xx_hal_spi.o(i.HAL_SPI_Transmit) for HAL_SPI_Transmit
    spi_fram.o(i.SPI_FRAM_Read) refers to stm32l1xx_hal_spi.o(i.HAL_SPI_Receive) for HAL_SPI_Receive
    spi_fram.o(i.SPI_FRAM_Write) refers to spi_fram.o(i.Get_Lock) for Get_Lock
    spi_fram.o(i.SPI_FRAM_Write) refers to stm32l1xx_hal_gpio.o(i.HAL_GPIO_WritePin) for HAL_GPIO_WritePin
    spi_fram.o(i.SPI_FRAM_Write) refers to stm32l1xx_hal_spi.o(i.HAL_SPI_Transmit) for HAL_SPI_Transmit
    spi_fram.o(i.SPI_FRAM_Write) refers to main.o(i.HAL_Delay) for HAL_Delay
    fuel_gauge_functions.o(i.Fuel_Gauge_Init) refers to fuel_gauge_functions.o(i.Fuel_Gauge_Read) for Fuel_Gauge_Read
    fuel_gauge_functions.o(i.Fuel_Gauge_Init) refers to fuel_gauge_functions.o(i.Fuel_Gauge_Write) for Fuel_Gauge_Write
    fuel_gauge_functions.o(i.Fuel_Gauge_Init) refers to main.o(i.HAL_Delay) for HAL_Delay
    fuel_gauge_functions.o(i.Fuel_Gauge_Init) refers to fuel_gauge_functions.o(.data) for .data
    fuel_gauge_functions.o(i.Fuel_Gauge_Read) refers to stm32l1xx_hal_i2c.o(i.HAL_I2C_Master_Transmit) for HAL_I2C_Master_Transmit
    fuel_gauge_functions.o(i.Fuel_Gauge_Read) refers to stm32l1xx_hal_i2c.o(i.HAL_I2C_Master_Receive) for HAL_I2C_Master_Receive
    fuel_gauge_functions.o(i.Fuel_Gauge_Write) refers to stm32l1xx_hal_i2c.o(i.HAL_I2C_Master_Transmit) for HAL_I2C_Master_Transmit
    fuel_gauge_functions.o(i.Get_Charge_Percentage) refers to fuel_gauge_functions.o(i.Fuel_Gauge_Read) for Fuel_Gauge_Read
[...]
    ..\Drivers\STM32L1xx_HAL_Driver\Src\stm32l1xx_hal_flash.c 0x00000000   Number         0  stm32l1xx_hal_flash.o ABSOLUTE
    ..\Drivers\STM32L1xx_HAL_Driver\Src\stm32l1xx_hal_flash_ex.c 0x00000000   Number         0  stm32l1xx_hal_flash_ex.o ABSOLUTE
    ..\Drivers\STM32L1xx_HAL_Driver\Src\stm32l1xx_hal_flash_ramfunc.c 0x00000000   Number         0  stm32l1xx_hal_flash_ramfunc.o ABSOLUTE
    ..\Drivers\STM32L1xx_HAL_Driver\Src\stm32l1xx_hal_gpio.c 0x00000000   Number         0  stm32l1xx_hal_gpio.o ABSOLUTE
    ..\Drivers\STM32L1xx_HAL_Driver\Src\stm32l1xx_hal_i2c.c 0x00000000   Number         0  stm32l1xx_hal_i2c.o ABSOLUTE
    ..\Drivers\STM32L1xx_HAL_Driver\Src\stm32l1xx_hal_iwdg.c 0x00000000   Number         0  stm32l1xx_hal_iwdg.o ABSOLUTE
    ..\Drivers\STM32L1xx_HAL_Driver\Src\stm32l1xx_hal_pwr.c 0x00000000   Number         0  stm32l1xx_hal_pwr.o ABSOLUTE
    ..\Drivers\STM32L1xx_HAL_Driver\Src\stm32l1xx_hal_pwr_ex.c 0x00000000   Number         0  stm32l1xx_hal_pwr_ex.o ABSOLUTE
    ..\Drivers\STM32L1xx_HAL_Driver\Src\stm32l1xx_hal_rcc.c 0x00000000   Number         0  stm32l1xx_hal_rcc.o ABSOLUTE
    ..\Drivers\STM32L1xx_HAL_Driver\Src\stm32l1xx_hal_rcc_ex.c 0x00000000   Number         0  stm32l1xx_hal_rcc_ex.o ABSOLUTE
    ..\Drivers\STM32L1xx_HAL_Driver\Src\stm32l1xx_hal_rtc.c 0x00000000   Number         0  stm32l1xx_hal_rtc.o ABSOLUTE
    ..\Drivers\STM32L1xx_HAL_Driver\Src\stm32l1xx_hal_rtc_ex.c 0x00000000   Number         0  stm32l1xx_hal_rtc_ex.o ABSOLUTE
    ..\Drivers\STM32L1xx_HAL_Driver\Src\stm32l1xx_hal_spi.c 0x00000000   Number         0  stm32l1xx_hal_spi.o ABSOLUTE
    ..\Drivers\STM32L1xx_HAL_Driver\Src\stm32l1xx_hal_tim.c 0x00000000   Number         0  stm32l1xx_hal_tim.o ABSOLUTE
    ..\Drivers\STM32L1xx_HAL_Driver\Src\stm32l1xx_hal_tim_ex.c 0x00000000   Number         0  stm32l1xx_hal_tim_ex.o ABSOLUTE
    ..\Drivers\STM32L1xx_HAL_Driver\Src\stm32l1xx_hal_uart.c 0x00000000   Number         0  stm32l1xx_hal_uart.o ABSOLUTE
    ..\Src\Current_Control_Functions.c       0x00000000   Number         0  current_control_functions.o ABSOLUTE
    ..\Src\DateConversion.c                  0x00000000   Number         0  dateconversion.o ABSOLUTE
    ..\Src\Fuel_Gauge_Functions.c            0x00000000   Number         0  fuel_gauge_functions.o ABSOLUTE
    ..\Src\SPI_FRAM.c                        0x00000000   Number         0  spi_fram.o ABSOLUTE
    ..\Src\SatelliteControl.c                0x00000000   Number         0  satellitecontrol.o ABSOLUTE
    ..\Src\agc.c                             0x00000000   Number         0  agc.o ABSOLUTE
    ..\Src\main.c                            0x00000000   Number         0  main.o ABSOLUTE
    ..\Src\stm32l1xx_hal_msp.c               0x00000000   Number         0  stm32l1xx_hal_msp.o ABSOLUTE
    ..\Src\stm32l1xx_it.c                    0x00000000   Number         0  stm32l1xx_it.o ABSOLUTE
    ..\Src\system_stm32l1xx.c                0x00000000   Number         0  system_stm32l1xx.o ABSOLUTE
    ..\Src\transitions.c                     0x00000000   Number         0  transitions.o ABSOLUTE
    ..\\Src\\Current_Control_Functions.c     0x00000000   Number         0  current_control_functions.o ABSOLUTE
    ..\\Src\\Fuel_Gauge_Functions.c          0x00000000   Number         0  fuel_gauge_functions.o ABSOLUTE
    ..\\Src\\SPI_FRAM.c                      0x00000000   Number         0  spi_fram.o ABSOLUTE
    ..\\Src\\SatelliteControl.c              0x00000000   Number         0  satellitecontrol.o ABSOLUTE
    ..\\Src\\agc.c                           0x00000000   Number         0  agc.o ABSOLUTE
    ..\\Src\\transitions.c                   0x00000000   Number         0  transitions.o ABSOLUTE
    cdrcmple.s                               0x00000000   Number         0  cdrcmple.o ABSOLUTE
    dc.s                                     0x00000000   Number         0  dc.o ABSOLUTE
    handlers.s                               0x00000000   Number         0  handlers.o ABSOLUTE
    init.s                                   0x00000000   Number         0  init.o ABSOLUTE
    startup_stm32l152xe.s                    0x00000000   Number         0  startup_stm32l152xe.o ABSOLUTE
    RESET                                    0x08000000   Section      292  startup_stm32l152xe.o(RESET)
    .ARM.Collect$$$$00000000                 0x08000124   Section        0  entry.o(.ARM.Collect$$$$00000000)
    .ARM.Collect$$$$00000001                 0x08000124   Section        4  entry2.o(.ARM.Collect$$$$00000001)
    .ARM.Collect$$$$00000004                 0x08000128   Section        4  entry5.o(.ARM.Collect$$$$00000004)
    .ARM.Collect$$$$00000008                 0x0800012c   Section        0  entry7b.o(.ARM.Collect$$$$00000008)
    .ARM.Collect$$$$0000000A                 0x0800012c   Section        0  entry8b.o(.ARM.Collect$$$$0000000A)
    .ARM.Collect$$$$0000000B                 0x0800012c   Section        8  entry9a.o(.ARM.Collect$$$$0000000B)
    .ARM.Collect$$$$0000000D                 0x08000134   Section        0  entry10a.o(.ARM.Collect$$$$0000000D)
    .ARM.Collect$$$$0000000F                 0x08000134   Section        0  entry11a.o(.ARM.Collect$$$$0000000F)
    .ARM.Collect$$$$00002712                 0x08000134   Section        4  entry2.o(.ARM.Collect$$$$00002712)
    __lit__00000000                          0x08000134   Data           4  entry2.o(.ARM.Collect$$$$00002712)
    .text                                    0x08000138   Section       36  startup_stm32l152xe.o(.text)
    .text                                    0x0800015c   Section        0  uldiv.o(.text)
    .text                                    0x080001be   Section        0  memseta.o(.text)
    .text                                    0x080001e2   Section        0  strlen.o(.text)
    .text                                    0x080001f0   Section        0  fadd.o(.text)
    .text                                    0x080002a0   Section        0  fscalb.o(.text)
    .text                                    0x080002b8   Section        0  dadd.o(.text)
    .text                                    0x08000406   Section        0  dmul.o(.text)
    .text                                    0x080004ea   Section        0  ddiv.o(.text)
    .text                                    0x080005c8   Section        0  dscalb.o(.text)
    .text                                    0x080005f6   Section        0  dfltui.o(.text)
    .text                                    0x08000610   Section        0  dfixui.o(.text)
    .text                                    0x08000642   Section        0  dfixul.o(.text)
    .text                                    0x08000672   Section        0  f2d.o(.text)
    .text                                    0x08000698   Section       48  cdrcmple.o(.text)
    .text                                    0x080006c8   Section        0  d2f.o(.text)
    .text                                    0x08000700   Section        0  uidiv.o(.text)
    .text                                    0x0800072c   Section        0  llshl.o(.text)
    .text                                    0x0800074a   Section        0  llushr.o(.text)
    .text                                    0x0800076a   Section        0  llsshr.o(.text)
    .text                                    0x0800078e   Section        0  iusefp.o(.text)
    .text                                    0x0800078e   Section        0  fepilogue.o(.text)
    .text                                    0x080007fc   Section        0  depilogue.o(.text)
    .text                                    0x080008b8   Section       36  init.o(.text)
    i.ADC_ConversionStop_Disable             0x080008dc   Section        0  stm32l1xx_hal_adc.o(i.ADC_ConversionStop_Disable)
    i.ADC_Enable                             0x08000928   Section        0  stm32l1xx_hal_adc.o(i.ADC_Enable)
    i.AGC_DetectorToRSSI                     0x0800099c   Section        0  agc.o(i.AGC_DetectorToRSSI)
    AGC_DetectorToRSSI                       0x0800099d   Thumb Code    62  agc.o(i.AGC_DetectorToRSSI)
    i.AGC_DoEvent                            0x080009f8   Section        0  agc.o(i.AGC_DoEvent)
    i.AGC_Init                               0x08000f38   Section        0  agc.o(i.AGC_Init)
    i.AGC_MeasureRSSI                        0x08000f60   Section        0  agc.o(i.AGC_MeasureRSSI)
    AGC_MeasureRSSI                          0x08000f61   Thumb Code    28  agc.o(i.AGC_MeasureRSSI)
    i.AGC_SetOutputs                         0x08000f84   Section        0  agc.o(i.AGC_SetOutputs)
    AGC_SetOutputs                           0x08000f85   Thumb Code    32  agc.o(i.AGC_SetOutputs)
    i.AGC_VAToDAC                            0x08000fac   Section        0  agc.o(i.AGC_VAToDAC)
    AGC_VAToDAC                              0x08000fad   Thumb Code    54  agc.o(i.AGC_VAToDAC)
    i.AGC_VGAToDAC                           0x08000ff8   Section        0  agc.o(i.AGC_VGAToDAC)
    AGC_VGAToDAC                             0x08000ff9   Thumb Code    54  agc.o(i.AGC_VGAToDAC)
    i.BusFault_Handler                       0x08001044   Section        0  stm32l1xx_it.o(i.BusFault_Handler)
    i.CurrentControlRead                     0x08001046   Section        0  current_control_functions.o(i.CurrentControlRead)
    i.CurrentSensorInit                      0x08001090   Section        0  current_control_functions.o(i.CurrentSensorInit)
    i.CurrentSensorWrite                     0x0800110a   Section        0  current_control_functions.o(i.CurrentSensorWrite)
    i.DebugMon_Handler                       0x08001130   Section        0  stm32l1xx_it.o(i.DebugMon_Handler)
    i.Detumble_Transition                    0x08001134   Section        0  transitions.o(i.Detumble_Transition)
    i.EXTI15_10_IRQHandler                   0x08001188   Section        0  stm32l1xx_it.o(i.EXTI15_10_IRQHandler)
    i.Eclipse_Transition                     0x08001190   Section        0  transitions.o(i.Eclipse_Transition)
    i.Error_Handler                          0x080011e4   Section        0  main.o(i.Error_Handler)
    i.Fuel_Gauge_Init                        0x080011e8   Section        0  fuel_gauge_functions.o(i.Fuel_Gauge_Init)
    i.Fuel_Gauge_Read                        0x080012f4   Section        0  fuel_gauge_functions.o(i.Fuel_Gauge_Read)
    i.Fuel_Gauge_Write                       0x0800133c   Section        0  fuel_gauge_functions.o(i.Fuel_Gauge_Write)
    i.HAL_ADC_ConfigChannel                  0x08001360   Section        0  stm32l1xx_hal_adc.o(i.HAL_ADC_ConfigChannel)
    i.HAL_ADC_DeInit                         0x080014bc   Section        0  stm32l1xx_hal_adc.o(i.HAL_ADC_DeInit)
    i.HAL_ADC_GetValue                       0x080015c4   Section        0  stm32l1xx_hal_adc.o(i.HAL_ADC_GetValue)
    i.HAL_ADC_Init                           0x080015cc   Section        0  stm32l1xx_hal_adc.o(i.HAL_ADC_Init)
    i.HAL_ADC_MspDeInit                      0x08001768   Section        0  stm32l1xx_hal_msp.o(i.HAL_ADC_MspDeInit)
    i.HAL_ADC_MspInit                        0x08001790   Section        0  stm32l1xx_hal_msp.o(i.HAL_ADC_MspInit)
    i.HAL_ADC_Start                          0x080017f0   Section        0  stm32l1xx_hal_adc.o(i.HAL_ADC_Start)
    i.HAL_DAC_ConfigChannel                  0x08001866   Section        0  stm32l1xx_hal_dac.o(i.HAL_DAC_ConfigChannel)
    i.HAL_DAC_Init                           0x080018a8   Section        0  stm32l1xx_hal_dac.o(i.HAL_DAC_Init)
    i.HAL_DAC_MspInit                        0x080018d0   Section        0  stm32l1xx_hal_msp.o(i.HAL_DAC_MspInit)
    i.HAL_DAC_SetValue                       0x08001930   Section        0  stm32l1xx_hal_dac.o(i.HAL_DAC_SetValue)
    i.HAL_Delay                              0x0800194c   Section        0  main.o(i.HAL_Delay)
    i.HAL_GPIO_DeInit                        0x080019e4   Section        0  stm32l1xx_hal_gpio.o(i.HAL_GPIO_DeInit)
    i.HAL_GPIO_EXTI_Callback                 0x08001b2c   Section        0  main.o(i.HAL_GPIO_EXTI_Callback)
    i.HAL_GPIO_EXTI_IRQHandler               0x08001b3c   Section        0  stm32l1xx_hal_gpio.o(i.HAL_GPIO_EXTI_IRQHandler)
    i.HAL_GPIO_Init                          0x08001b54   Section        0  stm32l1xx_hal_gpio.o(i.HAL_GPIO_Init)
    i.HAL_GPIO_WritePin                      0x08001d04   Section        0  stm32l1xx_hal_gpio.o(i.HAL_GPIO_WritePin)
    i.HAL_GetTick                            0x08001d10   Section        0  stm32l1xx_hal.o(i.HAL_GetTick)
    i.HAL_I2C_DeInit                         0x08001d1c   Section        0  stm32l1xx_hal_i2c.o(i.HAL_I2C_DeInit)
    i.HAL_I2C_Init                           0x08001d50   Section        0  stm32l1xx_hal_i2c.o(i.HAL_I2C_Init)
    i.HAL_I2C_Master_Receive                 0x08001e94   Section        0  stm32l1xx_hal_i2c.o(i.HAL_I2C_Master_Receive)
    i.HAL_I2C_Master_Transmit                0x08002078   Section        0  stm32l1xx_hal_i2c.o(i.HAL_I2C_Master_Transmit)
    i.HAL_I2C_MspDeInit                      0x080021ac   Section        0  stm32l1xx_hal_msp.o(i.HAL_I2C_MspDeInit)
    i.HAL_I2C_MspInit                        0x080021d8   Section        0  stm32l1xx_hal_msp.o(i.HAL_I2C_MspInit)
    i.HAL_IWDG_Init                          0x08002244   Section        0  stm32l1xx_hal_iwdg.o(i.HAL_IWDG_Init)
    i.HAL_IncTick                            0x08002298   Section        0  stm32l1xx_hal.o(i.HAL_IncTick)
    i.HAL_Init                               0x080022a8   Section        0  stm32l1xx_hal.o(i.HAL_Init)
    i.HAL_InitTick                           0x080022c0   Section        0  stm32l1xx_hal.o(i.HAL_InitTick)
    i.HAL_MspInit                            0x080022e8   Section        0  stm32l1xx_hal_msp.o(i.HAL_MspInit)
    i.HAL_NVIC_EnableIRQ                     0x08002324   Section        0  stm32l1xx_hal_cortex.o(i.HAL_NVIC_EnableIRQ)
    i.HAL_NVIC_SetPriority                   0x0800233c   Section        0  stm32l1xx_hal_cortex.o(i.HAL_NVIC_SetPriority)
    i.HAL_NVIC_SetPriorityGrouping           0x0800237c   Section        0  stm32l1xx_hal_cortex.o(i.HAL_NVIC_SetPriorityGrouping)
    i.HAL_PWREx_EnableFastWakeUp             0x080023a0   Section        0  stm32l1xx_hal_pwr_ex.o(i.HAL_PWREx_EnableFastWakeUp)
    i.HAL_PWREx_EnableUltraLowPower          0x080023b8   Section        0  stm32l1xx_hal_pwr_ex.o(i.HAL_PWREx_EnableUltraLowPower)
    i.HAL_PWR_EnterSLEEPMode                 0x080023d0   Section        0  stm32l1xx_hal_pwr.o(i.HAL_PWR_EnterSLEEPMode)
    i.HAL_PWR_EnterSTOPMode                  0x08002400   Section        0  stm32l1xx_hal_pwr.o(i.HAL_PWR_EnterSTOPMode)
    i.HAL_RCCEx_PeriphCLKConfig              0x08002438   Section        0  stm32l1xx_hal_rcc_ex.o(i.HAL_RCCEx_PeriphCLKConfig)
    i.HAL_RCC_ClockConfig                    0x080025c0   Section        0  stm32l1xx_hal_rcc.o(i.HAL_RCC_ClockConfig)
    i.HAL_RCC_GetPCLK1Freq                   0x08002794   Section        0  stm32l1xx_hal_rcc.o(i.HAL_RCC_GetPCLK1Freq)
    i.HAL_RCC_GetPCLK2Freq                   0x080027c4   Section        0  stm32l1xx_hal_rcc.o(i.HAL_RCC_GetPCLK2Freq)
    i.HAL_RCC_GetSysClockFreq                0x080027f4   Section        0  stm32l1xx_hal_rcc.o(i.HAL_RCC_GetSysClockFreq)
    i.HAL_RCC_OscConfig                      0x08002880   Section        0  stm32l1xx_hal_rcc.o(i.HAL_RCC_OscConfig)
    i.HAL_RTCEx_DeactivateWakeUpTimer        0x08002fd0   Section        0  stm32l1xx_hal_rtc_ex.o(i.HAL_RTCEx_DeactivateWakeUpTimer)
    i.HAL_RTCEx_SetWakeUpTimer_IT            0x0800304c   Section        0  stm32l1xx_hal_rtc_ex.o(i.HAL_RTCEx_SetWakeUpTimer_IT)
    i.HAL_RTCEx_WakeUpTimerEventCallback     0x08003144   Section        0  stm32l1xx_hal_rtc_ex.o(i.HAL_RTCEx_WakeUpTimerEventCallback)
    i.HAL_RTCEx_WakeUpTimerIRQHandler        0x08003148   Section        0  stm32l1xx_hal_rtc_ex.o(i.HAL_RTCEx_WakeUpTimerIRQHandler)
    i.HAL_RTC_Init                           0x0800317c   Section        0  stm32l1xx_hal_rtc.o(i.HAL_RTC_Init)
    i.HAL_RTC_MspInit                        0x08003218   Section        0  stm32l1xx_hal_msp.o(i.HAL_RTC_MspInit)
    i.HAL_RTC_SetDate                        0x08003258   Section        0  stm32l1xx_hal_rtc.o(i.HAL_RTC_SetDate)
    i.HAL_RTC_SetTime                        0x08003320   Section        0  stm32l1xx_hal_rtc.o(i.HAL_RTC_SetTime)
    i.HAL_RTC_WaitForSynchro                 0x08003408   Section        0  stm32l1xx_hal_rtc_ex.o(i.HAL_RTC_WaitForSynchro)
    i.HAL_ResumeTick                         0x08003442   Section        0  stm32l1xx_hal.o(i.HAL_ResumeTick)
    i.HAL_SPI_DeInit                         0x08003450   Section        0  stm32l1xx_hal_spi.o(i.HAL_SPI_DeInit)
    i.HAL_SPI_Init                           0x08003478   Section        0  stm32l1xx_hal_spi.o(i.HAL_SPI_Init)
    i.HAL_SPI_MspDeInit                      0x0800347c   Section        0  stm32l1xx_hal_msp.o(i.HAL_SPI_MspDeInit)
    i.HAL_SYSTICK_Config                     0x080034a8   Section        0  stm32l1xx_hal_cortex.o(i.HAL_SYSTICK_Config)
    i.HAL_SuspendTick                        0x080034d0   Section        0  stm32l1xx_hal.o(i.HAL_SuspendTick)
    i.HAL_TIM_Base_Init                      0x080034de   Section        0  stm32l1xx_hal_tim.o(i.HAL_TIM_Base_Init)
    i.HAL_TIM_Base_MspInit                   0x08003514   Section        0  stm32l1xx_hal_msp.o(i.HAL_TIM_Base_MspInit)
    i.HAL_TIM_Base_Start                     0x08003550   Section        0  stm32l1xx_hal_tim.o(i.HAL_TIM_Base_Start)
    i.HAL_TIM_Base_Start_IT                  0x0800356a   Section        0  stm32l1xx_hal_tim.o(i.HAL_TIM_Base_Start_IT)
    i.HAL_TIM_ConfigClockSource              0x08003582   Section        0  stm32l1xx_hal_tim.o(i.HAL_TIM_ConfigClockSource)
    i.HAL_TIM_IC_CaptureCallback             0x08003674   Section        0  stm32l1xx_hal_tim.o(i.HAL_TIM_IC_CaptureCallback)
    i.HAL_TIM_IRQHandler                     0x08003676   Section        0  stm32l1xx_hal_tim.o(i.HAL_TIM_IRQHandler)
    i.HAL_TIM_OC_DelayElapsedCallback        0x0800379c   Section        0  stm32l1xx_hal_tim.o(i.HAL_TIM_OC_DelayElapsedCallback)
    i.HAL_TIM_PWM_PulseFinishedCallback      0x0800379e   Section        0  stm32l1xx_hal_tim.o(i.HAL_TIM_PWM_PulseFinishedCallback)
    i.HAL_TIM_PeriodElapsedCallback          0x080037a0   Section        0  stm32l1xx_hal_tim.o(i.HAL_TIM_PeriodElapsedCallback)
    i.HAL_TIM_TriggerCallback                0x080037a2   Section        0  stm32l1xx_hal_tim.o(i.HAL_TIM_TriggerCallback)
    i.HAL_UART_DeInit                        0x080037a4   Section        0  stm32l1xx_hal_uart.o(i.HAL_UART_DeInit)
    i.HAL_UART_Init                          0x080037e0   Section        0  stm32l1xx_hal_uart.o(i.HAL_UART_Init)
    i.HAL_UART_MspDeInit                     0x08003840   Section        0  stm32l1xx_hal_msp.o(i.HAL_UART_MspDeInit)
    i.HAL_UART_MspInit                       0x08003868   Section        0  stm32l1xx_hal_msp.o(i.HAL_UART_MspInit)
    i.HAL_UART_Transmit                      0x080038d0   Section        0  stm32l1xx_hal_uart.o(i.HAL_UART_Transmit)
    i.HardFault_Handler                      0x0800399c   Section        0  stm32l1xx_it.o(i.HardFault_Handler)
    i.I2C_IsAcknowledgeFailed                0x0800399e   Section        0  stm32l1xx_hal_i2c.o(i.I2C_IsAcknowledgeFailed)
    I2C_IsAcknowledgeFailed                  0x0800399f   Thumb Code    40  stm32l1xx_hal_i2c.o(i.I2C_IsAcknowledgeFailed)
    i.I2C_MasterRequestRead                  0x080039c6   Section        0  stm32l1xx_hal_i2c.o(i.I2C_MasterRequestRead)
    I2C_MasterRequestRead                    0x080039c7   Thumb Code   226  stm32l1xx_hal_i2c.o(i.I2C_MasterRequestRead)
    i.I2C_MasterRequestWrite                 0x08003aa8   Section        0  stm32l1xx_hal_i2c.o(i.I2C_MasterRequestWrite)
    I2C_MasterRequestWrite                   0x08003aa9   Thumb Code   146  stm32l1xx_hal_i2c.o(i.I2C_MasterRequestWrite)
    i.I2C_WaitOnBTFFlagUntilTimeout          0x08003b40   Section        0  stm32l1xx_hal_i2c.o(i.I2C_WaitOnBTFFlagUntilTimeout)
    I2C_WaitOnBTFFlagUntilTimeout            0x08003b41   Thumb Code    78  stm32l1xx_hal_i2c.o(i.I2C_WaitOnBTFFlagUntilTimeout)
    i.I2C_WaitOnFlagUntilTimeout             0x08003b8e   Section        0  stm32l1xx_hal_i2c.o(i.I2C_WaitOnFlagUntilTimeout)
    I2C_WaitOnFlagUntilTimeout               0x08003b8f   Thumb Code    96  stm32l1xx_hal_i2c.o(i.I2C_WaitOnFlagUntilTimeout)
    i.I2C_WaitOnMasterAddressFlagUntilTimeout 0x08003bf0   Section        0  stm32l1xx_hal_i2c.o(i.I2C_WaitOnMasterAddressFlagUntilTimeout)
    I2C_WaitOnMasterAddressFlagUntilTimeout  0x08003bf1   Thumb Code   136  stm32l1xx_hal_i2c.o(i.I2C_WaitOnMasterAddressFlagUntilTimeout)
    i.I2C_WaitOnRXNEFlagUntilTimeout         0x08003c78   Section        0  stm32l1xx_hal_i2c.o(i.I2C_WaitOnRXNEFlagUntilTimeout)
    I2C_WaitOnRXNEFlagUntilTimeout           0x08003c79   Thumb Code    98  stm32l1xx_hal_i2c.o(i.I2C_WaitOnRXNEFlagUntilTimeout)
    i.I2C_WaitOnTXEFlagUntilTimeout          0x08003cda   Section        0  stm32l1xx_hal_i2c.o(i.I2C_WaitOnTXEFlagUntilTimeout)
    I2C_WaitOnTXEFlagUntilTimeout            0x08003cdb   Thumb Code    78  stm32l1xx_hal_i2c.o(i.I2C_WaitOnTXEFlagUntilTimeout)
    i.Initialize_All_Current_Sensors         0x08003d28   Section        0  current_control_functions.o(i.Initialize_All_Current_Sensors)
    i.LowPower_Transition                    0x08003d30   Section        0  transitions.o(i.LowPower_Transition)
    i.MX_ADC_Init                            0x08003d8c   Section        0  main.o(i.MX_ADC_Init)
    MX_ADC_Init                              0x08003d8d   Thumb Code    70  main.o(i.MX_ADC_Init)
    i.MX_GPIO_Init                           0x08003ddc   Section        0  main.o(i.MX_GPIO_Init)
    MX_GPIO_Init                             0x08003ddd   Thumb Code   240  main.o(i.MX_GPIO_Init)
    i.MX_I2C1_Init                           0x08003ee0   Section        0  main.o(i.MX_I2C1_Init)
    MX_I2C1_Init                             0x08003ee1   Thumb Code    34  main.o(i.MX_I2C1_Init)
    i.MX_RTC_Init                            0x08003f10   Section        0  main.o(i.MX_RTC_Init)
    MX_RTC_Init                              0x08003f11   Thumb Code   110  main.o(i.MX_RTC_Init)
    i.MX_SPI2_Init                           0x08003f88   Section        0  main.o(i.MX_SPI2_Init)
    MX_SPI2_Init                             0x08003f89   Thumb Code    44  main.o(i.MX_SPI2_Init)
    i.MX_USART2_UART_Init                    0x08003fbc   Section        0  main.o(i.MX_USART2_UART_Init)
    MX_USART2_UART_Init                      0x08003fbd   Thumb Code    32  main.o(i.MX_USART2_UART_Init)
    i.MemManage_Handler                      0x08003fe4   Section        0  stm32l1xx_it.o(i.MemManage_Handler)
    i.NMI_Handler                            0x08003fe6   Section        0  stm32l1xx_it.o(i.NMI_Handler)
    i.NVIC_SetPriority                       0x08003fe8   Section        0  stm32l1xx_hal_cortex.o(i.NVIC_SetPriority)
    NVIC_SetPriority                         0x08003fe9   Thumb Code    32  stm32l1xx_hal_cortex.o(i.NVIC_SetPriority)
    i.Normal_Transition                      0x08004008   Section        0  transitions.o(i.Normal_Transition)
    i.Output_Power_Pins                      0x0800405c   Section        0  satellitecontrol.o(i.Output_Power_Pins)
    i.PendSV_Handler                         0x080041a8   Section        0  stm32l1xx_it.o(i.PendSV_Handler)
    i.Power_Modes_State_Machine_Init         0x080041ac   Section        0  satellitecontrol.o(i.Power_Modes_State_Machine_Init)
    i.RCC_SetFlashLatencyFromMSIRange        0x080041e0   Section        0  stm32l1xx_hal_rcc.o(i.RCC_SetFlashLatencyFromMSIRange)
    RCC_SetFlashLatencyFromMSIRange          0x080041e1   Thumb Code   116  stm32l1xx_hal_rcc.o(i.RCC_SetFlashLatencyFromMSIRange)
    i.RTC_Bcd2ToByte                         0x08004260   Section        0  stm32l1xx_hal_rtc.o(i.RTC_Bcd2ToByte)
    i.RTC_ByteToBcd2                         0x08004272   Section        0  stm32l1xx_hal_rtc.o(i.RTC_ByteToBcd2)
    i.RTC_EnterInitMode                      0x08004288   Section        0  stm32l1xx_hal_rtc.o(i.RTC_EnterInitMode)
    i.RTC_WKUP_IRQHandler                    0x080042c4   Section        0  stm32l1xx_it.o(i.RTC_WKUP_IRQHandler)
    i.SLEEP                                  0x080042d0   Section        0  main.o(i.SLEEP)
    i.SPI_FRAM_Init                          0x080042e8   Section        0  spi_fram.o(i.SPI_FRAM_Init)
    i.SVC_Handler                            0x0800430c   Section        0  stm32l1xx_it.o(i.SVC_Handler)
    i.Sat_Run                                0x08004310   Section        0  satellitecontrol.o(i.Sat_Run)
    i.ScienceOnly_Transition                 0x08004374   Section        0  transitions.o(i.ScienceOnly_Transition)
    i.SendToComp                             0x080043b8   Section        0  main.o(i.SendToComp)
    i.SysTick_Handler                        0x080043ba   Section        0  stm32l1xx_it.o(i.SysTick_Handler)
    i.SystemClock_Config                     0x080043c0   Section        0  main.o(i.SystemClock_Config)
    i.SystemInit                             0x08004438   Section        0  system_stm32l1xx.o(i.SystemInit)
    i.TIM10_IRQHandler                       0x08004488   Section        0  stm32l1xx_it.o(i.TIM10_IRQHandler)
    i.TIM_Base_SetConfig                     0x08004494   Section        0  stm32l1xx_hal_tim.o(i.TIM_Base_SetConfig)
    TIM_Base_SetConfig                       0x08004495   Thumb Code   100  stm32l1xx_hal_tim.o(i.TIM_Base_SetConfig)
    i.TIM_ETR_SetConfig                      0x08004510   Section        0  stm32l1xx_hal_tim.o(i.TIM_ETR_SetConfig)
    TIM_ETR_SetConfig                        0x08004511   Thumb Code    20  stm32l1xx_hal_tim.o(i.TIM_ETR_SetConfig)
    i.TIM_ITRx_SetConfig                     0x08004524   Section        0  stm32l1xx_hal_tim.o(i.TIM_ITRx_SetConfig)
    TIM_ITRx_SetConfig                       0x08004525   Thumb Code    16  stm32l1xx_hal_tim.o(i.TIM_ITRx_SetConfig)
    i.TIM_TI1_ConfigInputStage               0x08004534   Section        0  stm32l1xx_hal_tim.o(i.TIM_TI1_ConfigInputStage)
    TIM_TI1_ConfigInputStage                 0x08004535   Thumb Code    34  stm32l1xx_hal_tim.o(i.TIM_TI1_ConfigInputStage)
    i.TIM_TI2_ConfigInputStage               0x08004556   Section        0  stm32l1xx_hal_tim.o(i.TIM_TI2_ConfigInputStage)
    TIM_TI2_ConfigInputStage                 0x08004557   Thumb Code    36  stm32l1xx_hal_tim.o(i.TIM_TI2_ConfigInputStage)
    i.Transition                             0x0800457a   Section        0  satellitecontrol.o(i.Transition)
    i.UART_SetConfig                         0x080045bc   Section        0  stm32l1xx_hal_uart.o(i.UART_SetConfig)
    UART_SetConfig                           0x080045bd   Thumb Code   666  stm32l1xx_hal_uart.o(i.UART_SetConfig)
    i.UART_WaitOnFlagUntilTimeout            0x0800485c   Section        0  stm32l1xx_hal_uart.o(i.UART_WaitOnFlagUntilTimeout)
    UART_WaitOnFlagUntilTimeout              0x0800485d   Thumb Code   146  stm32l1xx_hal_uart.o(i.UART_WaitOnFlagUntilTimeout)
    i.UltraLowPower_Transition               0x080048f0   Section        0  transitions.o(i.UltraLowPower_Transition)
    i.UsageFault_Handler                     0x08004938   Section        0  stm32l1xx_it.o(i.UsageFault_Handler)
    i.__0vsprintf                            0x0800493c   Section        0  printfa.o(i.__0vsprintf)
    i.__scatterload_copy                     0x08004960   Section       14  handlers.o(i.__scatterload_copy)
    i.__scatterload_null                     0x0800496e   Section        2  handlers.o(i.__scatterload_null)
    i.__scatterload_zeroinit                 0x08004970   Section       14  handlers.o(i.__scatterload_zeroinit)
    i._fp_digits                             0x08004980   Section        0  printfa.o(i._fp_digits)
    _fp_digits                               0x08004981   Thumb Code   366  printfa.o(i._fp_digits)
    i._printf_core                           0x08004b04   Section        0  printfa.o(i._printf_core)
    _printf_core                             0x08004b05   Thumb Code  1744  printfa.o(i._printf_core)
    i._printf_post_padding                   0x080051e0   Section        0  printfa.o(i._printf_post_padding)
    _printf_post_padding                     0x080051e1   Thumb Code    36  printfa.o(i._printf_post_padding)
    i._printf_pre_padding                    0x08005204   Section        0  printfa.o(i._printf_pre_padding)
    _printf_pre_padding                      0x08005205   Thumb Code    46  printfa.o(i._printf_pre_padding)
    i._sputc                                 0x08005232   Section        0  printfa.o(i._sputc)
    _sputc                                   0x08005233   Thumb Code    10  printfa.o(i._sputc)
    i.main                                   0x0800523c   Section        0  main.o(i.main)
    i.my_printf                              0x080053b0   Section        0  main.o(i.my_printf)
    .constdata                               0x080053e4   Section       25  system_stm32l1xx.o(.constdata)
    .constdata                               0x080053fd   Section        8  system_stm32l1xx.o(.constdata)
    .conststring                             0x08005408   Section      186  agc.o(.conststring)
    .data                                    0x20000000   Section        8  transitions.o(.data)
    .data                                    0x20000008   Section       42  fuel_gauge_functions.o(.data)
    conf                                     0x20000020   Data          18  fuel_gauge_functions.o(.data)
    .data                                    0x20000034   Section       20  agc.o(.data)
    CurrentState                             0x20000034   Data           1  agc.o(.data)
    VgaValue                                 0x2000003c   Data           4  agc.o(.data)
    VaValue                                  0x20000040   Data           4  agc.o(.data)
    DetectorValue                            0x20000044   Data           4  agc.o(.data)
    .data                                    0x20000048   Section       20  satellitecontrol.o(.data)
    shortCheck                               0x20000048   Data           1  satellitecontrol.o(.data)
    i2c                                      0x2000004c   Data           4  satellitecontrol.o(.data)
    framSPI                                  0x20000050   Data           4  satellitecontrol.o(.data)
    uartDebug                                0x20000054   Data           4  satellitecontrol.o(.data)
    timer                                    0x20000058   Data           4  satellitecontrol.o(.data)
    .data                                    0x2000005c   Section        2  main.o(.data)
    .data                                    0x20000060   Section        4  system_stm32l1xx.o(.data)
    .data                                    0x20000064   Section        4  stm32l1xx_hal.o(.data)
    .bss                                     0x20000068   Section      440  main.o(.bss)
    STACK                                    0x20000220   Section     1024  startup_stm32l152xe.o(STACK)

    Global Symbols

    Symbol Name                              Value     Ov Type        Size  Object(Section)

    BuildAttributes$$THM_ISAv4$P$D$K$B$S$PE$A:L22UL41UL21$X:L11$S22US41US21$IEEE1$IW$USESV6$~STKCKD$USESV7$~SHL$OTIME$ROPI$EBA8$MICROLIB$REQ8$PRES8$EABIv2 0x00000000   Number         0  anon$$obj.o ABSOLUTE
    __ARM_use_no_argv                        0x00000000   Number         0  main.o ABSOLUTE
    _printf_a                                0x00000000   Number         0  stubs.o ABSOLUTE
    _printf_c                                0x00000000   Number         0  stubs.o ABSOLUTE
    _printf_charcount                        0x00000000   Number         0  stubs.o ABSOLUTE
    _printf_d                                0x00000000   Number         0  stubs.o ABSOLUTE
    _printf_e                                0x00000000   Number         0  stubs.o ABSOLUTE
    _printf_f                                0x00000000   Number         0  stubs.o ABSOLUTE
    _printf_flags                            0x00000000   Number         0  stubs.o ABSOLUTE
    _printf_fp_dec                           0x00000000   Number         0  stubs.o ABSOLUTE
    _printf_fp_hex                           0x00000000   Number         0  stubs.o ABSOLUTE
    _printf_g                                0x00000000   Number         0  stubs.o ABSOLUTE
    _printf_i                                0x00000000   Number         0  stubs.o ABSOLUTE
    _printf_int_dec                          0x00000000   Number         0  stubs.o ABSOLUTE
    _printf_l                                0x00000000   Number         0  stubs.o ABSOLUTE
    _printf_lc                               0x00000000   Number         0  stubs.o ABSOLUTE
    _printf_ll                               0x00000000   Number         0  stubs.o ABSOLUTE
    _printf_lld                              0x00000000   Number         0  stubs.o ABSOLUTE
    _printf_lli                              0x00000000   Number         0  stubs.o ABSOLUTE
    _printf_llo                              0x00000000   Number         0  stubs.o ABSOLUTE
    _printf_llu                              0x00000000   Number         0  stubs.o ABSOLUTE
    _printf_llx                              0x00000000   Number         0  stubs.o ABSOLUTE
    _printf_longlong_dec                     0x00000000   Number         0  stubs.o ABSOLUTE
    _printf_longlong_hex                     0x00000000   Number         0  stubs.o ABSOLUTE
    _printf_longlong_oct                     0x00000000   Number         0  stubs.o ABSOLUTE
    _printf_ls                               0x00000000   Number         0  stubs.o ABSOLUTE
    _printf_mbtowc                           0x00000000   Number         0  stubs.o ABSOLUTE
    _printf_n                                0x00000000   Number         0  stubs.o ABSOLUTE
    _printf_o                                0x00000000   Number         0  stubs.o ABSOLUTE
    _printf_p                                0x00000000   Number         0  stubs.o ABSOLUTE
    _printf_percent                          0x00000000   Number         0  stubs.o ABSOLUTE
    _printf_pre_padding                      0x00000000   Number         0  stubs.o ABSOLUTE
    _printf_return_value                     0x00000000   Number         0  stubs.o ABSOLUTE
    _printf_s                                0x00000000   Number         0  stubs.o ABSOLUTE
    _printf_sizespec                         0x00000000   Number         0  stubs.o ABSOLUTE
    _printf_str                              0x00000000   Number         0  stubs.o ABSOLUTE
    _printf_truncate_signed                  0x00000000   Number         0  stubs.o ABSOLUTE
    _printf_truncate_unsigned                0x00000000   Number         0  stubs.o ABSOLUTE
    _printf_u                                0x00000000   Number         0  stubs.o ABSOLUTE
    _printf_wc                               0x00000000   Number         0  stubs.o ABSOLUTE
    _printf_wctomb                           0x00000000   Number         0  stubs.o ABSOLUTE
    _printf_widthprec                        0x00000000   Number         0  stubs.o ABSOLUTE
    _printf_x                                0x00000000   Number         0  stubs.o ABSOLUTE
    __cpp_initialize__aeabi_                  - Undefined Weak Reference
    __cxa_finalize                            - Undefined Weak Reference
    __decompress                              - Undefined Weak Reference
    _clock_init                               - Undefined Weak Reference
    _microlib_exit                            - Undefined Weak Reference
    __Vectors_Size                           0x00000124   Number         0  startup_stm32l152xe.o ABSOLUTE
    __Vectors                                0x08000000   Data           4  startup_stm32l152xe.o(RESET)
    __Vectors_End                            0x08000124   Data           0  startup_stm32l152xe.o(RESET)
    __main                                   0x08000125   Thumb Code     0  entry.o(.ARM.Collect$$$$00000000)
    _main_stk                                0x08000125   Thumb Code     0  entry2.o(.ARM.Collect$$$$00000001)
    _main_scatterload                        0x08000129   Thumb Code     0  entry5.o(.ARM.Collect$$$$00000004)
    __main_after_scatterload                 0x0800012d   Thumb Code     0  entry5.o(.ARM.Collect$$$$00000004)
    _main_clock                              0x0800012d   Thumb Code     0  entry7b.o(.ARM.Collect$$$$00000008)
    _main_cpp_init                           0x0800012d   Thumb Code     0  entry8b.o(.ARM.Collect$$$$0000000A)
    _main_init                               0x0800012d   Thumb Code     0  entry9a.o(.ARM.Collect$$$$0000000B)
    __rt_final_cpp                           0x08000135   Thumb Code     0  entry10a.o(.ARM.Collect$$$$0000000D)
    __rt_final_exit                          0x08000135   Thumb Code     0  entry11a.o(.ARM.Collect$$$$0000000F)
    Reset_Handler                            0x08000139   Thumb Code     8  startup_stm32l152xe.o(.text)
    ADC1_IRQHandler                          0x08000153   Thumb Code     0  startup_stm32l152xe.o(.text)
    COMP_ACQ_IRQHandler                      0x08000153   Thumb Code     0  startup_stm32l152xe.o(.text)
    COMP_IRQHandler                          0x08000153   Thumb Code     0  startup_stm32l152xe.o(.text)
    DAC_IRQHandler                           0x08000153   Thumb Code     0  startup_stm32l152xe.o(.text)
    DMA1_Channel1_IRQHandler                 0x08000153   Thumb Code     0  startup_stm32l152xe.o(.text)
    DMA1_Channel2_IRQHandler                 0x08000153   Thumb Code     0  startup_stm32l152xe.o(.text)
    DMA1_Channel3_IRQHandler                 0x08000153   Thumb Code     0  startup_stm32l152xe.o(.text)
    DMA1_Channel4_IRQHandler                 0x08000153   Thumb Code     0  startup_stm32l152xe.o(.text)
    DMA1_Channel5_IRQHandler                 0x08000153   Thumb Code     0  startup_stm32l152xe.o(.text)
    DMA1_Channel6_IRQHandler                 0x08000153   Thumb Code     0  startup_stm32l152xe.o(.text)
    DMA1_Channel7_IRQHandler                 0x08000153   Thumb Code     0  startup_stm32l152xe.o(.text)
    DMA2_Channel1_IRQHandler                 0x08000153   Thumb Code     0  startup_stm32l152xe.o(.text)
    DMA2_Channel2_IRQHandler                 0x08000153   Thumb Code     0  startup_stm32l152xe.o(.text)
    DMA2_Channel3_IRQHandler                 0x08000153   Thumb Code     0  startup_stm32l152xe.o(.text)
    DMA2_Channel4_IRQHandler                 0x08000153   Thumb Code     0  startup_stm32l152xe.o(.text)
    DMA2_Channel5_IRQHandler                 0x08000153   Thumb Code     0  startup_stm32l152xe.o(.text)
    EXTI0_IRQHandler                         0x08000153   Thumb Code     0  startup_stm32l152xe.o(.text)
    EXTI1_IRQHandler                         0x08000153   Thumb Code     0  startup_stm32l152xe.o(.text)
    EXTI2_IRQHandler                         0x08000153   Thumb Code     0  startup_stm32l152xe.o(.text)
    EXTI3_IRQHandler                         0x08000153   Thumb Code     0  startup_stm32l152xe.o(.text)
    EXTI4_IRQHandler                         0x08000153   Thumb Code     0  startup_stm32l152xe.o(.text)
    EXTI9_5_IRQHandler                       0x08000153   Thumb Code     0  startup_stm32l152xe.o(.text)
    FLASH_IRQHandler                         0x08000153   Thumb Code     0  startup_stm32l152xe.o(.text)
    I2C1_ER_IRQHandler                       0x08000153   Thumb Code     0  startup_stm32l152xe.o(.text)
    I2C1_EV_IRQHandler                       0x08000153   Thumb Code     0  startup_stm32l152xe.o(.text)
    I2C2_ER_IRQHandler                       0x08000153   Thumb Code     0  startup_stm32l152xe.o(.text)
    I2C2_EV_IRQHandler                       0x08000153   Thumb Code     0  startup_stm32l152xe.o(.text)
    LCD_IRQHandler                           0x08000153   Thumb Code     0  startup_stm32l152xe.o(.text)
    PVD_IRQHandler                           0x08000153   Thumb Code     0  startup_stm32l152xe.o(.text)
    RCC_IRQHandler                           0x08000153   Thumb Code     0  startup_stm32l152xe.o(.text)
    RTC_Alarm_IRQHandler                     0x08000153   Thumb Code     0  startup_stm32l152xe.o(.text)
    SPI1_IRQHandler                          0x08000153   Thumb Code     0  startup_stm32l152xe.o(.text)
    SPI2_IRQHandler                          0x08000153   Thumb Code     0  startup_stm32l152xe.o(.text)
    SPI3_IRQHandler                          0x08000153   Thumb Code     0  startup_stm32l152xe.o(.text)
    TAMPER_STAMP_IRQHandler                  0x08000153   Thumb Code     0  startup_stm32l152xe.o(.text)
    TIM11_IRQHandler                         0x08000153   Thumb Code     0  startup_stm32l152xe.o(.text)
    TIM2_IRQHandler                          0x08000153   Thumb Code     0  startup_stm32l152xe.o(.text)
    TIM3_IRQHandler                          0x08000153   Thumb Code     0  startup_stm32l152xe.o(.text)
    TIM4_IRQHandler                          0x08000153   Thumb Code     0  startup_stm32l152xe.o(.text)
    TIM5_IRQHandler                          0x08000153   Thumb Code     0  startup_stm32l152xe.o(.text)
    TIM6_IRQHandler                          0x08000153   Thumb Code     0  startup_stm32l152xe.o(.text)
    TIM7_IRQHandler                          0x08000153   Thumb Code     0  startup_stm32l152xe.o(.text)
    TIM9_IRQHandler                          0x08000153   Thumb Code     0  startup_stm32l152xe.o(.text)
    UART4_IRQHandler                         0x08000153   Thumb Code     0  startup_stm32l152xe.o(.text)
    UART5_IRQHandler                         0x08000153   Thumb Code     0  startup_stm32l152xe.o(.text)
    USART1_IRQHandler                        0x08000153   Thumb Code     0  startup_stm32l152xe.o(.text)
    USART2_IRQHandler                        0x08000153   Thumb Code     0  startup_stm32l152xe.o(.text)
    USART3_IRQHandler                        0x08000153   Thumb Code     0  startup_stm32l152xe.o(.text)
    USB_FS_WKUP_IRQHandler                   0x08000153   Thumb Code     0  startup_stm32l152xe.o(.text)
    USB_HP_IRQHandler                        0x08000153   Thumb Code     0  startup_stm32l152xe.o(.text)
    USB_LP_IRQHandler                        0x08000153   Thumb Code     0  startup_stm32l152xe.o(.text)
    WWDG_IRQHandler                          0x08000153   Thumb Code     0  startup_stm32l152xe.o(.text)
    __aeabi_uldivmod                         0x0800015d   Thumb Code    98  uldiv.o(.text)
    __aeabi_memset                           0x080001bf   Thumb Code    14  memseta.o(.text)
    __aeabi_memset4                          0x080001bf   Thumb Code     0  memseta.o(.text)
    __aeabi_memset8                          0x080001bf   Thumb Code     0  memseta.o(.text)
    __aeabi_memclr                           0x080001cd   Thumb Code     4  memseta.o(.text)
    __aeabi_memclr4                          0x080001cd   Thumb Code     0  memseta.o(.text)
    __aeabi_memclr8                          0x080001cd   Thumb Code     0  memseta.o(.text)
    _memset$wrapper                          0x080001d1   Thumb Code    18  memseta.o(.text)
    strlen                                   0x080001e3   Thumb Code    14  strlen.o(.text)
    __aeabi_fadd                             0x080001f1   Thumb Code   164  fadd.o(.text)
    __aeabi_fsub                             0x08000295   Thumb Code     6  fadd.o(.text)
    __aeabi_frsub                            0x0800029b   Thumb Code     6  fadd.o(.text)
    __ARM_scalbnf                            0x080002a1   Thumb Code    24  fscalb.o(.text)
    scalbnf                                  0x080002a1   Thumb Code     0  fscalb.o(.text)
    __aeabi_dadd                             0x080002b9   Thumb Code   322  dadd.o(.text)
    __aeabi_dsub                             0x080003fb   Thumb Code     6  dadd.o(.text)
    __aeabi_drsub                            0x08000401   Thumb Code     6  dadd.o(.text)
    __aeabi_dmul                             0x08000407   Thumb Code   228  dmul.o(.text)
    __aeabi_ddiv                             0x080004eb   Thumb Code   222  ddiv.o(.text)
    __ARM_scalbn                             0x080005c9   Thumb Code    46  dscalb.o(.text)
    scalbn                                   0x080005c9   Thumb Code     0  dscalb.o(.text)
    __aeabi_ui2d                             0x080005f7   Thumb Code    26  dfltui.o(.text)
    __aeabi_d2uiz                            0x08000611   Thumb Code    50  dfixui.o(.text)
    __aeabi_d2ulz                            0x08000643   Thumb Code    48  dfixul.o(.text)
    __aeabi_f2d                              0x08000673   Thumb Code    38  f2d.o(.text)
    __aeabi_cdrcmple                         0x08000699   Thumb Code    48  cdrcmple.o(.text)
    __aeabi_d2f                              0x080006c9   Thumb Code    56  d2f.o(.text)
    __aeabi_uidiv                            0x08000701   Thumb Code     0  uidiv.o(.text)
    __aeabi_uidivmod                         0x08000701   Thumb Code    44  uidiv.o(.text)
    __aeabi_llsl                             0x0800072d   Thumb Code    30  llshl.o(.text)
    _ll_shift_l                              0x0800072d   Thumb Code     0  llshl.o(.text)
    __aeabi_llsr                             0x0800074b   Thumb Code    32  llushr.o(.text)
    _ll_ushift_r                             0x0800074b   Thumb Code     0  llushr.o(.text)
    __aeabi_lasr                             0x0800076b   Thumb Code    36  llsshr.o(.text)
    _ll_sshift_r                             0x0800076b   Thumb Code     0  llsshr.o(.text)
    __I$use$fp                               0x0800078f   Thumb Code     0  iusefp.o(.text)
    _float_round                             0x0800078f   Thumb Code    18  fepilogue.o(.text)
    _float_epilogue                          0x080007a1   Thumb Code    92  fepilogue.o(.text)
    _double_round                            0x080007fd   Thumb Code    30  depilogue.o(.text)
    _double_epilogue                         0x0800081b   Thumb Code   156  depilogue.o(.text)
    __scatterload                            0x080008b9   Thumb Code    28  init.o(.text)
    __scatterload_rt2                        0x080008b9   Thumb Code     0  init.o(.text)
    ADC_ConversionStop_Disable               0x080008dd   Thumb Code    76  stm32l1xx_hal_adc.o(i.ADC_ConversionStop_Disable)
    ADC_Enable                               0x08000929   Thumb Code   108  stm32l1xx_hal_adc.o(i.ADC_Enable)
    AGC_DoEvent                              0x080009f9   Thumb Code  1324  agc.o(i.AGC_DoEvent)
    AGC_Init                                 0x08000f39   Thumb Code    28  agc.o(i.AGC_Init)
    BusFault_Handler                         0x08001045   Thumb Code     2  stm32l1xx_it.o(i.BusFault_Handler)
    CurrentControlRead                       0x08001047   Thumb Code    74  current_control_functions.o(i.CurrentControlRead)
    CurrentSensorInit                        0x08001091   Thumb Code   122  current_control_functions.o(i.CurrentSensorInit)
    CurrentSensorWrite                       0x0800110b   Thumb Code    38  current_control_functions.o(i.CurrentSensorWrite)
    DebugMon_Handler                         0x08001131   Thumb Code     2  stm32l1xx_it.o(i.DebugMon_Handler)
    Detumble_Transition                      0x08001135   Thumb Code    72  transitions.o(i.Detumble_Transition)
    EXTI15_10_IRQHandler                     0x08001189   Thumb Code     8  stm32l1xx_it.o(i.EXTI15_10_IRQHandler)
    Eclipse_Transition                       0x08001191   Thumb Code    72  transitions.o(i.Eclipse_Transition)
    Error_Handler                            0x080011e5   Thumb Code     2  main.o(i.Error_Handler)
    Fuel_Gauge_Init                          0x080011e9   Thumb Code   264  fuel_gauge_functions.o(i.Fuel_Gauge_Init)
    Fuel_Gauge_Read                          0x080012f5   Thumb Code    72  fuel_gauge_functions.o(i.Fuel_Gauge_Read)
    Fuel_Gauge_Write                         0x0800133d   Thumb Code    36  fuel_gauge_functions.o(i.Fuel_Gauge_Write)
    HAL_ADC_ConfigChannel                    0x08001361   Thumb Code   334  stm32l1xx_hal_adc.o(i.HAL_ADC_ConfigChannel)
    HAL_ADC_DeInit                           0x080014bd   Thumb Code   250  stm32l1xx_hal_adc.o(i.HAL_ADC_DeInit)
    HAL_ADC_GetValue                         0x080015c5   Thumb Code     6  stm32l1xx_hal_adc.o(i.HAL_ADC_GetValue)
    HAL_ADC_Init                             0x080015cd   Thumb Code   390  stm32l1xx_hal_adc.o(i.HAL_ADC_Init)
    HAL_ADC_MspDeInit                        0x08001769   Thumb Code    28  stm32l1xx_hal_msp.o(i.HAL_ADC_MspDeInit)
    HAL_ADC_MspInit                          0x08001791   Thumb Code    84  stm32l1xx_hal_msp.o(i.HAL_ADC_MspInit)
    HAL_ADC_Start                            0x080017f1   Thumb Code   118  stm32l1xx_hal_adc.o(i.HAL_ADC_Start)
    HAL_DAC_ConfigChannel                    0x08001867   Thumb Code    66  stm32l1xx_hal_dac.o(i.HAL_DAC_ConfigChannel)
    HAL_DAC_Init                             0x080018a9   Thumb Code    40  stm32l1xx_hal_dac.o(i.HAL_DAC_Init)
    HAL_DAC_MspInit                          0x080018d1   Thumb Code    84  stm32l1xx_hal_msp.o(i.HAL_DAC_MspInit)
    HAL_DAC_SetValue                         0x08001931   Thumb Code    26  stm32l1xx_hal_dac.o(i.HAL_DAC_SetValue)
    HAL_Delay                                0x0800194d   Thumb Code   140  main.o(i.HAL_Delay)
    HAL_GPIO_DeInit                          0x080019e5   Thumb Code   290  stm32l1xx_hal_gpio.o(i.HAL_GPIO_DeInit)
    HAL_GPIO_EXTI_Callback                   0x08001b2d   Thumb Code    12  main.o(i.HAL_GPIO_EXTI_Callback)
    HAL_GPIO_EXTI_IRQHandler                 0x08001b3d   Thumb Code    18  stm32l1xx_hal_gpio.o(i.HAL_GPIO_EXTI_IRQHandler)
    HAL_GPIO_Init                            0x08001b55   Thumb Code   392  stm32l1xx_hal_gpio.o(i.HAL_GPIO_Init)
    HAL_GPIO_WritePin                        0x08001d05   Thumb Code    10  stm32l1xx_hal_gpio.o(i.HAL_GPIO_WritePin)
    HAL_GetTick                              0x08001d11   Thumb Code     6  stm32l1xx_hal.o(i.HAL_GetTick)
    HAL_I2C_DeInit                           0x08001d1d   Thumb Code    50  stm32l1xx_hal_i2c.o(i.HAL_I2C_DeInit)
    HAL_I2C_Init                             0x08001d51   Thumb Code   312  stm32l1xx_hal_i2c.o(i.HAL_I2C_Init)
    HAL_I2C_Master_Receive                   0x08001e95   Thumb Code   476  stm32l1xx_hal_i2c.o(i.HAL_I2C_Master_Receive)
    HAL_I2C_Master_Transmit                  0x08002079   Thumb Code   304  stm32l1xx_hal_i2c.o(i.HAL_I2C_Master_Transmit)
    HAL_I2C_MspDeInit                        0x080021ad   Thumb Code    30  stm32l1xx_hal_msp.o(i.HAL_I2C_MspDeInit)
    HAL_I2C_MspInit                          0x080021d9   Thumb Code    94  stm32l1xx_hal_msp.o(i.HAL_I2C_MspInit)
    HAL_IWDG_Init                            0x08002245   Thumb Code    82  stm32l1xx_hal_iwdg.o(i.HAL_IWDG_Init)
    HAL_IncTick                              0x08002299   Thumb Code    10  stm32l1xx_hal.o(i.HAL_IncTick)
    HAL_Init                                 0x080022a9   Thumb Code    22  stm32l1xx_hal.o(i.HAL_Init)
    HAL_InitTick                             0x080022c1   Thumb Code    34  stm32l1xx_hal.o(i.HAL_InitTick)
    HAL_MspInit                              0x080022e9   Thumb Code    56  stm32l1xx_hal_msp.o(i.HAL_MspInit)
    HAL_NVIC_EnableIRQ                       0x08002325   Thumb Code    22  stm32l1xx_hal_cortex.o(i.HAL_NVIC_EnableIRQ)
    HAL_NVIC_SetPriority                     0x0800233d   Thumb Code    60  stm32l1xx_hal_cortex.o(i.HAL_NVIC_SetPriority)
    HAL_NVIC_SetPriorityGrouping             0x0800237d   Thumb Code    26  stm32l1xx_hal_cortex.o(i.HAL_NVIC_SetPriorityGrouping)
    HAL_PWREx_EnableFastWakeUp               0x080023a1   Thumb Code    20  stm32l1xx_hal_pwr_ex.o(i.HAL_PWREx_EnableFastWakeUp)
    HAL_PWREx_EnableUltraLowPower            0x080023b9   Thumb Code    20  stm32l1xx_hal_pwr_ex.o(i.HAL_PWREx_EnableUltraLowPower)
    HAL_PWR_EnterSLEEPMode                   0x080023d1   Thumb Code    38  stm32l1xx_hal_pwr.o(i.HAL_PWR_EnterSLEEPMode)
    HAL_PWR_EnterSTOPMode                    0x08002401   Thumb Code    46  stm32l1xx_hal_pwr.o(i.HAL_PWR_EnterSTOPMode)
    HAL_RCCEx_PeriphCLKConfig                0x08002439   Thumb Code   378  stm32l1xx_hal_rcc_ex.o(i.HAL_RCCEx_PeriphCLKConfig)
    HAL_RCC_ClockConfig                      0x080025c1   Thumb Code   450  stm32l1xx_hal_rcc.o(i.HAL_RCC_ClockConfig)
    HAL_RCC_GetPCLK1Freq                     0x08002795   Thumb Code    34  stm32l1xx_hal_rcc.o(i.HAL_RCC_GetPCLK1Freq)
    HAL_RCC_GetPCLK2Freq                     0x080027c5   Thumb Code    34  stm32l1xx_hal_rcc.o(i.HAL_RCC_GetPCLK2Freq)
    HAL_RCC_GetSysClockFreq                  0x080027f5   Thumb Code   122  stm32l1xx_hal_rcc.o(i.HAL_RCC_GetSysClockFreq)
    HAL_RCC_OscConfig                        0x08002881   Thumb Code  1860  stm32l1xx_hal_rcc.o(i.HAL_RCC_OscConfig)
    HAL_RTCEx_DeactivateWakeUpTimer          0x08002fd1   Thumb Code   122  stm32l1xx_hal_rtc_ex.o(i.HAL_RTCEx_DeactivateWakeUpTimer)
    HAL_RTCEx_SetWakeUpTimer_IT              0x0800304d   Thumb Code   242  stm32l1xx_hal_rtc_ex.o(i.HAL_RTCEx_SetWakeUpTimer_IT)
    HAL_RTCEx_WakeUpTimerEventCallback       0x08003145   Thumb Code     2  stm32l1xx_hal_rtc_ex.o(i.HAL_RTCEx_WakeUpTimerEventCallback)
    HAL_RTCEx_WakeUpTimerIRQHandler          0x08003149   Thumb Code    46  stm32l1xx_hal_rtc_ex.o(i.HAL_RTCEx_WakeUpTimerIRQHandler)
    HAL_RTC_Init                             0x0800317d   Thumb Code   150  stm32l1xx_hal_rtc.o(i.HAL_RTC_Init)
    HAL_RTC_MspInit                          0x08003219   Thumb Code    54  stm32l1xx_hal_msp.o(i.HAL_RTC_MspInit)
    HAL_RTC_SetDate                          0x08003259   Thumb Code   196  stm32l1xx_hal_rtc.o(i.HAL_RTC_SetDate)
    HAL_RTC_SetTime                          0x08003321   Thumb Code   228  stm32l1xx_hal_rtc.o(i.HAL_RTC_SetTime)
    HAL_RTC_WaitForSynchro                   0x08003409   Thumb Code    58  stm32l1xx_hal_rtc_ex.o(i.HAL_RTC_WaitForSynchro)
    HAL_ResumeTick                           0x08003443   Thumb Code    14  stm32l1xx_hal.o(i.HAL_ResumeTick)
    HAL_SPI_DeInit                           0x08003451   Thumb Code    40  stm32l1xx_hal_spi.o(i.HAL_SPI_DeInit)
    HAL_SPI_Init                             0x08003479   Thumb Code     4  stm32l1xx_hal_spi.o(i.HAL_SPI_Init)
    HAL_SPI_MspDeInit                        0x0800347d   Thumb Code    30  stm32l1xx_hal_msp.o(i.HAL_SPI_MspDeInit)
    HAL_SYSTICK_Config                       0x080034a9   Thumb Code    40  stm32l1xx_hal_cortex.o(i.HAL_SYSTICK_Config)
    HAL_SuspendTick                          0x080034d1   Thumb Code    14  stm32l1xx_hal.o(i.HAL_SuspendTick)
    HAL_TIM_Base_Init                        0x080034df   Thumb Code    54  stm32l1xx_hal_tim.o(i.HAL_TIM_Base_Init)
    HAL_TIM_Base_MspInit                     0x08003515   Thumb Code    50  stm32l1xx_hal_msp.o(i.HAL_TIM_Base_MspInit)
    HAL_TIM_Base_Start                       0x08003551   Thumb Code    26  stm32l1xx_hal_tim.o(i.HAL_TIM_Base_Start)
    HAL_TIM_Base_Start_IT                    0x0800356b   Thumb Code    24  stm32l1xx_hal_tim.o(i.HAL_TIM_Base_Start_IT)
    HAL_TIM_ConfigClockSource                0x08003583   Thumb Code   242  stm32l1xx_hal_tim.o(i.HAL_TIM_ConfigClockSource)
    HAL_TIM_IC_CaptureCallback               0x08003675   Thumb Code     2  stm32l1xx_hal_tim.o(i.HAL_TIM_IC_CaptureCallback)
    HAL_TIM_IRQHandler                       0x08003677   Thumb Code   294  stm32l1xx_hal_tim.o(i.HAL_TIM_IRQHandler)
    HAL_TIM_OC_DelayElapsedCallback          0x0800379d   Thumb Code     2  stm32l1xx_hal_tim.o(i.HAL_TIM_OC_DelayElapsedCallback)
    HAL_TIM_PWM_PulseFinishedCallback        0x0800379f   Thumb Code     2  stm32l1xx_hal_tim.o(i.HAL_TIM_PWM_PulseFinishedCallback)
    HAL_TIM_PeriodElapsedCallback            0x080037a1   Thumb Code     2  stm32l1xx_hal_tim.o(i.HAL_TIM_PeriodElapsedCallback)
    HAL_TIM_TriggerCallback                  0x080037a3   Thumb Code     2  stm32l1xx_hal_tim.o(i.HAL_TIM_TriggerCallback)
    HAL_UART_DeInit                          0x080037a5   Thumb Code    60  stm32l1xx_hal_uart.o(i.HAL_UART_DeInit)
    HAL_UART_Init                            0x080037e1   Thumb Code    94  stm32l1xx_hal_uart.o(i.HAL_UART_Init)
    HAL_UART_MspDeInit                       0x08003841   Thumb Code    28  stm32l1xx_hal_msp.o(i.HAL_UART_MspDeInit)
    HAL_UART_MspInit                         0x08003869   Thumb Code    92  stm32l1xx_hal_msp.o(i.HAL_UART_MspInit)
    HAL_UART_Transmit                        0x080038d1   Thumb Code   204  stm32l1xx_hal_uart.o(i.HAL_UART_Transmit)
    HardFault_Handler                        0x0800399d   Thumb Code     2  stm32l1xx_it.o(i.HardFault_Handler)
    Initialize_All_Current_Sensors           0x08003d29   Thumb Code     6  current_control_functions.o(i.Initialize_All_Current_Sensors)
    LowPower_Transition                      0x08003d31   Thumb Code    76  transitions.o(i.LowPower_Transition)
    MemManage_Handler                        0x08003fe5   Thumb Code     2  stm32l1xx_it.o(i.MemManage_Handler)
    NMI_Handler                              0x08003fe7   Thumb Code     2  stm32l1xx_it.o(i.NMI_Handler)
    Normal_Transition                        0x08004009   Thumb Code    70  transitions.o(i.Normal_Transition)
    Output_Power_Pins                        0x0800405d   Thumb Code   320  satellitecontrol.o(i.Output_Power_Pins)
    PendSV_Handler                           0x080041a9   Thumb Code     2  stm32l1xx_it.o(i.PendSV_Handler)
    Power_Modes_State_Machine_Init           0x080041ad   Thumb Code    48  satellitecontrol.o(i.Power_Modes_State_Machine_Init)
    RTC_Bcd2ToByte                           0x08004261   Thumb Code    18  stm32l1xx_hal_rtc.o(i.RTC_Bcd2ToByte)
    RTC_ByteToBcd2                           0x08004273   Thumb Code    22  stm32l1xx_hal_rtc.o(i.RTC_ByteToBcd2)
    RTC_EnterInitMode                        0x08004289   Thumb Code    58  stm32l1xx_hal_rtc.o(i.RTC_EnterInitMode)
    RTC_WKUP_IRQHandler                      0x080042c5   Thumb Code     6  stm32l1xx_it.o(i.RTC_WKUP_IRQHandler)
    SLEEP                                    0x080042d1   Thumb Code    22  main.o(i.SLEEP)
    SPI_FRAM_Init                            0x080042e9   Thumb Code    26  spi_fram.o(i.SPI_FRAM_Init)
    SVC_Handler                              0x0800430d   Thumb Code     2  stm32l1xx_it.o(i.SVC_Handler)
    Sat_Run                                  0x08004311   Thumb Code    96  satellitecontrol.o(i.Sat_Run)
    ScienceOnly_Transition                   0x08004375   Thumb Code    56  transitions.o(i.ScienceOnly_Transition)
    SendToComp                               0x080043b9   Thumb Code     2  main.o(i.SendToComp)
    SysTick_Handler                          0x080043bb   Thumb Code     4  stm32l1xx_it.o(i.SysTick_Handler)
    SystemClock_Config                       0x080043c1   Thumb Code   116  main.o(i.SystemClock_Config)
    SystemInit                               0x08004439   Thumb Code    62  system_stm32l1xx.o(i.SystemInit)
    TIM10_IRQHandler                         0x08004489   Thumb Code     6  stm32l1xx_it.o(i.TIM10_IRQHandler)
    Transition                               0x0800457b   Thumb Code    66  satellitecontrol.o(i.Transition)
    UltraLowPower_Transition                 0x080048f1   Thumb Code    58  transitions.o(i.UltraLowPower_Transition)
    UsageFault_Handler                       0x08004939   Thumb Code     2  stm32l1xx_it.o(i.UsageFault_Handler)
    __0vsprintf                              0x0800493d   Thumb Code    30  printfa.o(i.__0vsprintf)
    __1vsprintf                              0x0800493d   Thumb Code     0  printfa.o(i.__0vsprintf)
    __2vsprintf                              0x0800493d   Thumb Code     0  printfa.o(i.__0vsprintf)
    __c89vsprintf                            0x0800493d   Thumb Code     0  printfa.o(i.__0vsprintf)
    vsprintf                                 0x0800493d   Thumb Code     0  printfa.o(i.__0vsprintf)
    __scatterload_copy                       0x08004961   Thumb Code    14  handlers.o(i.__scatterload_copy)
    __scatterload_null                       0x0800496f   Thumb Code     2  handlers.o(i.__scatterload_null)
    __scatterload_zeroinit                   0x08004971   Thumb Code    14  handlers.o(i.__scatterload_zeroinit)
    main                                     0x0800523d   Thumb Code   348  main.o(i.main)
    my_printf                                0x080053b1   Thumb Code    46  main.o(i.my_printf)
    PLLMulTable                              0x080053e4   Data           9  system_stm32l1xx.o(.constdata)
    AHBPrescTable                            0x080053ed   Data          16  system_stm32l1xx.o(.constdata)
    APBPrescTable                            0x080053fd   Data           8  system_stm32l1xx.o(.constdata)
    Region$$Table$$Base                      0x080054c4   Number         0  anon$$obj.o(Region$$Table)
    Region$$Table$$Limit                     0x080054e4   Number         0  anon$$obj.o(Region$$Table)
    stable                                   0x20000000   Data           1  transitions.o(.data)
    die                                      0x20000001   Data           1  transitions.o(.data)
    scienceEvent                             0x20000002   Data           1  transitions.o(.data)
    solarVector                              0x20000003   Data           1  transitions.o(.data)
    batteryLevel                             0x20000004   Data           4  transitions.o(.data)
    capacity_multiplier_mAH                  0x20000008   Data           4  fuel_gauge_functions.o(.data)
    current_multiplier_mV                    0x2000000c   Data           4  fuel_gauge_functions.o(.data)
    voltage_multiplier_V                     0x20000010   Data           4  fuel_gauge_functions.o(.data)
    time_multiplier_Min                      0x20000014   Data           4  fuel_gauge_functions.o(.data)
    percentage_multiplier                    0x20000018   Data           4  fuel_gauge_functions.o(.data)
    temperature_multiplier                   0x2000001c   Data           4  fuel_gauge_functions.o(.data)
    InputV                                   0x20000038   Data           4  agc.o(.data)
    trigger                                  0x2000005c   Data           1  main.o(.data)
    AGG_Status                               0x2000005d   Data           1  main.o(.data)
    SystemCoreClock                          0x20000060   Data           4  system_stm32l1xx.o(.data)
    uwTick                                   0x20000064   Data           4  stm32l1xx_hal.o(.data)
    hadc                                     0x20000068   Data          84  main.o(.bss)
    hdac                                     0x200000bc   Data          20  main.o(.bss)
    hi2c1                                    0x200000d0   Data          84  main.o(.bss)
    hiwdg                                    0x20000124   Data          12  main.o(.bss)
    hrtc                                     0x20000130   Data          32  main.o(.bss)
    hspi2                                    0x20000150   Data          88  main.o(.bss)
    htim10                                   0x200001a8   Data          56  main.o(.bss)
    huart2                                   0x200001e0   Data          64  main.o(.bss)
    __initial_sp                             0x20000620   Data           0  startup_stm32l152xe.o(STACK)



==============================================================================

Memory Map of the image

  Image Entry point : 0x08000125

  Load Region LR_IROM1 (Base: 0x08000000, Size: 0x0000554c, Max: 0x00080000, ABSOLUTE)

    Execution Region ER_IROM1 (Exec base: 0x08000000, Load base: 0x08000000, Size: 0x000054e4, Max: 0x00080000, ABSOLUTE)

    Exec Addr    Load Addr    Size         Type   Attr      Idx    E Section Name        Object

    0x08000000   0x08000000   0x00000124   Data   RO            3    RESET               startup_stm32l152xe.o
    0x08000124   0x08000124   0x00000000   Code   RO         4459  * .ARM.Collect$$$$00000000  mc_w.l(entry.o)
    0x08000124   0x08000124   0x00000004   Code   RO         4761    .ARM.Collect$$$$00000001  mc_w.l(entry2.o)
    0x08000128   0x08000128   0x00000004   Code   RO         4764    .ARM.Collect$$$$00000004  mc_w.l(entry5.o)
    0x0800012c   0x0800012c   0x00000000   Code   RO         4766    .ARM.Collect$$$$00000008  mc_w.l(entry7b.o)
    0x0800012c   0x0800012c   0x00000000   Code   RO         4768    .ARM.Collect$$$$0000000A  mc_w.l(entry8b.o)
    0x0800012c   0x0800012c   0x00000008   Code   RO         4769    .ARM.Collect$$$$0000000B  mc_w.l(entry9a.o)
    0x08000134   0x08000134   0x00000000   Code   RO         4771    .ARM.Collect$$$$0000000D  mc_w.l(entry10a.o)
    0x08000134   0x08000134   0x00000000   Code   RO         4773    .ARM.Collect$$$$0000000F  mc_w.l(entry11a.o)
    0x08000134   0x08000134   0x00000004   Code   RO         4762    .ARM.Collect$$$$00002712  mc_w.l(entry2.o)
    0x08000138   0x08000138   0x00000024   Code   RO            4    .text               startup_stm32l152xe.o
    0x0800015c   0x0800015c   0x00000062   Code   RO         4462    .text               mc_w.l(uldiv.o)
    0x080001be   0x080001be   0x00000024   Code   RO         4464    .text               mc_w.l(memseta.o)
    0x080001e2   0x080001e2   0x0000000e   Code   RO         4466    .text               mc_w.l(strlen.o)
    0x080001f0   0x080001f0   0x000000b0   Code   RO         4729    .text               mf_w.l(fadd.o)
    0x080002a0   0x080002a0   0x00000018   Code   RO         4733    .text               mf_w.l(fscalb.o)
    0x080002b8   0x080002b8   0x0000014e   Code   RO         4735    .text               mf_w.l(dadd.o)
    0x08000406   0x08000406   0x000000e4   Code   RO         4737    .text               mf_w.l(dmul.o)
    0x080004ea   0x080004ea   0x000000de   Code   RO         4739    .text               mf_w.l(ddiv.o)
    0x080005c8   0x080005c8   0x0000002e   Code   RO         4741    .text               mf_w.l(dscalb.o)
    0x080005f6   0x080005f6   0x0000001a   Code   RO         4749    .text               mf_w.l(dfltui.o)
    0x08000610   0x08000610   0x00000032   Code   RO         4751    .text               mf_w.l(dfixui.o)
    0x08000642   0x08000642   0x00000030   Code   RO         4753    .text               mf_w.l(dfixul.o)
    0x08000672   0x08000672   0x00000026   Code   RO         4755    .text               mf_w.l(f2d.o)
    0x08000698   0x08000698   0x00000030   Code   RO         4757    .text               mf_w.l(cdrcmple.o)
    0x080006c8   0x080006c8   0x00000038   Code   RO         4759    .text               mf_w.l(d2f.o)
    0x08000700   0x08000700   0x0000002c   Code   RO         4778    .text               mc_w.l(uidiv.o)
    0x0800072c   0x0800072c   0x0000001e   Code   RO         4780    .text               mc_w.l(llshl.o)
    0x0800074a   0x0800074a   0x00000020   Code   RO         4782    .text               mc_w.l(llushr.o)
    0x0800076a   0x0800076a   0x00000024   Code   RO         4784    .text               mc_w.l(llsshr.o)
    0x0800078e   0x0800078e   0x00000000   Code   RO         4786    .text               mc_w.l(iusefp.o)
    0x0800078e   0x0800078e   0x0000006e   Code   RO         4787    .text               mf_w.l(fepilogue.o)
    0x080007fc   0x080007fc   0x000000ba   Code   RO         4789    .text               mf_w.l(depilogue.o)
    0x080008b6   0x080008b6   0x00000002   PAD
    0x080008b8   0x080008b8   0x00000024   Code   RO         4791    .text               mc_w.l(init.o)
    0x080008dc   0x080008dc   0x0000004c   Code   RO          990    i.ADC_ConversionStop_Disable  stm32l1xx_hal_adc.o
    0x08000928   0x08000928   0x00000074   Code   RO          994    i.ADC_Enable        stm32l1xx_hal_adc.o
    0x0800099c   0x0800099c   0x0000005c   Code   RO          535    i.AGC_DetectorToRSSI  agc.o
    0x080009f8   0x080009f8   0x00000540   Code   RO          536    i.AGC_DoEvent       agc.o
    0x08000f38   0x08000f38   0x00000028   Code   RO          537    i.AGC_Init          agc.o
    0x08000f60   0x08000f60   0x00000024   Code   RO          538    i.AGC_MeasureRSSI   agc.o
    0x08000f84   0x08000f84   0x00000028   Code   RO          539    i.AGC_SetOutputs    agc.o
    0x08000fac   0x08000fac   0x0000004c   Code   RO          540    i.AGC_VAToDAC       agc.o
    0x08000ff8   0x08000ff8   0x0000004c   Code   RO          541    i.AGC_VGAToDAC      agc.o
    0x08001044   0x08001044   0x00000002   Code   RO          750    i.BusFault_Handler  stm32l1xx_it.o
    0x08001046   0x08001046   0x0000004a   Code   RO          448    i.CurrentControlRead  current_control_functions.o
    0x08001090   0x08001090   0x0000007a   Code   RO          449    i.CurrentSensorInit  current_control_functions.o
    0x0800110a   0x0800110a   0x00000026   Code   RO          450    i.CurrentSensorWrite  current_control_functions.o
    0x08001130   0x08001130   0x00000002   Code   RO          751    i.DebugMon_Handler  stm32l1xx_it.o
    0x08001132   0x08001132   0x00000002   PAD
    0x08001134   0x08001134   0x00000054   Code   RO           13    i.Detumble_Transition  transitions.o
    0x08001188   0x08001188   0x00000008   Code   RO          752    i.EXTI15_10_IRQHandler  stm32l1xx_it.o
    0x08001190   0x08001190   0x00000054   Code   RO           14    i.Eclipse_Transition  transitions.o
    0x080011e4   0x080011e4   0x00000002   Code   RO          642    i.Error_Handler     main.o
    0x080011e6   0x080011e6   0x00000002   PAD
    0x080011e8   0x080011e8   0x0000010c   Code   RO          284    i.Fuel_Gauge_Init   fuel_gauge_functions.o
    0x080012f4   0x080012f4   0x00000048   Code   RO          285    i.Fuel_Gauge_Read   fuel_gauge_functions.o
    0x0800133c   0x0800133c   0x00000024   Code   RO          286    i.Fuel_Gauge_Write  fuel_gauge_functions.o
    0x08001360   0x08001360   0x0000015c   Code   RO          996    i.HAL_ADC_ConfigChannel  stm32l1xx_hal_adc.o
    0x080014bc   0x080014bc   0x00000108   Code   RO          999    i.HAL_ADC_DeInit    stm32l1xx_hal_adc.o
    0x080015c4   0x080015c4   0x00000006   Code   RO         1003    i.HAL_ADC_GetValue  stm32l1xx_hal_adc.o
    0x080015ca   0x080015ca   0x00000002   PAD
    0x080015cc   0x080015cc   0x0000019c   Code   RO         1005    i.HAL_ADC_Init      stm32l1xx_hal_adc.o
    0x08001768   0x08001768   0x00000028   Code   RO          844    i.HAL_ADC_MspDeInit  stm32l1xx_hal_msp.o
    0x08001790   0x08001790   0x00000060   Code   RO          845    i.HAL_ADC_MspInit   stm32l1xx_hal_msp.o
    0x080017f0   0x080017f0   0x00000076   Code   RO         1011    i.HAL_ADC_Start     stm32l1xx_hal_adc.o
    0x08001866   0x08001866   0x00000042   Code   RO         2296    i.HAL_DAC_ConfigChannel  stm32l1xx_hal_dac.o
    0x080018a8   0x080018a8   0x00000028   Code   RO         2306    i.HAL_DAC_Init      stm32l1xx_hal_dac.o
    0x080018d0   0x080018d0   0x00000060   Code   RO          847    i.HAL_DAC_MspInit   stm32l1xx_hal_msp.o
    0x08001930   0x08001930   0x0000001a   Code   RO         2309    i.HAL_DAC_SetValue  stm32l1xx_hal_dac.o
    0x0800194a   0x0800194a   0x00000002   PAD
    0x0800194c   0x0800194c   0x00000098   Code   RO          643    i.HAL_Delay         main.o
    0x080019e4   0x080019e4   0x00000148   Code   RO         1817    i.HAL_GPIO_DeInit   stm32l1xx_hal_gpio.o
    0x08001b2c   0x08001b2c   0x00000010   Code   RO          644    i.HAL_GPIO_EXTI_Callback  main.o
    0x08001b3c   0x08001b3c   0x00000018   Code   RO         1819    i.HAL_GPIO_EXTI_IRQHandler  stm32l1xx_hal_gpio.o
    0x08001b54   0x08001b54   0x000001b0   Code   RO         1820    i.HAL_GPIO_Init     stm32l1xx_hal_gpio.o
    0x08001d04   0x08001d04   0x0000000a   Code   RO         1824    i.HAL_GPIO_WritePin  stm32l1xx_hal_gpio.o
    0x08001d0e   0x08001d0e   0x00000002   PAD
    0x08001d10   0x08001d10   0x0000000c   Code   RO         1244    i.HAL_GetTick       stm32l1xx_hal.o
    0x08001d1c   0x08001d1c   0x00000032   Code   RO         2520    i.HAL_I2C_DeInit    stm32l1xx_hal_i2c.o
    0x08001d4e   0x08001d4e   0x00000002   PAD
    0x08001d50   0x08001d50   0x00000144   Code   RO         2529    i.HAL_I2C_Init      stm32l1xx_hal_i2c.o
    0x08001e94   0x08001e94   0x000001e4   Code   RO         2535    i.HAL_I2C_Master_Receive  stm32l1xx_hal_i2c.o
    0x08002078   0x08002078   0x00000134   Code   RO         2540    i.HAL_I2C_Master_Transmit  stm32l1xx_hal_i2c.o
    0x080021ac   0x080021ac   0x0000002c   Code   RO          848    i.HAL_I2C_MspDeInit  stm32l1xx_hal_msp.o
    0x080021d8   0x080021d8   0x0000006c   Code   RO          849    i.HAL_I2C_MspInit   stm32l1xx_hal_msp.o
    0x08002244   0x08002244   0x00000052   Code   RO         2916    i.HAL_IWDG_Init     stm32l1xx_hal_iwdg.o
    0x08002296   0x08002296   0x00000002   PAD
    0x08002298   0x08002298   0x00000010   Code   RO         1245    i.HAL_IncTick       stm32l1xx_hal.o
    0x080022a8   0x080022a8   0x00000016   Code   RO         1246    i.HAL_Init          stm32l1xx_hal.o
    0x080022be   0x080022be   0x00000002   PAD
    0x080022c0   0x080022c0   0x00000028   Code   RO         1247    i.HAL_InitTick      stm32l1xx_hal.o
    0x080022e8   0x080022e8   0x0000003c   Code   RO          850    i.HAL_MspInit       stm32l1xx_hal_msp.o
    0x08002324   0x08002324   0x00000016   Code   RO         2163    i.HAL_NVIC_EnableIRQ  stm32l1xx_hal_cortex.o
    0x0800233a   0x0800233a   0x00000002   PAD
    0x0800233c   0x0800233c   0x00000040   Code   RO         2169    i.HAL_NVIC_SetPriority  stm32l1xx_hal_cortex.o
    0x0800237c   0x0800237c   0x00000024   Code   RO         2170    i.HAL_NVIC_SetPriorityGrouping  stm32l1xx_hal_cortex.o
    0x080023a0   0x080023a0   0x00000018   Code   RO         2101    i.HAL_PWREx_EnableFastWakeUp  stm32l1xx_hal_pwr_ex.o
    0x080023b8   0x080023b8   0x00000018   Code   RO         2103    i.HAL_PWREx_EnableUltraLowPower  stm32l1xx_hal_pwr_ex.o
    0x080023d0   0x080023d0   0x00000030   Code   RO         1990    i.HAL_PWR_EnterSLEEPMode  stm32l1xx_hal_pwr.o
    0x08002400   0x08002400   0x00000038   Code   RO         1992    i.HAL_PWR_EnterSTOPMode  stm32l1xx_hal_pwr.o
    0x08002438   0x08002438   0x00000188   Code   RO         1482    i.HAL_RCCEx_PeriphCLKConfig  stm32l1xx_hal_rcc_ex.o
    0x080025c0   0x080025c0   0x000001d4   Code   RO         1369    i.HAL_RCC_ClockConfig  stm32l1xx_hal_rcc.o
    0x08002794   0x08002794   0x00000030   Code   RO         1376    i.HAL_RCC_GetPCLK1Freq  stm32l1xx_hal_rcc.o
    0x080027c4   0x080027c4   0x00000030   Code   RO         1377    i.HAL_RCC_GetPCLK2Freq  stm32l1xx_hal_rcc.o
    0x080027f4   0x080027f4   0x0000008c   Code   RO         1378    i.HAL_RCC_GetSysClockFreq  stm32l1xx_hal_rcc.o
    0x08002880   0x08002880   0x00000750   Code   RO         1381    i.HAL_RCC_OscConfig  stm32l1xx_hal_rcc.o
    0x08002fd0   0x08002fd0   0x0000007a   Code   RO         3061    i.HAL_RTCEx_DeactivateWakeUpTimer  stm32l1xx_hal_rtc_ex.o
    0x0800304a   0x0800304a   0x00000002   PAD
    0x0800304c   0x0800304c   0x000000f8   Code   RO         3082    i.HAL_RTCEx_SetWakeUpTimer_IT  stm32l1xx_hal_rtc_ex.o
    0x08003144   0x08003144   0x00000002   Code   RO         3088    i.HAL_RTCEx_WakeUpTimerEventCallback  stm32l1xx_hal_rtc_ex.o
    0x08003146   0x08003146   0x00000002   PAD
    0x08003148   0x08003148   0x00000034   Code   RO         3089    i.HAL_RTCEx_WakeUpTimerIRQHandler  stm32l1xx_hal_rtc_ex.o
    0x0800317c   0x0800317c   0x0000009c   Code   RO         2952    i.HAL_RTC_Init      stm32l1xx_hal_rtc.o
    0x08003218   0x08003218   0x00000040   Code   RO          852    i.HAL_RTC_MspInit   stm32l1xx_hal_msp.o
    0x08003258   0x08003258   0x000000c8   Code   RO         2956    i.HAL_RTC_SetDate   stm32l1xx_hal_rtc.o
    0x08003320   0x08003320   0x000000e8   Code   RO         2957    i.HAL_RTC_SetTime   stm32l1xx_hal_rtc.o
    0x08003408   0x08003408   0x0000003a   Code   RO         3095    i.HAL_RTC_WaitForSynchro  stm32l1xx_hal_rtc_ex.o
    0x08003442   0x08003442   0x0000000e   Code   RO         1250    i.HAL_ResumeTick    stm32l1xx_hal.o
    0x08003450   0x08003450   0x00000028   Code   RO         3332    i.HAL_SPI_DeInit    stm32l1xx_hal_spi.o
    0x08003478   0x08003478   0x00000004   Code   RO         3337    i.HAL_SPI_Init      stm32l1xx_hal_spi.o
    0x0800347c   0x0800347c   0x0000002c   Code   RO          853    i.HAL_SPI_MspDeInit  stm32l1xx_hal_msp.o
    0x080034a8   0x080034a8   0x00000028   Code   RO         2174    i.HAL_SYSTICK_Config  stm32l1xx_hal_cortex.o
    0x080034d0   0x080034d0   0x0000000e   Code   RO         1251    i.HAL_SuspendTick   stm32l1xx_hal.o
    0x080034de   0x080034de   0x00000036   Code   RO         3570    i.HAL_TIM_Base_Init  stm32l1xx_hal_tim.o
    0x08003514   0x08003514   0x0000003c   Code   RO          856    i.HAL_TIM_Base_MspInit  stm32l1xx_hal_msp.o
    0x08003550   0x08003550   0x0000001a   Code   RO         3573    i.HAL_TIM_Base_Start  stm32l1xx_hal_tim.o
    0x0800356a   0x0800356a   0x00000018   Code   RO         3575    i.HAL_TIM_Base_Start_IT  stm32l1xx_hal_tim.o
    0x08003582   0x08003582   0x000000f2   Code   RO         3579    i.HAL_TIM_ConfigClockSource  stm32l1xx_hal_tim.o
    0x08003674   0x08003674   0x00000002   Code   RO         3599    i.HAL_TIM_IC_CaptureCallback  stm32l1xx_hal_tim.o
    0x08003676   0x08003676   0x00000126   Code   RO         3612    i.HAL_TIM_IRQHandler  stm32l1xx_hal_tim.o
    0x0800379c   0x0800379c   0x00000002   Code   RO         3615    i.HAL_TIM_OC_DelayElapsedCallback  stm32l1xx_hal_tim.o
    0x0800379e   0x0800379e   0x00000002   Code   RO         3642    i.HAL_TIM_PWM_PulseFinishedCallback  stm32l1xx_hal_tim.o
    0x080037a0   0x080037a0   0x00000002   Code   RO         3649    i.HAL_TIM_PeriodElapsedCallback  stm32l1xx_hal_tim.o
    0x080037a2   0x080037a2   0x00000002   Code   RO         3653    i.HAL_TIM_TriggerCallback  stm32l1xx_hal_tim.o
    0x080037a4   0x080037a4   0x0000003c   Code   RO         4236    i.HAL_UART_DeInit   stm32l1xx_hal_uart.o
    0x080037e0   0x080037e0   0x0000005e   Code   RO         4241    i.HAL_UART_Init     stm32l1xx_hal_uart.o
    0x0800383e   0x0800383e   0x00000002   PAD
    0x08003840   0x08003840   0x00000028   Code   RO          857    i.HAL_UART_MspDeInit  stm32l1xx_hal_msp.o
    0x08003868   0x08003868   0x00000068   Code   RO          858    i.HAL_UART_MspInit  stm32l1xx_hal_msp.o
    0x080038d0   0x080038d0   0x000000cc   Code   RO         4249    i.HAL_UART_Transmit  stm32l1xx_hal_uart.o
    0x0800399c   0x0800399c   0x00000002   Code   RO          753    i.HardFault_Handler  stm32l1xx_it.o
    0x0800399e   0x0800399e   0x00000028   Code   RO         2567    i.I2C_IsAcknowledgeFailed  stm32l1xx_hal_i2c.o
    0x080039c6   0x080039c6   0x000000e2   Code   RO         2570    i.I2C_MasterRequestRead  stm32l1xx_hal_i2c.o
    0x08003aa8   0x08003aa8   0x00000098   Code   RO         2571    i.I2C_MasterRequestWrite  stm32l1xx_hal_i2c.o
    0x08003b40   0x08003b40   0x0000004e   Code   RO         2580    i.I2C_WaitOnBTFFlagUntilTimeout  stm32l1xx_hal_i2c.o
    0x08003b8e   0x08003b8e   0x00000060   Code   RO         2581    i.I2C_WaitOnFlagUntilTimeout  stm32l1xx_hal_i2c.o
    0x08003bee   0x08003bee   0x00000002   PAD
    0x08003bf0   0x08003bf0   0x00000088   Code   RO         2582    i.I2C_WaitOnMasterAddressFlagUntilTimeout  stm32l1xx_hal_i2c.o
    0x08003c78   0x08003c78   0x00000062   Code   RO         2583    i.I2C_WaitOnRXNEFlagUntilTimeout  stm32l1xx_hal_i2c.o
    0x08003cda   0x08003cda   0x0000004e   Code   RO         2584    i.I2C_WaitOnTXEFlagUntilTimeout  stm32l1xx_hal_i2c.o
    0x08003d28   0x08003d28   0x00000006   Code   RO          455    i.Initialize_All_Current_Sensors  current_control_functions.o
    0x08003d2e   0x08003d2e   0x00000002   PAD
    0x08003d30   0x08003d30   0x0000005c   Code   RO           15    i.LowPower_Transition  transitions.o
    0x08003d8c   0x08003d8c   0x00000050   Code   RO          645    i.MX_ADC_Init       main.o
    0x08003ddc   0x08003ddc   0x00000104   Code   RO          646    i.MX_GPIO_Init      main.o
    0x08003ee0   0x08003ee0   0x00000030   Code   RO          647    i.MX_I2C1_Init      main.o
    0x08003f10   0x08003f10   0x00000078   Code   RO          648    i.MX_RTC_Init       main.o
    0x08003f88   0x08003f88   0x00000034   Code   RO          649    i.MX_SPI2_Init      main.o
    0x08003fbc   0x08003fbc   0x00000028   Code   RO          650    i.MX_USART2_UART_Init  main.o
    0x08003fe4   0x08003fe4   0x00000002   Code   RO          754    i.MemManage_Handler  stm32l1xx_it.o
    0x08003fe6   0x08003fe6   0x00000002   Code   RO          755    i.NMI_Handler       stm32l1xx_it.o
    0x08003fe8   0x08003fe8   0x00000020   Code   RO         2176    i.NVIC_SetPriority  stm32l1xx_hal_cortex.o
    0x08004008   0x08004008   0x00000054   Code   RO           16    i.Normal_Transition  transitions.o
    0x0800405c   0x0800405c   0x0000014c   Code   RO          598    i.Output_Power_Pins  satellitecontrol.o
    0x080041a8   0x080041a8   0x00000002   Code   RO          756    i.PendSV_Handler    stm32l1xx_it.o
    0x080041aa   0x080041aa   0x00000002   PAD
    0x080041ac   0x080041ac   0x00000034   Code   RO          599    i.Power_Modes_State_Machine_Init  satellitecontrol.o
    0x080041e0   0x080041e0   0x00000080   Code   RO         1382    i.RCC_SetFlashLatencyFromMSIRange  stm32l1xx_hal_rcc.o
    0x08004260   0x08004260   0x00000012   Code   RO         2958    i.RTC_Bcd2ToByte    stm32l1xx_hal_rtc.o
    0x08004272   0x08004272   0x00000016   Code   RO         2959    i.RTC_ByteToBcd2    stm32l1xx_hal_rtc.o
    0x08004288   0x08004288   0x0000003a   Code   RO         2960    i.RTC_EnterInitMode  stm32l1xx_hal_rtc.o
    0x080042c2   0x080042c2   0x00000002   PAD
    0x080042c4   0x080042c4   0x0000000c   Code   RO          757    i.RTC_WKUP_IRQHandler  stm32l1xx_it.o
    0x080042d0   0x080042d0   0x00000016   Code   RO          651    i.SLEEP             main.o
    0x080042e6   0x080042e6   0x00000002   PAD
    0x080042e8   0x080042e8   0x00000024   Code   RO          235    i.SPI_FRAM_Init     spi_fram.o
    0x0800430c   0x0800430c   0x00000002   Code   RO          758    i.SVC_Handler       stm32l1xx_it.o
    0x0800430e   0x0800430e   0x00000002   PAD
    0x08004310   0x08004310   0x00000064   Code   RO          600    i.Sat_Run           satellitecontrol.o
    0x08004374   0x08004374   0x00000044   Code   RO           18    i.ScienceOnly_Transition  transitions.o
    0x080043b8   0x080043b8   0x00000002   Code   RO          652    i.SendToComp        main.o
    0x080043ba   0x080043ba   0x00000004   Code   RO          759    i.SysTick_Handler   stm32l1xx_it.o
    0x080043be   0x080043be   0x00000002   PAD
    0x080043c0   0x080043c0   0x00000078   Code   RO          653    i.SystemClock_Config  main.o
    0x08004438   0x08004438   0x00000050   Code   RO          953    i.SystemInit        system_stm32l1xx.o
    0x08004488   0x08004488   0x0000000c   Code   RO          760    i.TIM10_IRQHandler  stm32l1xx_it.o
    0x08004494   0x08004494   0x0000007c   Code   RO         3654    i.TIM_Base_SetConfig  stm32l1xx_hal_tim.o
    0x08004510   0x08004510   0x00000014   Code   RO         3661    i.TIM_ETR_SetConfig  stm32l1xx_hal_tim.o
    0x08004524   0x08004524   0x00000010   Code   RO         3662    i.TIM_ITRx_SetConfig  stm32l1xx_hal_tim.o
    0x08004534   0x08004534   0x00000022   Code   RO         3668    i.TIM_TI1_ConfigInputStage  stm32l1xx_hal_tim.o
    0x08004556   0x08004556   0x00000024   Code   RO         3670    i.TIM_TI2_ConfigInputStage  stm32l1xx_hal_tim.o
    0x0800457a   0x0800457a   0x00000042   Code   RO          601    i.Transition        satellitecontrol.o
    0x080045bc   0x080045bc   0x000002a0   Code   RO         4260    i.UART_SetConfig    stm32l1xx_hal_uart.o
    0x0800485c   0x0800485c   0x00000092   Code   RO         4262    i.UART_WaitOnFlagUntilTimeout  stm32l1xx_hal_uart.o
    0x080048ee   0x080048ee   0x00000002   PAD
    0x080048f0   0x080048f0   0x00000048   Code   RO           24    i.UltraLowPower_Transition  transitions.o
    0x08004938   0x08004938   0x00000002   Code   RO          761    i.UsageFault_Handler  stm32l1xx_it.o
    0x0800493a   0x0800493a   0x00000002   PAD
    0x0800493c   0x0800493c   0x00000024   Code   RO         4707    i.__0vsprintf       mc_w.l(printfa.o)
    0x08004960   0x08004960   0x0000000e   Code   RO         4797    i.__scatterload_copy  mc_w.l(handlers.o)
    0x0800496e   0x0800496e   0x00000002   Code   RO         4798    i.__scatterload_null  mc_w.l(handlers.o)
    0x08004970   0x08004970   0x0000000e   Code   RO         4799    i.__scatterload_zeroinit  mc_w.l(handlers.o)
    0x0800497e   0x0800497e   0x00000002   PAD
    0x08004980   0x08004980   0x00000184   Code   RO         4708    i._fp_digits        mc_w.l(printfa.o)
    0x08004b04   0x08004b04   0x000006dc   Code   RO         4709    i._printf_core      mc_w.l(printfa.o)
    0x080051e0   0x080051e0   0x00000024   Code   RO         4710    i._printf_post_padding  mc_w.l(printfa.o)
    0x08005204   0x08005204   0x0000002e   Code   RO         4711    i._printf_pre_padding  mc_w.l(printfa.o)
    0x08005232   0x08005232   0x0000000a   Code   RO         4713    i._sputc            mc_w.l(printfa.o)
    0x0800523c   0x0800523c   0x00000174   Code   RO          654    i.main              main.o
    0x080053b0   0x080053b0   0x00000034   Code   RO          655    i.my_printf         main.o
    0x080053e4   0x080053e4   0x00000019   Data   RO          954    .constdata          system_stm32l1xx.o
    0x080053fd   0x080053fd   0x00000008   Data   RO          955    .constdata          system_stm32l1xx.o
    0x08005405   0x08005405   0x00000003   PAD
    0x08005408   0x08005408   0x000000ba   Data   RO          542    .conststring        agc.o
    0x080054c2   0x080054c2   0x00000002   PAD
    0x080054c4   0x080054c4   0x00000020   Data   RO         4795    Region$$Table       anon$$obj.o


    Execution Region RW_IRAM1 (Exec base: 0x20000000, Load base: 0x080054e4, Size: 0x00000620, Max: 0x00014000, ABSOLUTE)

    Exec Addr    Load Addr    Size         Type   Attr      Idx    E Section Name        Object

    0x20000000   0x080054e4   0x00000008   Data   RW           25    .data               transitions.o
    0x20000008   0x080054ec   0x0000002a   Data   RW          296    .data               fuel_gauge_functions.o
    0x20000032   0x08005516   0x00000002   PAD
    0x20000034   0x08005518   0x00000014   Data   RW          543    .data               agc.o
    0x20000048   0x0800552c   0x00000014   Data   RW          602    .data               satellitecontrol.o
    0x2000005c   0x08005540   0x00000002   Data   RW          657    .data               main.o
    0x2000005e   0x08005542   0x00000002   PAD
    0x20000060   0x08005544   0x00000004   Data   RW          956    .data               system_stm32l1xx.o
    0x20000064   0x08005548   0x00000004   Data   RW         1252    .data               stm32l1xx_hal.o
    0x20000068        -       0x000001b8   Zero   RW          656    .bss                main.o
    0x20000220        -       0x00000400   Zero   RW            1    STACK               startup_stm32l152xe.o


==============================================================================

Image component sizes


      Code (inc. data)   RO Data    RW Data    ZI Data      Debug   Object Name

      1704        150        186         20          0       5018   agc.o
       240          0          0          0          0       3283   current_control_functions.o
       376          4          0         42          0       4069   fuel_gauge_functions.o
      1338        126          0          2        440      10150   main.o
       550         28          0         20          0       3652   satellitecontrol.o
        36         10          0          0          0        900   spi_fram.o
        36          8        292          0       1024        820   startup_stm32l152xe.o
       118         18          0          4          0       4202   stm32l1xx_hal.o
      1340         58          0          0          0       6401   stm32l1xx_hal_adc.o
       194         14          0          0          0      27511   stm32l1xx_hal_cortex.o
       132          0          0          0          0       2642   stm32l1xx_hal_dac.o
       794         84          0          0          0       3853   stm32l1xx_hal_gpio.o
      2070         30          0          0          0      12907   stm32l1xx_hal_i2c.o
        82          0          0          0          0       1180   stm32l1xx_hal_iwdg.o
       756        126          0          0          0       6949   stm32l1xx_hal_msp.o
       104         20          0          0          0       1273   stm32l1xx_hal_pwr.o
        48          8          0          0          0       1081   stm32l1xx_hal_pwr_ex.o
      2704        108          0          0          0       6844   stm32l1xx_hal_rcc.o
       392         14          0          0          0       1492   stm32l1xx_hal_rcc_ex.o
       686         14          0          0          0       5115   stm32l1xx_hal_rtc.o
       482         12          0          0          0       4312   stm32l1xx_hal_rtc_ex.o
        44          0          0          0          0       1696   stm32l1xx_hal_spi.o
       880         24          0          0          0      10639   stm32l1xx_hal_tim.o
      1176          6          0          0          0       4842   stm32l1xx_hal_uart.o
        52         12          0          0          0       5294   stm32l1xx_it.o
        80         18         33          4          0       1255   system_stm32l1xx.o
       484         80          0          8          0     483624   transitions.o

    ----------------------------------------------------------------------
     16940        972        548        104       1464     621004   Object Totals
         0          0         32          0          0          0   (incl. Generated)
        42          0          5          4          0          0   (incl. Padding)

    ----------------------------------------------------------------------

      Code (inc. data)   RO Data    RW Data    ZI Data      Debug   Library Member Name

         0          0          0          0          0          0   entry.o
         0          0          0          0          0          0   entry10a.o
         0          0          0          0          0          0   entry11a.o
         8          4          0          0          0          0   entry2.o
         4          0          0          0          0          0   entry5.o
         0          0          0          0          0          0   entry7b.o
         0          0          0          0          0          0   entry8b.o
         8          4          0          0          0          0   entry9a.o
        30          0          0          0          0          0   handlers.o
        36          8          0          0          0         68   init.o
         0          0          0          0          0          0   iusefp.o
        30          0          0          0          0         68   llshl.o
        36          0          0          0          0         68   llsshr.o
        32          0          0          0          0         68   llushr.o
        36          0          0          0          0        108   memseta.o
      2272         86          0          0          0        516   printfa.o
        14          0          0          0          0         68   strlen.o
        44          0          0          0          0         80   uidiv.o
        98          0          0          0          0         92   uldiv.o
        48          0          0          0          0         68   cdrcmple.o
        56          0          0          0          0         88   d2f.o
       334          0          0          0          0        148   dadd.o
       222          0          0          0          0        100   ddiv.o
       186          0          0          0          0        176   depilogue.o
        50          0          0          0          0         76   dfixui.o
        48          0          0          0          0         68   dfixul.o
        26          0          0          0          0         76   dfltui.o
       228          0          0          0          0         96   dmul.o
        46          0          0          0          0         80   dscalb.o
        38          0          0          0          0         68   f2d.o
       176          0          0          0          0        140   fadd.o
       110          0          0          0          0        168   fepilogue.o
        24          0          0          0          0         68   fscalb.o

    ----------------------------------------------------------------------
      4244        102          0          0          0       2556   Library Totals
         4          0          0          0          0          0   (incl. Padding)

    ----------------------------------------------------------------------

      Code (inc. data)   RO Data    RW Data    ZI Data      Debug   Library Name

      2648        102          0          0          0       1136   mc_w.l
      1592          0          0          0          0       1420   mf_w.l

    ----------------------------------------------------------------------
      4244        102          0          0          0       2556   Library Totals

    ----------------------------------------------------------------------

==============================================================================


      Code (inc. data)   RO Data    RW Data    ZI Data      Debug   

     21184       1074        548        104       1464     614976   Grand Totals
     21184       1074        548        104       1464     614976   ELF Image Totals
     21184       1074        548        104          0          0   ROM Totals

==============================================================================

    Total RO  Size (Code + RO Data)                21732 (  21.22kB)
    Total RW  Size (RW Data + ZI Data)              1568 (   1.53kB)
    Total ROM Size (Code + RO Data + RW Data)      21836 (  21.32kB)

==============================================================================

