<html>
<body>
<pre>
<h1>µVision Build Log</h1>
<h2>Tool Versions:</h2>
IDE-Version: µVision V5.27.0.0
Copyright (C) 2018 ARM Ltd and ARM Germany GmbH. All rights reserved.
License Information: Andy Kang, UCSC, LIC=----
 
Tool Versions:
Toolchain:       MDK-Lite  Version: 5.27.0.0
Toolchain Path:  C:\Keil_v5\ARM\ARMCC\Bin
C Compiler:      Armcc.exe V5.06 update 6 (build 750)
Assembler:       Armasm.exe V5.06 update 6 (build 750)
Linker/Locator:  ArmLink.exe V5.06 update 6 (build 750)
Library Manager: ArmAr.exe V5.06 update 6 (build 750)
Hex Converter:   FromElf.exe V5.06 update 6 (build 750)
CPU DLL:         SARMCM3.DLL V5.27.0.0
Dialog DLL:      DCM.DLL V1.17.2.0
Target DLL:      STLink\ST-LINKIII-KEIL_SWO.dll V3.0.5.0
Dialog DLL:      TCM.DLL V1.36.1.0
 
<h2>Project:</h2>
C:\Users\andyc\Documents\EPS_Temp\MDK-ARM\EPS_Temp.uvprojx
Project File Date:  05/05/2020

<h2>Output:</h2>
*** Using Compiler 'V5.06 update 6 (build 750)', folder: 'C:\Keil_v5\ARM\ARMCC\Bin'
Build target 'EPS_Temp'
assembling startup_stm32l152xe.s...
compiling stm32l1xx_hal.c...
compiling main.c...
compiling stm32l1xx_it.c...
compiling stm32l1xx_hal_msp.c...
compiling stm32l1xx_hal_adc_ex.c...
compiling stm32l1xx_hal_rcc.c...
compiling stm32l1xx_hal_adc.c...
compiling stm32l1xx_hal_flash.c...
compiling stm32l1xx_hal_dma.c...
compiling stm32l1xx_hal_pwr.c...
compiling stm32l1xx_hal_flash_ramfunc.c...
compiling stm32l1xx_hal_rcc_ex.c...
compiling stm32l1xx_hal_gpio.c...
compiling stm32l1xx_hal_flash_ex.c...
compiling stm32l1xx_hal_tim_ex.c...
compiling stm32l1xx_hal_dac.c...
compiling stm32l1xx_hal_tim.c...
compiling stm32l1xx_hal_cortex.c...
compiling stm32l1xx_hal_dac_ex.c...
compiling stm32l1xx_hal_pwr_ex.c...
compiling stm32l1xx_hal_uart.c...
compiling system_stm32l1xx.c...
linking...
Program Size: Code=6952 RO-data=360 RW-data=32 ZI-data=1192  
FromELF: creating hex file...
"EPS_Temp\EPS_Temp.axf" - 0 Error(s), 0 Warning(s).

<h2>Software Packages used:</h2>

Package Vendor: ARM
                http://www.keil.com/pack/ARM.CMSIS.5.6.0.pack
                ARM.CMSIS.5.6.0
                CMSIS (Cortex Microcontroller Software Interface Standard)
   * Component: CORE Version: 5.3.0

Package Vendor: Keil
                http://www.keil.com/pack/Keil.STM32L1xx_DFP.1.2.0.pack
                Keil.STM32L1xx_DFP.1.2.0
                STMicroelectronics STM32L1 Series Device Support and Examples

<h2>Collection of Component include folders:</h2>
  .\RTE\_EPS_Temp
  C:\Keil_v5\ARM\PACK\ARM\CMSIS\5.6.0\CMSIS\Core\Include
  C:\Keil_v5\ARM\PACK\Keil\STM32L1xx_DFP\1.2.0\Device\Include

<h2>Collection of Component Files used:</h2>

   * Component: ARM::CMSIS:CORE:5.3.0
Build Time Elapsed:  00:00:16
</pre>
</body>
</html>
