Component: ARM Compiler 5.06 update 6 (build 750) Tool: armlink [4d35ed]

==============================================================================

Section Cross References

    startup_stm32l152xe.o(RESET) refers to startup_stm32l152xe.o(STACK) for __initial_sp
    startup_stm32l152xe.o(RESET) refers to startup_stm32l152xe.o(.text) for Reset_Handler
    startup_stm32l152xe.o(RESET) refers to stm32l1xx_it.o(i.NMI_Handler) for NMI_Handler
    startup_stm32l152xe.o(RESET) refers to stm32l1xx_it.o(i.HardFault_Handler) for HardFault_Handler
    startup_stm32l152xe.o(RESET) refers to stm32l1xx_it.o(i.MemManage_Handler) for MemManage_Handler
    startup_stm32l152xe.o(RESET) refers to stm32l1xx_it.o(i.BusFault_Handler) for BusFault_Handler
    startup_stm32l152xe.o(RESET) refers to stm32l1xx_it.o(i.UsageFault_Handler) for UsageFault_Handler
    startup_stm32l152xe.o(RESET) refers to stm32l1xx_it.o(i.SVC_Handler) for SVC_Handler
    startup_stm32l152xe.o(RESET) refers to stm32l1xx_it.o(i.DebugMon_Handler) for DebugMon_Handler
    startup_stm32l152xe.o(RESET) refers to stm32l1xx_it.o(i.PendSV_Handler) for PendSV_Handler
    startup_stm32l152xe.o(RESET) refers to stm32l1xx_it.o(i.SysTick_Handler) for SysTick_Handler
    startup_stm32l152xe.o(.text) refers to system_stm32l1xx.o(i.SystemInit) for SystemInit
    startup_stm32l152xe.o(.text) refers to entry.o(.ARM.Collect$$$$00000000) for __main
    dateconversion.o(i.JD_2_H_M_S) refers to dfixui.o(.text) for __aeabi_d2uiz
    dateconversion.o(i.JD_2_H_M_S) refers to dfltui.o(.text) for __aeabi_ui2d
    dateconversion.o(i.JD_2_H_M_S) refers to dadd.o(.text) for __aeabi_drsub
    dateconversion.o(i.JD_2_H_M_S) refers to dmul.o(.text) for __aeabi_dmul
    dateconversion.o(i.JD_2_H_M_S) refers to dfixul.o(.text) for __aeabi_d2ulz
    dateconversion.o(i.JD_2_H_M_S) refers to uldiv.o(.text) for __aeabi_uldivmod
    dateconversion.o(i.JD_2_days) refers to dfixui.o(.text) for __aeabi_d2uiz
    dateconversion.o(i.JD_2_days) refers to dfltui.o(.text) for __aeabi_ui2d
    dateconversion.o(i.JD_2_days) refers to dadd.o(.text) for __aeabi_drsub
    dateconversion.o(i.JD_2_days) refers to dmul.o(.text) for __aeabi_dmul
    dateconversion.o(i.JD_2_year) refers to dadd.o(.text) for __aeabi_dsub
    dateconversion.o(i.JD_2_year) refers to dflti.o(.text) for __aeabi_i2d
    dateconversion.o(i.JD_2_year) refers to cdrcmple.o(.text) for __aeabi_cdrcmple
    spi_fram.o(i.Free_Lock) refers to stm32l1xx_hal_gpio.o(i.HAL_GPIO_WritePin) for HAL_GPIO_WritePin
    spi_fram.o(i.Get_Lock) refers to stm32l1xx_hal_gpio.o(i.HAL_GPIO_ReadPin) for HAL_GPIO_ReadPin
    spi_fram.o(i.Get_Lock) refers to stm32l1xx_hal_gpio.o(i.HAL_GPIO_WritePin) for HAL_GPIO_WritePin
    spi_fram.o(i.SPI_FRAM_Init) refers to stm32l1xx_hal_gpio.o(i.HAL_GPIO_WritePin) for HAL_GPIO_WritePin
    spi_fram.o(i.SPI_FRAM_Read) refers to spi_fram.o(i.Get_Lock) for Get_Lock
    spi_fram.o(i.SPI_FRAM_Read) refers to stm32l1xx_hal_gpio.o(i.HAL_GPIO_WritePin) for HAL_GPIO_WritePin
    spi_fram.o(i.SPI_FRAM_Read) refers to stm32l1xx_hal_spi.o(i.HAL_SPI_Transmit) for HAL_SPI_Transmit
    spi_fram.o(i.SPI_FRAM_Read) refers to stm32l1xx_hal_spi.o(i.HAL_SPI_Receive) for HAL_SPI_Receive
    spi_fram.o(i.SPI_FRAM_Write) refers to spi_fram.o(i.Get_Lock) for Get_Lock
    spi_fram.o(i.SPI_FRAM_Write) refers to stm32l1xx_hal_gpio.o(i.HAL_GPIO_WritePin) for HAL_GPIO_WritePin
    spi_fram.o(i.SPI_FRAM_Write) refers to stm32l1xx_hal_spi.o(i.HAL_SPI_Transmit) for HAL_SPI_Transmit
    spi_fram.o(i.SPI_FRAM_Write) refers to stm32l1xx_hal.o(i.HAL_Delay) for HAL_Delay
    main.o(i.MX_GPIO_Init) refers to memseta.o(.text) for __aeabi_memclr4
    main.o(i.MX_GPIO_Init) refers to stm32l1xx_hal_gpio.o(i.HAL_GPIO_WritePin) for HAL_GPIO_WritePin
    main.o(i.MX_GPIO_Init) refers to stm32l1xx_hal_gpio.o(i.HAL_GPIO_Init) for HAL_GPIO_Init
    main.o(i.MX_SPI1_Init) refers to stm32l1xx_hal_spi_ex.o(i.HAL_SPI_Init) for HAL_SPI_Init
    main.o(i.MX_SPI1_Init) refers to main.o(.bss) for .bss
    main.o(i.SystemClock_Config) refers to memseta.o(.text) for __aeabi_memclr4
    main.o(i.SystemClock_Config) refers to stm32l1xx_hal_rcc.o(i.HAL_RCC_OscConfig) for HAL_RCC_OscConfig
    main.o(i.SystemClock_Config) refers to stm32l1xx_hal_rcc.o(i.HAL_RCC_ClockConfig) for HAL_RCC_ClockConfig
    main.o(i.main) refers to stm32l1xx_hal.o(i.HAL_Init) for HAL_Init
    main.o(i.main) refers to main.o(i.SystemClock_Config) for SystemClock_Config
    main.o(i.main) refers to main.o(i.MX_GPIO_Init) for MX_GPIO_Init
    main.o(i.main) refers to main.o(i.MX_SPI1_Init) for MX_SPI1_Init
    main.o(i.main) refers to stm32l1xx_hal_uart.o(i.HAL_UART_Init) for HAL_UART_Init
    main.o(i.main) refers to spi_fram.o(i.SPI_FRAM_Init) for SPI_FRAM_Init
    main.o(i.main) refers to memseta.o(.text) for __aeabi_memclr4
    main.o(i.main) refers to dateconversion.o(i.float_to_bytes) for float_to_bytes
    main.o(i.main) refers to spi_fram.o(i.SPI_FRAM_Write) for SPI_FRAM_Write
    main.o(i.main) refers to stm32l1xx_hal.o(i.HAL_Delay) for HAL_Delay
    main.o(i.main) refers to dateconversion.o(i.double_to_bytes) for double_to_bytes
    main.o(i.main) refers to main.o(.bss) for .bss
    stm32l1xx_it.o(i.SysTick_Handler) refers to stm32l1xx_hal.o(i.HAL_IncTick) for HAL_IncTick
    stm32l1xx_hal_msp.o(i.HAL_MspInit) refers to stm32l1xx_hal_cortex.o(i.HAL_NVIC_SetPriorityGrouping) for HAL_NVIC_SetPriorityGrouping
    stm32l1xx_hal_msp.o(i.HAL_SPI_MspDeInit) refers to stm32l1xx_hal_gpio.o(i.HAL_GPIO_DeInit) for HAL_GPIO_DeInit
    stm32l1xx_hal_msp.o(i.HAL_SPI_MspInit) refers to memseta.o(.text) for __aeabi_memclr4
    stm32l1xx_hal_msp.o(i.HAL_SPI_MspInit) refers to stm32l1xx_hal_gpio.o(i.HAL_GPIO_Init) for HAL_GPIO_Init
    stm32l1xx_hal_msp.o(i.HAL_UART_MspDeInit) refers to stm32l1xx_hal_gpio.o(i.HAL_GPIO_DeInit) for HAL_GPIO_DeInit
    stm32l1xx_hal_msp.o(i.HAL_UART_MspInit) refers to memseta.o(.text) for __aeabi_memclr4
    stm32l1xx_hal_msp.o(i.HAL_UART_MspInit) refers to stm32l1xx_hal_gpio.o(i.HAL_GPIO_Init) for HAL_GPIO_Init
    stm32l1xx_hal_spi_ex.o(i.HAL_SPI_Init) refers to stm32l1xx_hal_msp.o(i.HAL_SPI_MspInit) for HAL_SPI_MspInit
    stm32l1xx_hal_spi.o(i.HAL_SPI_DMAStop) refers to stm32l1xx_hal_dma.o(i.HAL_DMA_Abort) for HAL_DMA_Abort
    stm32l1xx_hal_spi.o(i.HAL_SPI_DeInit) refers to stm32l1xx_hal_msp.o(i.HAL_SPI_MspDeInit) for HAL_SPI_MspDeInit
    stm32l1xx_hal_spi.o(i.HAL_SPI_IRQHandler) refers to stm32l1xx_hal_spi.o(i.HAL_SPI_ErrorCallback) for HAL_SPI_ErrorCallback
    stm32l1xx_hal_spi.o(i.HAL_SPI_Receive) refers to stm32l1xx_hal_spi.o(i.HAL_SPI_TransmitReceive) for HAL_SPI_TransmitReceive
    stm32l1xx_hal_spi.o(i.HAL_SPI_Receive) refers to stm32l1xx_hal_spi.o(i.SPI_WaitOnFlagUntilTimeout) for SPI_WaitOnFlagUntilTimeout
    stm32l1xx_hal_spi.o(i.HAL_SPI_Receive_DMA) refers to stm32l1xx_hal_spi.o(i.HAL_SPI_TransmitReceive_DMA) for HAL_SPI_TransmitReceive_DMA
    stm32l1xx_hal_spi.o(i.HAL_SPI_Receive_DMA) refers to stm32l1xx_hal_dma.o(i.HAL_DMA_Start_IT) for HAL_DMA_Start_IT
    stm32l1xx_hal_spi.o(i.HAL_SPI_Receive_DMA) refers to stm32l1xx_hal_spi.o(i.SPI_DMAHalfReceiveCplt) for SPI_DMAHalfReceiveCplt
    stm32l1xx_hal_spi.o(i.HAL_SPI_Receive_DMA) refers to stm32l1xx_hal_spi.o(i.SPI_DMAReceiveCplt) for SPI_DMAReceiveCplt
    stm32l1xx_hal_spi.o(i.HAL_SPI_Receive_DMA) refers to stm32l1xx_hal_spi.o(i.SPI_DMAError) for SPI_DMAError
    stm32l1xx_hal_spi.o(i.HAL_SPI_Receive_IT) refers to stm32l1xx_hal_spi.o(i.HAL_SPI_TransmitReceive_IT) for HAL_SPI_TransmitReceive_IT
    stm32l1xx_hal_spi.o(i.HAL_SPI_Receive_IT) refers to stm32l1xx_hal_spi.o(i.SPI_RxISR) for SPI_RxISR
    stm32l1xx_hal_spi.o(i.HAL_SPI_Transmit) refers to stm32l1xx_hal_spi.o(i.SPI_WaitOnFlagUntilTimeout) for SPI_WaitOnFlagUntilTimeout
    stm32l1xx_hal_spi.o(i.HAL_SPI_TransmitReceive) refers to stm32l1xx_hal_spi.o(i.SPI_WaitOnFlagUntilTimeout) for SPI_WaitOnFlagUntilTimeout
    stm32l1xx_hal_spi.o(i.HAL_SPI_TransmitReceive_DMA) refers to stm32l1xx_hal_dma.o(i.HAL_DMA_Start_IT) for HAL_DMA_Start_IT
    stm32l1xx_hal_spi.o(i.HAL_SPI_TransmitReceive_DMA) refers to stm32l1xx_hal_spi.o(i.SPI_DMAHalfTransmitReceiveCplt) for SPI_DMAHalfTransmitReceiveCplt
    stm32l1xx_hal_spi.o(i.HAL_SPI_TransmitReceive_DMA) refers to stm32l1xx_hal_spi.o(i.SPI_DMATransmitReceiveCplt) for SPI_DMATransmitReceiveCplt
    stm32l1xx_hal_spi.o(i.HAL_SPI_TransmitReceive_DMA) refers to stm32l1xx_hal_spi.o(i.SPI_DMAError) for SPI_DMAError
    stm32l1xx_hal_spi.o(i.HAL_SPI_TransmitReceive_DMA) refers to stm32l1xx_hal_spi.o(i.SPI_DMAHalfReceiveCplt) for SPI_DMAHalfReceiveCplt
    stm32l1xx_hal_spi.o(i.HAL_SPI_TransmitReceive_DMA) refers to stm32l1xx_hal_spi.o(i.SPI_DMAReceiveCplt) for SPI_DMAReceiveCplt
    stm32l1xx_hal_spi.o(i.HAL_SPI_TransmitReceive_IT) refers to stm32l1xx_hal_spi.o(i.SPI_TxISR) for SPI_TxISR
    stm32l1xx_hal_spi.o(i.HAL_SPI_TransmitReceive_IT) refers to stm32l1xx_hal_spi.o(i.SPI_2LinesRxISR) for SPI_2LinesRxISR
    stm32l1xx_hal_spi.o(i.HAL_SPI_Transmit_DMA) refers to stm32l1xx_hal_dma.o(i.HAL_DMA_Start_IT) for HAL_DMA_Start_IT
    stm32l1xx_hal_spi.o(i.HAL_SPI_Transmit_DMA) refers to stm32l1xx_hal_spi.o(i.SPI_DMAHalfTransmitCplt) for SPI_DMAHalfTransmitCplt
    stm32l1xx_hal_spi.o(i.HAL_SPI_Transmit_DMA) refers to stm32l1xx_hal_spi.o(i.SPI_DMATransmitCplt) for SPI_DMATransmitCplt
    stm32l1xx_hal_spi.o(i.HAL_SPI_Transmit_DMA) refers to stm32l1xx_hal_spi.o(i.SPI_DMAError) for SPI_DMAError
    stm32l1xx_hal_spi.o(i.HAL_SPI_Transmit_IT) refers to stm32l1xx_hal_spi.o(i.SPI_TxISR) for SPI_TxISR
    stm32l1xx_hal_spi.o(i.SPI_2LinesRxISR) refers to stm32l1xx_hal_spi.o(i.SPI_RxCloseIRQHandler) for SPI_RxCloseIRQHandler
    stm32l1xx_hal_spi.o(i.SPI_DMAError) refers to stm32l1xx_hal_spi.o(i.HAL_SPI_ErrorCallback) for HAL_SPI_ErrorCallback
    stm32l1xx_hal_spi.o(i.SPI_DMAHalfReceiveCplt) refers to stm32l1xx_hal_spi.o(i.HAL_SPI_RxHalfCpltCallback) for HAL_SPI_RxHalfCpltCallback
    stm32l1xx_hal_spi.o(i.SPI_DMAHalfTransmitCplt) refers to stm32l1xx_hal_spi.o(i.HAL_SPI_TxHalfCpltCallback) for HAL_SPI_TxHalfCpltCallback
    stm32l1xx_hal_spi.o(i.SPI_DMAHalfTransmitReceiveCplt) refers to stm32l1xx_hal_spi.o(i.HAL_SPI_TxRxHalfCpltCallback) for HAL_SPI_TxRxHalfCpltCallback
    stm32l1xx_hal_spi.o(i.SPI_DMAReceiveCplt) refers to stm32l1xx_hal_spi.o(i.SPI_WaitOnFlagUntilTimeout) for SPI_WaitOnFlagUntilTimeout
    stm32l1xx_hal_spi.o(i.SPI_DMAReceiveCplt) refers to stm32l1xx_hal_spi.o(i.HAL_SPI_ErrorCallback) for HAL_SPI_ErrorCallback
    stm32l1xx_hal_spi.o(i.SPI_DMAReceiveCplt) refers to stm32l1xx_hal_spi.o(i.HAL_SPI_RxCpltCallback) for HAL_SPI_RxCpltCallback
    stm32l1xx_hal_spi.o(i.SPI_DMATransmitCplt) refers to stm32l1xx_hal_spi.o(i.SPI_WaitOnFlagUntilTimeout) for SPI_WaitOnFlagUntilTimeout
    stm32l1xx_hal_spi.o(i.SPI_DMATransmitCplt) refers to stm32l1xx_hal_spi.o(i.HAL_SPI_ErrorCallback) for HAL_SPI_ErrorCallback
    stm32l1xx_hal_spi.o(i.SPI_DMATransmitCplt) refers to stm32l1xx_hal_spi.o(i.HAL_SPI_TxCpltCallback) for HAL_SPI_TxCpltCallback
    stm32l1xx_hal_spi.o(i.SPI_DMATransmitReceiveCplt) refers to stm32l1xx_hal_spi.o(i.SPI_WaitOnFlagUntilTimeout) for SPI_WaitOnFlagUntilTimeout
    stm32l1xx_hal_spi.o(i.SPI_DMATransmitReceiveCplt) refers to stm32l1xx_hal_spi.o(i.HAL_SPI_ErrorCallback) for HAL_SPI_ErrorCallback
    stm32l1xx_hal_spi.o(i.SPI_DMATransmitReceiveCplt) refers to stm32l1xx_hal_spi.o(i.HAL_SPI_TxRxCpltCallback) for HAL_SPI_TxRxCpltCallback
    stm32l1xx_hal_spi.o(i.SPI_RxCloseIRQHandler) refers to stm32l1xx_hal_spi.o(i.SPI_WaitOnFlagUntilTimeout) for SPI_WaitOnFlagUntilTimeout
    stm32l1xx_hal_spi.o(i.SPI_RxCloseIRQHandler) refers to stm32l1xx_hal_spi.o(i.HAL_SPI_ErrorCallback) for HAL_SPI_ErrorCallback
    stm32l1xx_hal_spi.o(i.SPI_RxCloseIRQHandler) refers to stm32l1xx_hal_spi.o(i.HAL_SPI_RxCpltCallback) for HAL_SPI_RxCpltCallback
    stm32l1xx_hal_spi.o(i.SPI_RxCloseIRQHandler) refers to stm32l1xx_hal_spi.o(i.HAL_SPI_TxRxCpltCallback) for HAL_SPI_TxRxCpltCallback
    stm32l1xx_hal_spi.o(i.SPI_RxISR) refers to stm32l1xx_hal_spi.o(i.SPI_RxCloseIRQHandler) for SPI_RxCloseIRQHandler
    stm32l1xx_hal_spi.o(i.SPI_TxCloseIRQHandler) refers to stm32l1xx_hal_spi.o(i.SPI_WaitOnFlagUntilTimeout) for SPI_WaitOnFlagUntilTimeout
    stm32l1xx_hal_spi.o(i.SPI_TxCloseIRQHandler) refers to stm32l1xx_hal_spi.o(i.HAL_SPI_ErrorCallback) for HAL_SPI_ErrorCallback
    stm32l1xx_hal_spi.o(i.SPI_TxCloseIRQHandler) refers to stm32l1xx_hal_spi.o(i.HAL_SPI_TxCpltCallback) for HAL_SPI_TxCpltCallback
    stm32l1xx_hal_spi.o(i.SPI_TxCloseIRQHandler) refers to stm32l1xx_hal_spi.o(i.HAL_SPI_TxRxCpltCallback) for HAL_SPI_TxRxCpltCallback
    stm32l1xx_hal_spi.o(i.SPI_TxISR) refers to stm32l1xx_hal_spi.o(i.SPI_TxCloseIRQHandler) for SPI_TxCloseIRQHandler
    stm32l1xx_hal_spi.o(i.SPI_WaitOnFlagUntilTimeout) refers to stm32l1xx_hal.o(i.HAL_GetTick) for HAL_GetTick
    stm32l1xx_hal.o(i.HAL_DeInit) refers to stm32l1xx_hal.o(i.HAL_MspDeInit) for HAL_MspDeInit
    stm32l1xx_hal.o(i.HAL_Delay) refers to stm32l1xx_hal.o(i.HAL_GetTick) for HAL_GetTick
    stm32l1xx_hal.o(i.HAL_GetTick) refers to stm32l1xx_hal.o(.data) for .data
    stm32l1xx_hal.o(i.HAL_IncTick) refers to stm32l1xx_hal.o(.data) for .data
    stm32l1xx_hal.o(i.HAL_Init) refers to stm32l1xx_hal_cortex.o(i.HAL_NVIC_SetPriorityGrouping) for HAL_NVIC_SetPriorityGrouping
    stm32l1xx_hal.o(i.HAL_Init) refers to stm32l1xx_hal.o(i.HAL_InitTick) for HAL_InitTick
    stm32l1xx_hal.o(i.HAL_Init) refers to stm32l1xx_hal_msp.o(i.HAL_MspInit) for HAL_MspInit
    stm32l1xx_hal.o(i.HAL_InitTick) refers to stm32l1xx_hal_cortex.o(i.HAL_SYSTICK_Config) for HAL_SYSTICK_Config
    stm32l1xx_hal.o(i.HAL_InitTick) refers to stm32l1xx_hal_cortex.o(i.HAL_NVIC_SetPriority) for HAL_NVIC_SetPriority
    stm32l1xx_hal.o(i.HAL_InitTick) refers to system_stm32l1xx.o(.data) for SystemCoreClock
    stm32l1xx_hal_rcc.o(i.HAL_RCC_ClockConfig) refers to stm32l1xx_hal.o(i.HAL_GetTick) for HAL_GetTick
    stm32l1xx_hal_rcc.o(i.HAL_RCC_ClockConfig) refers to stm32l1xx_hal_rcc.o(i.HAL_RCC_GetSysClockFreq) for HAL_RCC_GetSysClockFreq
    stm32l1xx_hal_rcc.o(i.HAL_RCC_ClockConfig) refers to stm32l1xx_hal.o(i.HAL_InitTick) for HAL_InitTick
    stm32l1xx_hal_rcc.o(i.HAL_RCC_ClockConfig) refers to system_stm32l1xx.o(.constdata) for AHBPrescTable
    stm32l1xx_hal_rcc.o(i.HAL_RCC_ClockConfig) refers to system_stm32l1xx.o(.data) for SystemCoreClock
    stm32l1xx_hal_rcc.o(i.HAL_RCC_DeInit) refers to system_stm32l1xx.o(.data) for SystemCoreClock
    stm32l1xx_hal_rcc.o(i.HAL_RCC_GetHCLKFreq) refers to system_stm32l1xx.o(.data) for SystemCoreClock
    stm32l1xx_hal_rcc.o(i.HAL_RCC_GetPCLK1Freq) refers to system_stm32l1xx.o(.data) for SystemCoreClock
    stm32l1xx_hal_rcc.o(i.HAL_RCC_GetPCLK1Freq) refers to system_stm32l1xx.o(.constdata) for APBPrescTable
    stm32l1xx_hal_rcc.o(i.HAL_RCC_GetPCLK2Freq) refers to system_stm32l1xx.o(.data) for SystemCoreClock
    stm32l1xx_hal_rcc.o(i.HAL_RCC_GetPCLK2Freq) refers to system_stm32l1xx.o(.constdata) for APBPrescTable
    stm32l1xx_hal_rcc.o(i.HAL_RCC_GetSysClockFreq) refers to system_stm32l1xx.o(.constdata) for PLLMulTable
    stm32l1xx_hal_rcc.o(i.HAL_RCC_MCOConfig) refers to stm32l1xx_hal_gpio.o(i.HAL_GPIO_Init) for HAL_GPIO_Init
    stm32l1xx_hal_rcc.o(i.HAL_RCC_NMI_IRQHandler) refers to stm32l1xx_hal_rcc.o(i.HAL_RCC_CSSCallback) for HAL_RCC_CSSCallback
    stm32l1xx_hal_rcc.o(i.HAL_RCC_OscConfig) refers to stm32l1xx_hal.o(i.HAL_GetTick) for HAL_GetTick
    stm32l1xx_hal_rcc.o(i.HAL_RCC_OscConfig) refers to stm32l1xx_hal_rcc.o(i.RCC_SetFlashLatencyFromMSIRange) for RCC_SetFlashLatencyFromMSIRange
    stm32l1xx_hal_rcc.o(i.HAL_RCC_OscConfig) refers to stm32l1xx_hal.o(i.HAL_InitTick) for HAL_InitTick
    stm32l1xx_hal_rcc.o(i.HAL_RCC_OscConfig) refers to system_stm32l1xx.o(.constdata) for AHBPrescTable
    stm32l1xx_hal_rcc.o(i.HAL_RCC_OscConfig) refers to system_stm32l1xx.o(.data) for SystemCoreClock
    stm32l1xx_hal_rcc_ex.o(i.HAL_RCCEx_LSECSS_IRQHandler) refers to stm32l1xx_hal_rcc_ex.o(i.HAL_RCCEx_LSECSS_Callback) for HAL_RCCEx_LSECSS_Callback
    stm32l1xx_hal_rcc_ex.o(i.HAL_RCCEx_PeriphCLKConfig) refers to stm32l1xx_hal.o(i.HAL_GetTick) for HAL_GetTick
    stm32l1xx_hal_flash.o(i.FLASH_SetErrorCode) refers to stm32l1xx_hal_flash.o(.bss) for .bss
    stm32l1xx_hal_flash.o(i.FLASH_WaitForLastOperation) refers to stm32l1xx_hal.o(i.HAL_GetTick) for HAL_GetTick
    stm32l1xx_hal_flash.o(i.FLASH_WaitForLastOperation) refers to stm32l1xx_hal_flash.o(i.FLASH_SetErrorCode) for FLASH_SetErrorCode
    stm32l1xx_hal_flash.o(i.HAL_FLASH_GetError) refers to stm32l1xx_hal_flash.o(.bss) for .bss
    stm32l1xx_hal_flash.o(i.HAL_FLASH_IRQHandler) refers to stm32l1xx_hal_flash.o(i.FLASH_SetErrorCode) for FLASH_SetErrorCode
    stm32l1xx_hal_flash.o(i.HAL_FLASH_IRQHandler) refers to stm32l1xx_hal_flash.o(i.HAL_FLASH_OperationErrorCallback) for HAL_FLASH_OperationErrorCallback
    stm32l1xx_hal_flash.o(i.HAL_FLASH_IRQHandler) refers to stm32l1xx_hal_flash.o(i.HAL_FLASH_EndOfOperationCallback) for HAL_FLASH_EndOfOperationCallback
    stm32l1xx_hal_flash.o(i.HAL_FLASH_IRQHandler) refers to stm32l1xx_hal_flash_ex.o(i.FLASH_PageErase) for FLASH_PageErase
    stm32l1xx_hal_flash.o(i.HAL_FLASH_IRQHandler) refers to stm32l1xx_hal_flash.o(.bss) for .bss
    stm32l1xx_hal_flash.o(i.HAL_FLASH_OB_Launch) refers to stm32l1xx_hal_flash.o(i.FLASH_WaitForLastOperation) for FLASH_WaitForLastOperation
    stm32l1xx_hal_flash.o(i.HAL_FLASH_Program) refers to stm32l1xx_hal_flash.o(i.FLASH_WaitForLastOperation) for FLASH_WaitForLastOperation
    stm32l1xx_hal_flash.o(i.HAL_FLASH_Program) refers to stm32l1xx_hal_flash.o(.bss) for .bss
    stm32l1xx_hal_flash.o(i.HAL_FLASH_Program_IT) refers to stm32l1xx_hal_flash.o(.bss) for .bss
    stm32l1xx_hal_flash_ex.o(i.FLASH_OB_WRPConfig) refers to stm32l1xx_hal_flash.o(i.FLASH_WaitForLastOperation) for FLASH_WaitForLastOperation
    stm32l1xx_hal_flash_ex.o(i.FLASH_OB_WRPConfig) refers to stm32l1xx_hal_flash.o(.bss) for pFlash
    stm32l1xx_hal_flash_ex.o(i.FLASH_PageErase) refers to stm32l1xx_hal_flash.o(.bss) for pFlash
    stm32l1xx_hal_flash_ex.o(i.HAL_FLASHEx_AdvOBProgram) refers to stm32l1xx_hal_flash.o(i.FLASH_WaitForLastOperation) for FLASH_WaitForLastOperation
    stm32l1xx_hal_flash_ex.o(i.HAL_FLASHEx_AdvOBProgram) refers to stm32l1xx_hal_flash.o(.bss) for pFlash
    stm32l1xx_hal_flash_ex.o(i.HAL_FLASHEx_DATAEEPROM_Erase) refers to stm32l1xx_hal_flash.o(i.FLASH_WaitForLastOperation) for FLASH_WaitForLastOperation
    stm32l1xx_hal_flash_ex.o(i.HAL_FLASHEx_DATAEEPROM_Erase) refers to stm32l1xx_hal_flash.o(.bss) for pFlash
    stm32l1xx_hal_flash_ex.o(i.HAL_FLASHEx_DATAEEPROM_Program) refers to stm32l1xx_hal_flash.o(i.FLASH_WaitForLastOperation) for FLASH_WaitForLastOperation
    stm32l1xx_hal_flash_ex.o(i.HAL_FLASHEx_DATAEEPROM_Program) refers to stm32l1xx_hal_flash.o(.bss) for pFlash
    stm32l1xx_hal_flash_ex.o(i.HAL_FLASHEx_Erase) refers to stm32l1xx_hal_flash.o(i.FLASH_WaitForLastOperation) for FLASH_WaitForLastOperation
    stm32l1xx_hal_flash_ex.o(i.HAL_FLASHEx_Erase) refers to stm32l1xx_hal_flash_ex.o(i.FLASH_PageErase) for FLASH_PageErase
    stm32l1xx_hal_flash_ex.o(i.HAL_FLASHEx_Erase) refers to stm32l1xx_hal_flash.o(.bss) for pFlash
    stm32l1xx_hal_flash_ex.o(i.HAL_FLASHEx_Erase_IT) refers to stm32l1xx_hal_flash.o(i.FLASH_WaitForLastOperation) for FLASH_WaitForLastOperation
    stm32l1xx_hal_flash_ex.o(i.HAL_FLASHEx_Erase_IT) refers to stm32l1xx_hal_flash_ex.o(i.FLASH_PageErase) for FLASH_PageErase
    stm32l1xx_hal_flash_ex.o(i.HAL_FLASHEx_Erase_IT) refers to stm32l1xx_hal_flash.o(.bss) for pFlash
    stm32l1xx_hal_flash_ex.o(i.HAL_FLASHEx_OBProgram) refers to stm32l1xx_hal_flash_ex.o(i.FLASH_OB_WRPConfig) for FLASH_OB_WRPConfig
    stm32l1xx_hal_flash_ex.o(i.HAL_FLASHEx_OBProgram) refers to stm32l1xx_hal_flash.o(i.FLASH_WaitForLastOperation) for FLASH_WaitForLastOperation
    stm32l1xx_hal_flash_ex.o(i.HAL_FLASHEx_OBProgram) refers to stm32l1xx_hal_flash.o(.bss) for pFlash
    stm32l1xx_hal_flash_ramfunc.o(i.FLASHRAM_SetErrorCode) refers to stm32l1xx_hal_flash.o(.bss) for pFlash
    stm32l1xx_hal_flash_ramfunc.o(i.FLASHRAM_WaitForLastOperation) refers to stm32l1xx_hal_flash_ramfunc.o(i.FLASHRAM_SetErrorCode) for FLASHRAM_SetErrorCode
    stm32l1xx_hal_flash_ramfunc.o(i.HAL_FLASHEx_DATAEEPROM_EraseDoubleWord) refers to stm32l1xx_hal_flash_ramfunc.o(i.FLASHRAM_WaitForLastOperation) for FLASHRAM_WaitForLastOperation
    stm32l1xx_hal_flash_ramfunc.o(i.HAL_FLASHEx_DATAEEPROM_ProgramDoubleWord) refers to stm32l1xx_hal_flash_ramfunc.o(i.FLASHRAM_WaitForLastOperation) for FLASHRAM_WaitForLastOperation
    stm32l1xx_hal_flash_ramfunc.o(i.HAL_FLASHEx_EraseParallelPage) refers to stm32l1xx_hal_flash_ramfunc.o(i.FLASHRAM_WaitForLastOperation) for FLASHRAM_WaitForLastOperation
    stm32l1xx_hal_flash_ramfunc.o(i.HAL_FLASHEx_GetError) refers to stm32l1xx_hal_flash.o(.bss) for pFlash
    stm32l1xx_hal_flash_ramfunc.o(i.HAL_FLASHEx_HalfPageProgram) refers to stm32l1xx_hal_flash_ramfunc.o(i.FLASHRAM_WaitForLastOperation) for FLASHRAM_WaitForLastOperation
    stm32l1xx_hal_flash_ramfunc.o(i.HAL_FLASHEx_ProgramParallelHalfPage) refers to stm32l1xx_hal_flash_ramfunc.o(i.FLASHRAM_WaitForLastOperation) for FLASHRAM_WaitForLastOperation
    stm32l1xx_hal_gpio.o(i.HAL_GPIO_EXTI_IRQHandler) refers to stm32l1xx_hal_gpio.o(i.HAL_GPIO_EXTI_Callback) for HAL_GPIO_EXTI_Callback
    stm32l1xx_hal_dma.o(i.HAL_DMA_PollForTransfer) refers to stm32l1xx_hal.o(i.HAL_GetTick) for HAL_GetTick
    stm32l1xx_hal_dma.o(i.HAL_DMA_Start) refers to stm32l1xx_hal_dma.o(i.DMA_SetConfig) for DMA_SetConfig
    stm32l1xx_hal_dma.o(i.HAL_DMA_Start_IT) refers to stm32l1xx_hal_dma.o(i.DMA_SetConfig) for DMA_SetConfig
    stm32l1xx_hal_pwr.o(i.HAL_PWR_PVD_IRQHandler) refers to stm32l1xx_hal_pwr.o(i.HAL_PWR_PVDCallback) for HAL_PWR_PVDCallback
    stm32l1xx_hal_cortex.o(i.HAL_NVIC_SetPriority) refers to stm32l1xx_hal_cortex.o(i.NVIC_SetPriority) for NVIC_SetPriority
    stm32l1xx_hal_cortex.o(i.HAL_SYSTICK_Config) refers to stm32l1xx_hal_cortex.o(i.NVIC_SetPriority) for NVIC_SetPriority
    stm32l1xx_hal_cortex.o(i.HAL_SYSTICK_IRQHandler) refers to stm32l1xx_hal_cortex.o(i.HAL_SYSTICK_Callback) for HAL_SYSTICK_Callback
    stm32l1xx_hal_uart.o(i.HAL_HalfDuplex_Init) refers to stm32l1xx_hal_msp.o(i.HAL_UART_MspInit) for HAL_UART_MspInit
    stm32l1xx_hal_uart.o(i.HAL_HalfDuplex_Init) refers to stm32l1xx_hal_uart.o(i.UART_SetConfig) for UART_SetConfig
    stm32l1xx_hal_uart.o(i.HAL_LIN_Init) refers to stm32l1xx_hal_msp.o(i.HAL_UART_MspInit) for HAL_UART_MspInit
    stm32l1xx_hal_uart.o(i.HAL_LIN_Init) refers to stm32l1xx_hal_uart.o(i.UART_SetConfig) for UART_SetConfig
    stm32l1xx_hal_uart.o(i.HAL_MultiProcessor_Init) refers to stm32l1xx_hal_msp.o(i.HAL_UART_MspInit) for HAL_UART_MspInit
    stm32l1xx_hal_uart.o(i.HAL_MultiProcessor_Init) refers to stm32l1xx_hal_uart.o(i.UART_SetConfig) for UART_SetConfig
    stm32l1xx_hal_uart.o(i.HAL_UART_DMAStop) refers to stm32l1xx_hal_dma.o(i.HAL_DMA_Abort) for HAL_DMA_Abort
    stm32l1xx_hal_uart.o(i.HAL_UART_DeInit) refers to stm32l1xx_hal_msp.o(i.HAL_UART_MspDeInit) for HAL_UART_MspDeInit
    stm32l1xx_hal_uart.o(i.HAL_UART_IRQHandler) refers to stm32l1xx_hal_uart.o(i.UART_Receive_IT) for UART_Receive_IT
    stm32l1xx_hal_uart.o(i.HAL_UART_IRQHandler) refers to stm32l1xx_hal_uart.o(i.UART_Transmit_IT) for UART_Transmit_IT
    stm32l1xx_hal_uart.o(i.HAL_UART_IRQHandler) refers to stm32l1xx_hal_uart.o(i.HAL_UART_TxCpltCallback) for HAL_UART_TxCpltCallback
    stm32l1xx_hal_uart.o(i.HAL_UART_IRQHandler) refers to stm32l1xx_hal_uart.o(i.HAL_UART_ErrorCallback) for HAL_UART_ErrorCallback
    stm32l1xx_hal_uart.o(i.HAL_UART_Init) refers to stm32l1xx_hal_msp.o(i.HAL_UART_MspInit) for HAL_UART_MspInit
    stm32l1xx_hal_uart.o(i.HAL_UART_Init) refers to stm32l1xx_hal_uart.o(i.UART_SetConfig) for UART_SetConfig
    stm32l1xx_hal_uart.o(i.HAL_UART_Receive) refers to stm32l1xx_hal_uart.o(i.UART_WaitOnFlagUntilTimeout) for UART_WaitOnFlagUntilTimeout
    stm32l1xx_hal_uart.o(i.HAL_UART_Receive_DMA) refers to stm32l1xx_hal_dma.o(i.HAL_DMA_Start_IT) for HAL_DMA_Start_IT
    stm32l1xx_hal_uart.o(i.HAL_UART_Receive_DMA) refers to stm32l1xx_hal_uart.o(i.UART_DMAReceiveCplt) for UART_DMAReceiveCplt
    stm32l1xx_hal_uart.o(i.HAL_UART_Receive_DMA) refers to stm32l1xx_hal_uart.o(i.UART_DMARxHalfCplt) for UART_DMARxHalfCplt
    stm32l1xx_hal_uart.o(i.HAL_UART_Receive_DMA) refers to stm32l1xx_hal_uart.o(i.UART_DMAError) for UART_DMAError
    stm32l1xx_hal_uart.o(i.HAL_UART_Transmit) refers to stm32l1xx_hal_uart.o(i.UART_WaitOnFlagUntilTimeout) for UART_WaitOnFlagUntilTimeout
    stm32l1xx_hal_uart.o(i.HAL_UART_Transmit_DMA) refers to stm32l1xx_hal_dma.o(i.HAL_DMA_Start_IT) for HAL_DMA_Start_IT
    stm32l1xx_hal_uart.o(i.HAL_UART_Transmit_DMA) refers to stm32l1xx_hal_uart.o(i.UART_DMATransmitCplt) for UART_DMATransmitCplt
    stm32l1xx_hal_uart.o(i.HAL_UART_Transmit_DMA) refers to stm32l1xx_hal_uart.o(i.UART_DMATxHalfCplt) for UART_DMATxHalfCplt
    stm32l1xx_hal_uart.o(i.HAL_UART_Transmit_DMA) refers to stm32l1xx_hal_uart.o(i.UART_DMAError) for UART_DMAError
    stm32l1xx_hal_uart.o(i.UART_DMAError) refers to stm32l1xx_hal_uart.o(i.HAL_UART_ErrorCallback) for HAL_UART_ErrorCallback
    stm32l1xx_hal_uart.o(i.UART_DMAReceiveCplt) refers to stm32l1xx_hal_uart.o(i.HAL_UART_RxCpltCallback) for HAL_UART_RxCpltCallback
    stm32l1xx_hal_uart.o(i.UART_DMARxHalfCplt) refers to stm32l1xx_hal_uart.o(i.HAL_UART_RxHalfCpltCallback) for HAL_UART_RxHalfCpltCallback
    stm32l1xx_hal_uart.o(i.UART_DMATransmitCplt) refers to stm32l1xx_hal_uart.o(i.HAL_UART_TxCpltCallback) for HAL_UART_TxCpltCallback
    stm32l1xx_hal_uart.o(i.UART_DMATxHalfCplt) refers to stm32l1xx_hal_uart.o(i.HAL_UART_TxHalfCpltCallback) for HAL_UART_TxHalfCpltCallback
    stm32l1xx_hal_uart.o(i.UART_Receive_IT) refers to stm32l1xx_hal_uart.o(i.HAL_UART_RxCpltCallback) for HAL_UART_RxCpltCallback
    stm32l1xx_hal_uart.o(i.UART_SetConfig) refers to stm32l1xx_hal_rcc.o(i.HAL_RCC_GetPCLK2Freq) for HAL_RCC_GetPCLK2Freq
    stm32l1xx_hal_uart.o(i.UART_SetConfig) refers to stm32l1xx_hal_rcc.o(i.HAL_RCC_GetPCLK1Freq) for HAL_RCC_GetPCLK1Freq
    stm32l1xx_hal_uart.o(i.UART_WaitOnFlagUntilTimeout) refers to stm32l1xx_hal.o(i.HAL_GetTick) for HAL_GetTick
    system_stm32l1xx.o(i.SystemCoreClockUpdate) refers to system_stm32l1xx.o(.data) for .data
    system_stm32l1xx.o(i.SystemCoreClockUpdate) refers to system_stm32l1xx.o(.constdata) for .constdata
    entry.o(.ARM.Collect$$$$00000000) refers (Special) to entry10a.o(.ARM.Collect$$$$0000000D) for __rt_final_cpp
    entry.o(.ARM.Collect$$$$00000000) refers (Special) to entry11a.o(.ARM.Collect$$$$0000000F) for __rt_final_exit
    entry.o(.ARM.Collect$$$$00000000) refers (Special) to entry7b.o(.ARM.Collect$$$$00000008) for _main_clock
    entry.o(.ARM.Collect$$$$00000000) refers (Special) to entry8b.o(.ARM.Collect$$$$0000000A) for _main_cpp_init
    entry.o(.ARM.Collect$$$$00000000) refers (Special) to entry9a.o(.ARM.Collect$$$$0000000B) for _main_init
    entry.o(.ARM.Collect$$$$00000000) refers (Special) to entry5.o(.ARM.Collect$$$$00000004) for _main_scatterload
    entry.o(.ARM.Collect$$$$00000000) refers (Special) to entry2.o(.ARM.Collect$$$$00000001) for _main_stk
    uldiv.o(.text) refers to llushr.o(.text) for __aeabi_llsr
    uldiv.o(.text) refers to llshl.o(.text) for __aeabi_llsl
    dadd.o(.text) refers (Special) to iusefp.o(.text) for __I$use$fp
    dadd.o(.text) refers to llshl.o(.text) for __aeabi_llsl
    dadd.o(.text) refers to llsshr.o(.text) for __aeabi_lasr
    dadd.o(.text) refers to depilogue.o(.text) for _double_epilogue
    dmul.o(.text) refers (Special) to iusefp.o(.text) for __I$use$fp
    dmul.o(.text) refers to depilogue.o(.text) for _double_epilogue
    dflti.o(.text) refers (Special) to iusefp.o(.text) for __I$use$fp
    dflti.o(.text) refers to depilogue.o(.text) for _double_epilogue
    dfltui.o(.text) refers (Special) to iusefp.o(.text) for __I$use$fp
    dfltui.o(.text) refers to depilogue.o(.text) for _double_epilogue
    dfixui.o(.text) refers (Special) to iusefp.o(.text) for __I$use$fp
    dfixui.o(.text) refers to llushr.o(.text) for __aeabi_llsr
    dfixul.o(.text) refers (Special) to iusefp.o(.text) for __I$use$fp
    dfixul.o(.text) refers to llushr.o(.text) for __aeabi_llsr
    dfixul.o(.text) refers to llshl.o(.text) for __aeabi_llsl
    cdrcmple.o(.text) refers (Special) to iusefp.o(.text) for __I$use$fp
    entry2.o(.ARM.Collect$$$$00000001) refers to entry2.o(.ARM.Collect$$$$00002712) for __lit__00000000
    entry2.o(.ARM.Collect$$$$00002712) refers to startup_stm32l152xe.o(STACK) for __initial_sp
    entry2.o(__vectab_stack_and_reset_area) refers to startup_stm32l152xe.o(STACK) for __initial_sp
    entry2.o(__vectab_stack_and_reset_area) refers to entry.o(.ARM.Collect$$$$00000000) for __main
    entry5.o(.ARM.Collect$$$$00000004) refers to init.o(.text) for __scatterload
    entry9a.o(.ARM.Collect$$$$0000000B) refers to main.o(i.main) for main
    entry9b.o(.ARM.Collect$$$$0000000C) refers to main.o(i.main) for main
    depilogue.o(.text) refers to llshl.o(.text) for __aeabi_llsl
    depilogue.o(.text) refers to llushr.o(.text) for __aeabi_llsr
    init.o(.text) refers to entry5.o(.ARM.Collect$$$$00000004) for __main_after_scatterload


==============================================================================

Removing Unused input sections from the image.

    Removing startup_stm32l152xe.o(HEAP), (512 bytes).
    Removing dateconversion.o(i.JD_2_H_M_S), (176 bytes).
    Removing dateconversion.o(i.JD_2_days), (56 bytes).
    Removing dateconversion.o(i.JD_2_year), (132 bytes).
    Removing dateconversion.o(i.bytes_to_double), (8 bytes).
    Removing dateconversion.o(i.bytes_to_float), (10 bytes).
    Removing dateconversion.o(i.double_to_unsigned), (2 bytes).
    Removing spi_fram.o(.rev16_text), (4 bytes).
    Removing spi_fram.o(.revsh_text), (4 bytes).
    Removing spi_fram.o(.rrx_text), (6 bytes).
    Removing spi_fram.o(i.Free_Lock), (16 bytes).
    Removing spi_fram.o(i.SPI_FRAM_Read), (140 bytes).
    Removing main.o(.rev16_text), (4 bytes).
    Removing main.o(.revsh_text), (4 bytes).
    Removing main.o(.rrx_text), (6 bytes).
    Removing main.o(i.Error_Handler), (2 bytes).
    Removing stm32l1xx_it.o(.rev16_text), (4 bytes).
    Removing stm32l1xx_it.o(.revsh_text), (4 bytes).
    Removing stm32l1xx_it.o(.rrx_text), (6 bytes).
    Removing stm32l1xx_hal_msp.o(.rev16_text), (4 bytes).
    Removing stm32l1xx_hal_msp.o(.revsh_text), (4 bytes).
    Removing stm32l1xx_hal_msp.o(.rrx_text), (6 bytes).
    Removing stm32l1xx_hal_msp.o(i.HAL_SPI_MspDeInit), (40 bytes).
    Removing stm32l1xx_hal_msp.o(i.HAL_UART_MspDeInit), (40 bytes).
    Removing stm32l1xx_hal_spi_ex.o(.rev16_text), (4 bytes).
    Removing stm32l1xx_hal_spi_ex.o(.revsh_text), (4 bytes).
    Removing stm32l1xx_hal_spi_ex.o(.rrx_text), (6 bytes).
    Removing stm32l1xx_hal_spi.o(.rev16_text), (4 bytes).
    Removing stm32l1xx_hal_spi.o(.revsh_text), (4 bytes).
    Removing stm32l1xx_hal_spi.o(.rrx_text), (6 bytes).
    Removing stm32l1xx_hal_spi.o(i.HAL_SPI_DMAPause), (48 bytes).
    Removing stm32l1xx_hal_spi.o(i.HAL_SPI_DMAResume), (48 bytes).
    Removing stm32l1xx_hal_spi.o(i.HAL_SPI_DMAStop), (50 bytes).
    Removing stm32l1xx_hal_spi.o(i.HAL_SPI_DeInit), (40 bytes).
    Removing stm32l1xx_hal_spi.o(i.HAL_SPI_ErrorCallback), (2 bytes).
    Removing stm32l1xx_hal_spi.o(i.HAL_SPI_GetError), (4 bytes).
    Removing stm32l1xx_hal_spi.o(i.HAL_SPI_GetState), (6 bytes).
    Removing stm32l1xx_hal_spi.o(i.HAL_SPI_IRQHandler), (196 bytes).
    Removing stm32l1xx_hal_spi.o(i.HAL_SPI_Init), (4 bytes).
    Removing stm32l1xx_hal_spi.o(i.HAL_SPI_MspDeInit), (2 bytes).
    Removing stm32l1xx_hal_spi.o(i.HAL_SPI_MspInit), (2 bytes).
    Removing stm32l1xx_hal_spi.o(i.HAL_SPI_Receive), (472 bytes).
    Removing stm32l1xx_hal_spi.o(i.HAL_SPI_Receive_DMA), (224 bytes).
    Removing stm32l1xx_hal_spi.o(i.HAL_SPI_Receive_IT), (180 bytes).
    Removing stm32l1xx_hal_spi.o(i.HAL_SPI_RxCpltCallback), (2 bytes).
    Removing stm32l1xx_hal_spi.o(i.HAL_SPI_RxHalfCpltCallback), (2 bytes).
    Removing stm32l1xx_hal_spi.o(i.HAL_SPI_TransmitReceive), (690 bytes).
    Removing stm32l1xx_hal_spi.o(i.HAL_SPI_TransmitReceive_DMA), (272 bytes).
    Removing stm32l1xx_hal_spi.o(i.HAL_SPI_TransmitReceive_IT), (172 bytes).
    Removing stm32l1xx_hal_spi.o(i.HAL_SPI_Transmit_DMA), (192 bytes).
    Removing stm32l1xx_hal_spi.o(i.HAL_SPI_Transmit_IT), (164 bytes).
    Removing stm32l1xx_hal_spi.o(i.HAL_SPI_TxCpltCallback), (2 bytes).
    Removing stm32l1xx_hal_spi.o(i.HAL_SPI_TxHalfCpltCallback), (2 bytes).
    Removing stm32l1xx_hal_spi.o(i.HAL_SPI_TxRxCpltCallback), (2 bytes).
    Removing stm32l1xx_hal_spi.o(i.HAL_SPI_TxRxHalfCpltCallback), (2 bytes).
    Removing stm32l1xx_hal_spi.o(i.SPI_2LinesRxISR), (44 bytes).
    Removing stm32l1xx_hal_spi.o(i.SPI_DMAError), (30 bytes).
    Removing stm32l1xx_hal_spi.o(i.SPI_DMAHalfReceiveCplt), (10 bytes).
    Removing stm32l1xx_hal_spi.o(i.SPI_DMAHalfTransmitCplt), (10 bytes).
    Removing stm32l1xx_hal_spi.o(i.SPI_DMAHalfTransmitReceiveCplt), (10 bytes).
    Removing stm32l1xx_hal_spi.o(i.SPI_DMAReceiveCplt), (186 bytes).
    Removing stm32l1xx_hal_spi.o(i.SPI_DMATransmitCplt), (108 bytes).
    Removing stm32l1xx_hal_spi.o(i.SPI_DMATransmitReceiveCplt), (190 bytes).
    Removing stm32l1xx_hal_spi.o(i.SPI_RxCloseIRQHandler), (214 bytes).
    Removing stm32l1xx_hal_spi.o(i.SPI_RxISR), (70 bytes).
    Removing stm32l1xx_hal_spi.o(i.SPI_TxCloseIRQHandler), (130 bytes).
    Removing stm32l1xx_hal_spi.o(i.SPI_TxISR), (66 bytes).
    Removing stm32l1xx_hal.o(.rev16_text), (4 bytes).
    Removing stm32l1xx_hal.o(.revsh_text), (4 bytes).
    Removing stm32l1xx_hal.o(.rrx_text), (6 bytes).
    Removing stm32l1xx_hal.o(i.HAL_DBGMCU_DisableDBGSleepMode), (16 bytes).
    Removing stm32l1xx_hal.o(i.HAL_DBGMCU_DisableDBGStandbyMode), (16 bytes).
    Removing stm32l1xx_hal.o(i.HAL_DBGMCU_DisableDBGStopMode), (16 bytes).
    Removing stm32l1xx_hal.o(i.HAL_DBGMCU_EnableDBGSleepMode), (16 bytes).
    Removing stm32l1xx_hal.o(i.HAL_DBGMCU_EnableDBGStandbyMode), (16 bytes).
    Removing stm32l1xx_hal.o(i.HAL_DBGMCU_EnableDBGStopMode), (16 bytes).
    Removing stm32l1xx_hal.o(i.HAL_DeInit), (40 bytes).
    Removing stm32l1xx_hal.o(i.HAL_GetDEVID), (16 bytes).
    Removing stm32l1xx_hal.o(i.HAL_GetHalVersion), (8 bytes).
    Removing stm32l1xx_hal.o(i.HAL_GetREVID), (12 bytes).
    Removing stm32l1xx_hal.o(i.HAL_MspDeInit), (2 bytes).
    Removing stm32l1xx_hal.o(i.HAL_MspInit), (2 bytes).
    Removing stm32l1xx_hal.o(i.HAL_ResumeTick), (14 bytes).
    Removing stm32l1xx_hal.o(i.HAL_SuspendTick), (14 bytes).
    Removing stm32l1xx_hal_rcc.o(.rev16_text), (4 bytes).
    Removing stm32l1xx_hal_rcc.o(.revsh_text), (4 bytes).
    Removing stm32l1xx_hal_rcc.o(.rrx_text), (6 bytes).
    Removing stm32l1xx_hal_rcc.o(i.HAL_RCC_CSSCallback), (2 bytes).
    Removing stm32l1xx_hal_rcc.o(i.HAL_RCC_DeInit), (112 bytes).
    Removing stm32l1xx_hal_rcc.o(i.HAL_RCC_DisableCSS), (28 bytes).
    Removing stm32l1xx_hal_rcc.o(i.HAL_RCC_EnableCSS), (24 bytes).
    Removing stm32l1xx_hal_rcc.o(i.HAL_RCC_GetClockConfig), (64 bytes).
    Removing stm32l1xx_hal_rcc.o(i.HAL_RCC_GetHCLKFreq), (12 bytes).
    Removing stm32l1xx_hal_rcc.o(i.HAL_RCC_GetOscConfig), (208 bytes).
    Removing stm32l1xx_hal_rcc.o(i.HAL_RCC_MCOConfig), (80 bytes).
    Removing stm32l1xx_hal_rcc.o(i.HAL_RCC_NMI_IRQHandler), (28 bytes).
    Removing stm32l1xx_hal_rcc_ex.o(.rev16_text), (4 bytes).
    Removing stm32l1xx_hal_rcc_ex.o(.revsh_text), (4 bytes).
    Removing stm32l1xx_hal_rcc_ex.o(.rrx_text), (6 bytes).
    Removing stm32l1xx_hal_rcc_ex.o(i.HAL_RCCEx_DisableLSECSS), (44 bytes).
    Removing stm32l1xx_hal_rcc_ex.o(i.HAL_RCCEx_EnableLSECSS), (28 bytes).
    Removing stm32l1xx_hal_rcc_ex.o(i.HAL_RCCEx_EnableLSECSS_IT), (68 bytes).
    Removing stm32l1xx_hal_rcc_ex.o(i.HAL_RCCEx_GetPeriphCLKConfig), (44 bytes).
    Removing stm32l1xx_hal_rcc_ex.o(i.HAL_RCCEx_GetPeriphCLKFreq), (132 bytes).
    Removing stm32l1xx_hal_rcc_ex.o(i.HAL_RCCEx_LSECSS_Callback), (2 bytes).
    Removing stm32l1xx_hal_rcc_ex.o(i.HAL_RCCEx_LSECSS_IRQHandler), (28 bytes).
    Removing stm32l1xx_hal_rcc_ex.o(i.HAL_RCCEx_PeriphCLKConfig), (392 bytes).
    Removing stm32l1xx_hal_flash.o(.rev16_text), (4 bytes).
    Removing stm32l1xx_hal_flash.o(.revsh_text), (4 bytes).
    Removing stm32l1xx_hal_flash.o(.rrx_text), (6 bytes).
    Removing stm32l1xx_hal_flash.o(i.FLASH_SetErrorCode), (88 bytes).
    Removing stm32l1xx_hal_flash.o(i.FLASH_WaitForLastOperation), (92 bytes).
    Removing stm32l1xx_hal_flash.o(i.HAL_FLASH_EndOfOperationCallback), (2 bytes).
    Removing stm32l1xx_hal_flash.o(i.HAL_FLASH_GetError), (12 bytes).
    Removing stm32l1xx_hal_flash.o(i.HAL_FLASH_IRQHandler), (212 bytes).
    Removing stm32l1xx_hal_flash.o(i.HAL_FLASH_Lock), (20 bytes).
    Removing stm32l1xx_hal_flash.o(i.HAL_FLASH_OB_Launch), (24 bytes).
    Removing stm32l1xx_hal_flash.o(i.HAL_FLASH_OB_Lock), (20 bytes).
    Removing stm32l1xx_hal_flash.o(i.HAL_FLASH_OB_Unlock), (68 bytes).
    Removing stm32l1xx_hal_flash.o(i.HAL_FLASH_OperationErrorCallback), (2 bytes).
    Removing stm32l1xx_hal_flash.o(i.HAL_FLASH_Program), (60 bytes).
    Removing stm32l1xx_hal_flash.o(i.HAL_FLASH_Program_IT), (60 bytes).
    Removing stm32l1xx_hal_flash.o(i.HAL_FLASH_Unlock), (68 bytes).
    Removing stm32l1xx_hal_flash.o(.bss), (24 bytes).
    Removing stm32l1xx_hal_flash_ex.o(.rev16_text), (4 bytes).
    Removing stm32l1xx_hal_flash_ex.o(.revsh_text), (4 bytes).
    Removing stm32l1xx_hal_flash_ex.o(.rrx_text), (6 bytes).
    Removing stm32l1xx_hal_flash_ex.o(i.FLASH_OB_WRPConfig), (248 bytes).
    Removing stm32l1xx_hal_flash_ex.o(i.FLASH_PageErase), (40 bytes).
    Removing stm32l1xx_hal_flash_ex.o(i.HAL_FLASHEx_AdvOBGetConfig), (24 bytes).
    Removing stm32l1xx_hal_flash_ex.o(i.HAL_FLASHEx_AdvOBProgram), (72 bytes).
    Removing stm32l1xx_hal_flash_ex.o(i.HAL_FLASHEx_DATAEEPROM_DisableFixedTimeProgram), (16 bytes).
    Removing stm32l1xx_hal_flash_ex.o(i.HAL_FLASHEx_DATAEEPROM_EnableFixedTimeProgram), (16 bytes).
    Removing stm32l1xx_hal_flash_ex.o(i.HAL_FLASHEx_DATAEEPROM_Erase), (64 bytes).
    Removing stm32l1xx_hal_flash_ex.o(i.HAL_FLASHEx_DATAEEPROM_Lock), (20 bytes).
    Removing stm32l1xx_hal_flash_ex.o(i.HAL_FLASHEx_DATAEEPROM_Program), (224 bytes).
    Removing stm32l1xx_hal_flash_ex.o(i.HAL_FLASHEx_DATAEEPROM_Unlock), (40 bytes).
    Removing stm32l1xx_hal_flash_ex.o(i.HAL_FLASHEx_Erase), (128 bytes).
    Removing stm32l1xx_hal_flash_ex.o(i.HAL_FLASHEx_Erase_IT), (88 bytes).
    Removing stm32l1xx_hal_flash_ex.o(i.HAL_FLASHEx_OBGetConfig), (68 bytes).
    Removing stm32l1xx_hal_flash_ex.o(i.HAL_FLASHEx_OBProgram), (240 bytes).
    Removing stm32l1xx_hal_flash_ramfunc.o(.rev16_text), (4 bytes).
    Removing stm32l1xx_hal_flash_ramfunc.o(.revsh_text), (4 bytes).
    Removing stm32l1xx_hal_flash_ramfunc.o(.rrx_text), (6 bytes).
    Removing stm32l1xx_hal_flash_ramfunc.o(i.FLASHRAM_SetErrorCode), (92 bytes).
    Removing stm32l1xx_hal_flash_ramfunc.o(i.FLASHRAM_WaitForLastOperation), (76 bytes).
    Removing stm32l1xx_hal_flash_ramfunc.o(i.HAL_FLASHEx_DATAEEPROM_EraseDoubleWord), (92 bytes).
    Removing stm32l1xx_hal_flash_ramfunc.o(i.HAL_FLASHEx_DATAEEPROM_ProgramDoubleWord), (96 bytes).
    Removing stm32l1xx_hal_flash_ramfunc.o(i.HAL_FLASHEx_DisableRunPowerDown), (40 bytes).
    Removing stm32l1xx_hal_flash_ramfunc.o(i.HAL_FLASHEx_EnableRunPowerDown), (40 bytes).
    Removing stm32l1xx_hal_flash_ramfunc.o(i.HAL_FLASHEx_EraseParallelPage), (92 bytes).
    Removing stm32l1xx_hal_flash_ramfunc.o(i.HAL_FLASHEx_GetError), (16 bytes).
    Removing stm32l1xx_hal_flash_ramfunc.o(i.HAL_FLASHEx_HalfPageProgram), (116 bytes).
    Removing stm32l1xx_hal_flash_ramfunc.o(i.HAL_FLASHEx_ProgramParallelHalfPage), (184 bytes).
    Removing stm32l1xx_hal_gpio.o(.rev16_text), (4 bytes).
    Removing stm32l1xx_hal_gpio.o(.revsh_text), (4 bytes).
    Removing stm32l1xx_hal_gpio.o(.rrx_text), (6 bytes).
    Removing stm32l1xx_hal_gpio.o(i.HAL_GPIO_DeInit), (328 bytes).
    Removing stm32l1xx_hal_gpio.o(i.HAL_GPIO_EXTI_Callback), (2 bytes).
    Removing stm32l1xx_hal_gpio.o(i.HAL_GPIO_EXTI_IRQHandler), (24 bytes).
    Removing stm32l1xx_hal_gpio.o(i.HAL_GPIO_LockPin), (34 bytes).
    Removing stm32l1xx_hal_gpio.o(i.HAL_GPIO_TogglePin), (8 bytes).
    Removing stm32l1xx_hal_dma.o(.rev16_text), (4 bytes).
    Removing stm32l1xx_hal_dma.o(.revsh_text), (4 bytes).
    Removing stm32l1xx_hal_dma.o(.rrx_text), (6 bytes).
    Removing stm32l1xx_hal_dma.o(i.DMA_SetConfig), (42 bytes).
    Removing stm32l1xx_hal_dma.o(i.HAL_DMA_Abort), (48 bytes).
    Removing stm32l1xx_hal_dma.o(i.HAL_DMA_Abort_IT), (74 bytes).
    Removing stm32l1xx_hal_dma.o(i.HAL_DMA_DeInit), (116 bytes).
    Removing stm32l1xx_hal_dma.o(i.HAL_DMA_GetError), (4 bytes).
    Removing stm32l1xx_hal_dma.o(i.HAL_DMA_GetState), (6 bytes).
    Removing stm32l1xx_hal_dma.o(i.HAL_DMA_IRQHandler), (168 bytes).
    Removing stm32l1xx_hal_dma.o(i.HAL_DMA_Init), (132 bytes).
    Removing stm32l1xx_hal_dma.o(i.HAL_DMA_PollForTransfer), (206 bytes).
    Removing stm32l1xx_hal_dma.o(i.HAL_DMA_RegisterCallback), (74 bytes).
    Removing stm32l1xx_hal_dma.o(i.HAL_DMA_Start), (80 bytes).
    Removing stm32l1xx_hal_dma.o(i.HAL_DMA_Start_IT), (112 bytes).
    Removing stm32l1xx_hal_dma.o(i.HAL_DMA_UnRegisterCallback), (82 bytes).
    Removing stm32l1xx_hal_pwr.o(.rev16_text), (4 bytes).
    Removing stm32l1xx_hal_pwr.o(.revsh_text), (4 bytes).
    Removing stm32l1xx_hal_pwr.o(.rrx_text), (6 bytes).
    Removing stm32l1xx_hal_pwr.o(i.HAL_PWR_ConfigPVD), (124 bytes).
    Removing stm32l1xx_hal_pwr.o(i.HAL_PWR_DeInit), (24 bytes).
    Removing stm32l1xx_hal_pwr.o(i.HAL_PWR_DisableBkUpAccess), (28 bytes).
    Removing stm32l1xx_hal_pwr.o(i.HAL_PWR_DisablePVD), (24 bytes).
    Removing stm32l1xx_hal_pwr.o(i.HAL_PWR_DisableSEVOnPend), (16 bytes).
    Removing stm32l1xx_hal_pwr.o(i.HAL_PWR_DisableSleepOnExit), (16 bytes).
    Removing stm32l1xx_hal_pwr.o(i.HAL_PWR_DisableWakeUpPin), (28 bytes).
    Removing stm32l1xx_hal_pwr.o(i.HAL_PWR_EnableBkUpAccess), (24 bytes).
    Removing stm32l1xx_hal_pwr.o(i.HAL_PWR_EnablePVD), (24 bytes).
    Removing stm32l1xx_hal_pwr.o(i.HAL_PWR_EnableSEVOnPend), (16 bytes).
    Removing stm32l1xx_hal_pwr.o(i.HAL_PWR_EnableSleepOnExit), (16 bytes).
    Removing stm32l1xx_hal_pwr.o(i.HAL_PWR_EnableWakeUpPin), (28 bytes).
    Removing stm32l1xx_hal_pwr.o(i.HAL_PWR_EnterSLEEPMode), (48 bytes).
    Removing stm32l1xx_hal_pwr.o(i.HAL_PWR_EnterSTANDBYMode), (32 bytes).
    Removing stm32l1xx_hal_pwr.o(i.HAL_PWR_EnterSTOPMode), (56 bytes).
    Removing stm32l1xx_hal_pwr.o(i.HAL_PWR_PVDCallback), (2 bytes).
    Removing stm32l1xx_hal_pwr.o(i.HAL_PWR_PVD_IRQHandler), (28 bytes).
    Removing stm32l1xx_hal_pwr_ex.o(.rev16_text), (4 bytes).
    Removing stm32l1xx_hal_pwr_ex.o(.revsh_text), (4 bytes).
    Removing stm32l1xx_hal_pwr_ex.o(.rrx_text), (6 bytes).
    Removing stm32l1xx_hal_pwr_ex.o(i.HAL_PWREx_DisableFastWakeUp), (28 bytes).
    Removing stm32l1xx_hal_pwr_ex.o(i.HAL_PWREx_DisableLowPowerRunMode), (44 bytes).
    Removing stm32l1xx_hal_pwr_ex.o(i.HAL_PWREx_DisableUltraLowPower), (28 bytes).
    Removing stm32l1xx_hal_pwr_ex.o(i.HAL_PWREx_EnableFastWakeUp), (24 bytes).
    Removing stm32l1xx_hal_pwr_ex.o(i.HAL_PWREx_EnableLowPowerRunMode), (36 bytes).
    Removing stm32l1xx_hal_pwr_ex.o(i.HAL_PWREx_EnableUltraLowPower), (24 bytes).
    Removing stm32l1xx_hal_pwr_ex.o(i.HAL_PWREx_GetVoltageRange), (16 bytes).
    Removing stm32l1xx_hal_cortex.o(.rev16_text), (4 bytes).
    Removing stm32l1xx_hal_cortex.o(.revsh_text), (4 bytes).
    Removing stm32l1xx_hal_cortex.o(.rrx_text), (6 bytes).
    Removing stm32l1xx_hal_cortex.o(i.HAL_MPU_ConfigRegion), (84 bytes).
    Removing stm32l1xx_hal_cortex.o(i.HAL_MPU_Disable), (16 bytes).
    Removing stm32l1xx_hal_cortex.o(i.HAL_MPU_Enable), (24 bytes).
    Removing stm32l1xx_hal_cortex.o(i.HAL_NVIC_ClearPendingIRQ), (22 bytes).
    Removing stm32l1xx_hal_cortex.o(i.HAL_NVIC_DisableIRQ), (22 bytes).
    Removing stm32l1xx_hal_cortex.o(i.HAL_NVIC_EnableIRQ), (22 bytes).
    Removing stm32l1xx_hal_cortex.o(i.HAL_NVIC_GetActive), (32 bytes).
    Removing stm32l1xx_hal_cortex.o(i.HAL_NVIC_GetPendingIRQ), (32 bytes).
    Removing stm32l1xx_hal_cortex.o(i.HAL_NVIC_GetPriority), (82 bytes).
    Removing stm32l1xx_hal_cortex.o(i.HAL_NVIC_GetPriorityGrouping), (16 bytes).
    Removing stm32l1xx_hal_cortex.o(i.HAL_NVIC_SetPendingIRQ), (22 bytes).
    Removing stm32l1xx_hal_cortex.o(i.HAL_NVIC_SystemReset), (36 bytes).
    Removing stm32l1xx_hal_cortex.o(i.HAL_SYSTICK_CLKSourceConfig), (24 bytes).
    Removing stm32l1xx_hal_cortex.o(i.HAL_SYSTICK_Callback), (2 bytes).
    Removing stm32l1xx_hal_cortex.o(i.HAL_SYSTICK_IRQHandler), (8 bytes).
    Removing stm32l1xx_hal_tim.o(.rev16_text), (4 bytes).
    Removing stm32l1xx_hal_tim.o(.revsh_text), (4 bytes).
    Removing stm32l1xx_hal_tim.o(.rrx_text), (6 bytes).
    Removing stm32l1xx_hal_tim_ex.o(.rev16_text), (4 bytes).
    Removing stm32l1xx_hal_tim_ex.o(.revsh_text), (4 bytes).
    Removing stm32l1xx_hal_tim_ex.o(.rrx_text), (6 bytes).
    Removing stm32l1xx_hal_uart.o(.rev16_text), (4 bytes).
    Removing stm32l1xx_hal_uart.o(.revsh_text), (4 bytes).
    Removing stm32l1xx_hal_uart.o(.rrx_text), (6 bytes).
    Removing stm32l1xx_hal_uart.o(i.HAL_HalfDuplex_EnableReceiver), (46 bytes).
    Removing stm32l1xx_hal_uart.o(i.HAL_HalfDuplex_EnableTransmitter), (48 bytes).
    Removing stm32l1xx_hal_uart.o(i.HAL_HalfDuplex_Init), (104 bytes).
    Removing stm32l1xx_hal_uart.o(i.HAL_LIN_Init), (118 bytes).
    Removing stm32l1xx_hal_uart.o(i.HAL_LIN_SendBreak), (44 bytes).
    Removing stm32l1xx_hal_uart.o(i.HAL_MultiProcessor_EnterMuteMode), (44 bytes).
    Removing stm32l1xx_hal_uart.o(i.HAL_MultiProcessor_ExitMuteMode), (44 bytes).
    Removing stm32l1xx_hal_uart.o(i.HAL_MultiProcessor_Init), (126 bytes).
    Removing stm32l1xx_hal_uart.o(i.HAL_UART_DMAPause), (90 bytes).
    Removing stm32l1xx_hal_uart.o(i.HAL_UART_DMAResume), (104 bytes).
    Removing stm32l1xx_hal_uart.o(i.HAL_UART_DMAStop), (40 bytes).
    Removing stm32l1xx_hal_uart.o(i.HAL_UART_DeInit), (60 bytes).
    Removing stm32l1xx_hal_uart.o(i.HAL_UART_ErrorCallback), (2 bytes).
    Removing stm32l1xx_hal_uart.o(i.HAL_UART_GetError), (4 bytes).
    Removing stm32l1xx_hal_uart.o(i.HAL_UART_GetState), (6 bytes).
    Removing stm32l1xx_hal_uart.o(i.HAL_UART_IRQHandler), (218 bytes).
    Removing stm32l1xx_hal_uart.o(i.HAL_UART_MspDeInit), (2 bytes).
    Removing stm32l1xx_hal_uart.o(i.HAL_UART_MspInit), (2 bytes).
    Removing stm32l1xx_hal_uart.o(i.HAL_UART_Receive), (204 bytes).
    Removing stm32l1xx_hal_uart.o(i.HAL_UART_Receive_DMA), (136 bytes).
    Removing stm32l1xx_hal_uart.o(i.HAL_UART_Receive_IT), (106 bytes).
    Removing stm32l1xx_hal_uart.o(i.HAL_UART_RxCpltCallback), (2 bytes).
    Removing stm32l1xx_hal_uart.o(i.HAL_UART_RxHalfCpltCallback), (2 bytes).
    Removing stm32l1xx_hal_uart.o(i.HAL_UART_Transmit), (204 bytes).
    Removing stm32l1xx_hal_uart.o(i.HAL_UART_Transmit_DMA), (144 bytes).
    Removing stm32l1xx_hal_uart.o(i.HAL_UART_Transmit_IT), (86 bytes).
    Removing stm32l1xx_hal_uart.o(i.HAL_UART_TxCpltCallback), (2 bytes).
    Removing stm32l1xx_hal_uart.o(i.HAL_UART_TxHalfCpltCallback), (2 bytes).
    Removing stm32l1xx_hal_uart.o(i.UART_DMAError), (30 bytes).
    Removing stm32l1xx_hal_uart.o(i.UART_DMAReceiveCplt), (54 bytes).
    Removing stm32l1xx_hal_uart.o(i.UART_DMARxHalfCplt), (10 bytes).
    Removing stm32l1xx_hal_uart.o(i.UART_DMATransmitCplt), (46 bytes).
    Removing stm32l1xx_hal_uart.o(i.UART_DMATxHalfCplt), (10 bytes).
    Removing stm32l1xx_hal_uart.o(i.UART_Receive_IT), (168 bytes).
    Removing stm32l1xx_hal_uart.o(i.UART_Transmit_IT), (102 bytes).
    Removing stm32l1xx_hal_uart.o(i.UART_WaitOnFlagUntilTimeout), (146 bytes).
    Removing system_stm32l1xx.o(.rev16_text), (4 bytes).
    Removing system_stm32l1xx.o(.revsh_text), (4 bytes).
    Removing system_stm32l1xx.o(.rrx_text), (6 bytes).
    Removing system_stm32l1xx.o(i.SystemCoreClockUpdate), (144 bytes).
    Removing dadd.o(.text), (334 bytes).
    Removing dmul.o(.text), (228 bytes).
    Removing dflti.o(.text), (34 bytes).
    Removing dfltui.o(.text), (26 bytes).
    Removing dfixui.o(.text), (50 bytes).
    Removing dfixul.o(.text), (48 bytes).
    Removing cdrcmple.o(.text), (48 bytes).
    Removing depilogue.o(.text), (186 bytes).

283 unused section(s) (total 16032 bytes) removed from the image.

==============================================================================

Image Symbol Table

    Local Symbols

    Symbol Name                              Value     Ov Type        Size  Object(Section)

    ../Drivers/STM32L1xx_HAL_Driver/Src/stm32l1xx_hal.c 0x00000000   Number         0  stm32l1xx_hal.o ABSOLUTE
    ../Drivers/STM32L1xx_HAL_Driver/Src/stm32l1xx_hal_cortex.c 0x00000000   Number         0  stm32l1xx_hal_cortex.o ABSOLUTE
    ../Drivers/STM32L1xx_HAL_Driver/Src/stm32l1xx_hal_dma.c 0x00000000   Number         0  stm32l1xx_hal_dma.o ABSOLUTE
    ../Drivers/STM32L1xx_HAL_Driver/Src/stm32l1xx_hal_flash.c 0x00000000   Number         0  stm32l1xx_hal_flash.o ABSOLUTE
    ../Drivers/STM32L1xx_HAL_Driver/Src/stm32l1xx_hal_flash_ex.c 0x00000000   Number         0  stm32l1xx_hal_flash_ex.o ABSOLUTE
    ../Drivers/STM32L1xx_HAL_Driver/Src/stm32l1xx_hal_flash_ramfunc.c 0x00000000   Number         0  stm32l1xx_hal_flash_ramfunc.o ABSOLUTE
    ../Drivers/STM32L1xx_HAL_Driver/Src/stm32l1xx_hal_gpio.c 0x00000000   Number         0  stm32l1xx_hal_gpio.o ABSOLUTE
    ../Drivers/STM32L1xx_HAL_Driver/Src/stm32l1xx_hal_pwr.c 0x00000000   Number         0  stm32l1xx_hal_pwr.o ABSOLUTE
    ../Drivers/STM32L1xx_HAL_Driver/Src/stm32l1xx_hal_pwr_ex.c 0x00000000   Number         0  stm32l1xx_hal_pwr_ex.o ABSOLUTE
    ../Drivers/STM32L1xx_HAL_Driver/Src/stm32l1xx_hal_rcc.c 0x00000000   Number         0  stm32l1xx_hal_rcc.o ABSOLUTE
    ../Drivers/STM32L1xx_HAL_Driver/Src/stm32l1xx_hal_rcc_ex.c 0x00000000   Number         0  stm32l1xx_hal_rcc_ex.o ABSOLUTE
    ../Drivers/STM32L1xx_HAL_Driver/Src/stm32l1xx_hal_spi.c 0x00000000   Number         0  stm32l1xx_hal_spi.o ABSOLUTE
    ../Drivers/STM32L1xx_HAL_Driver/Src/stm32l1xx_hal_spi_ex.c 0x00000000   Number         0  stm32l1xx_hal_spi_ex.o ABSOLUTE
    ../Drivers/STM32L1xx_HAL_Driver/Src/stm32l1xx_hal_tim.c 0x00000000   Number         0  stm32l1xx_hal_tim.o ABSOLUTE
    ../Drivers/STM32L1xx_HAL_Driver/Src/stm32l1xx_hal_tim_ex.c 0x00000000   Number         0  stm32l1xx_hal_tim_ex.o ABSOLUTE
    ../Drivers/STM32L1xx_HAL_Driver/Src/stm32l1xx_hal_uart.c 0x00000000   Number         0  stm32l1xx_hal_uart.o ABSOLUTE
    ../Src/main.c                            0x00000000   Number         0  main.o ABSOLUTE
    ../Src/stm32l1xx_hal_msp.c               0x00000000   Number         0  stm32l1xx_hal_msp.o ABSOLUTE
    ../Src/stm32l1xx_it.c                    0x00000000   Number         0  stm32l1xx_it.o ABSOLUTE
    ../Src/system_stm32l1xx.c                0x00000000   Number         0  system_stm32l1xx.o ABSOLUTE
    ../clib/microlib/division.c              0x00000000   Number         0  uldiv.o ABSOLUTE
    ../clib/microlib/init/entry.s            0x00000000   Number         0  entry7b.o ABSOLUTE
    ../clib/microlib/init/entry.s            0x00000000   Number         0  entry9b.o ABSOLUTE
    ../clib/microlib/init/entry.s            0x00000000   Number         0  entry2.o ABSOLUTE
    ../clib/microlib/init/entry.s            0x00000000   Number         0  entry10a.o ABSOLUTE
    ../clib/microlib/init/entry.s            0x00000000   Number         0  entry7a.o ABSOLUTE
    ../clib/microlib/init/entry.s            0x00000000   Number         0  entry11a.o ABSOLUTE
    ../clib/microlib/init/entry.s            0x00000000   Number         0  entry11b.o ABSOLUTE
    ../clib/microlib/init/entry.s            0x00000000   Number         0  entry10b.o ABSOLUTE
    ../clib/microlib/init/entry.s            0x00000000   Number         0  entry8a.o ABSOLUTE
    ../clib/microlib/init/entry.s            0x00000000   Number         0  entry5.o ABSOLUTE
    ../clib/microlib/init/entry.s            0x00000000   Number         0  entry.o ABSOLUTE
    ../clib/microlib/init/entry.s            0x00000000   Number         0  entry8b.o ABSOLUTE
    ../clib/microlib/init/entry.s            0x00000000   Number         0  entry9a.o ABSOLUTE
    ../clib/microlib/longlong.c              0x00000000   Number         0  llsshr.o ABSOLUTE
    ../clib/microlib/longlong.c              0x00000000   Number         0  llushr.o ABSOLUTE
    ../clib/microlib/longlong.c              0x00000000   Number         0  llshl.o ABSOLUTE
    ../clib/microlib/string/memset.c         0x00000000   Number         0  memseta.o ABSOLUTE
    ../clib/microlib/stubs.s                 0x00000000   Number         0  iusefp.o ABSOLUTE
    ../fplib/microlib/fpadd.c                0x00000000   Number         0  dadd.o ABSOLUTE
    ../fplib/microlib/fpepilogue.c           0x00000000   Number         0  depilogue.o ABSOLUTE
    ../fplib/microlib/fpfix.c                0x00000000   Number         0  dfixul.o ABSOLUTE
    ../fplib/microlib/fpfix.c                0x00000000   Number         0  dfixui.o ABSOLUTE
    ../fplib/microlib/fpflt.c                0x00000000   Number         0  dfltui.o ABSOLUTE
    ../fplib/microlib/fpflt.c                0x00000000   Number         0  dflti.o ABSOLUTE
    ../fplib/microlib/fpmul.c                0x00000000   Number         0  dmul.o ABSOLUTE
    ..\..\SPI_FRAM.c                         0x00000000   Number         0  spi_fram.o ABSOLUTE
    ..\Drivers\STM32L1xx_HAL_Driver\Src\stm32l1xx_hal.c 0x00000000   Number         0  stm32l1xx_hal.o ABSOLUTE
    ..\Drivers\STM32L1xx_HAL_Driver\Src\stm32l1xx_hal_cortex.c 0x00000000   Number         0  stm32l1xx_hal_cortex.o ABSOLUTE
    ..\Drivers\STM32L1xx_HAL_Driver\Src\stm32l1xx_hal_dma.c 0x00000000   Number         0  stm32l1xx_hal_dma.o ABSOLUTE
    ..\Drivers\STM32L1xx_HAL_Driver\Src\stm32l1xx_hal_flash.c 0x00000000   Number         0  stm32l1xx_hal_flash.o ABSOLUTE
    ..\Drivers\STM32L1xx_HAL_Driver\Src\stm32l1xx_hal_flash_ex.c 0x00000000   Number         0  stm32l1xx_hal_flash_ex.o ABSOLUTE
    ..\Drivers\STM32L1xx_HAL_Driver\Src\stm32l1xx_hal_flash_ramfunc.c 0x00000000   Number         0  stm32l1xx_hal_flash_ramfunc.o ABSOLUTE
    ..\Drivers\STM32L1xx_HAL_Driver\Src\stm32l1xx_hal_gpio.c 0x00000000   Number         0  stm32l1xx_hal_gpio.o ABSOLUTE
    ..\Drivers\STM32L1xx_HAL_Driver\Src\stm32l1xx_hal_pwr.c 0x00000000   Number         0  stm32l1xx_hal_pwr.o ABSOLUTE
    ..\Drivers\STM32L1xx_HAL_Driver\Src\stm32l1xx_hal_pwr_ex.c 0x00000000   Number         0  stm32l1xx_hal_pwr_ex.o ABSOLUTE
    ..\Drivers\STM32L1xx_HAL_Driver\Src\stm32l1xx_hal_rcc.c 0x00000000   Number         0  stm32l1xx_hal_rcc.o ABSOLUTE
    ..\Drivers\STM32L1xx_HAL_Driver\Src\stm32l1xx_hal_rcc_ex.c 0x00000000   Number         0  stm32l1xx_hal_rcc_ex.o ABSOLUTE
    ..\Drivers\STM32L1xx_HAL_Driver\Src\stm32l1xx_hal_spi.c 0x00000000   Number         0  stm32l1xx_hal_spi.o ABSOLUTE
    ..\Drivers\STM32L1xx_HAL_Driver\Src\stm32l1xx_hal_spi_ex.c 0x00000000   Number         0  stm32l1xx_hal_spi_ex.o ABSOLUTE
    ..\Drivers\STM32L1xx_HAL_Driver\Src\stm32l1xx_hal_tim.c 0x00000000   Number         0  stm32l1xx_hal_tim.o ABSOLUTE
    ..\Drivers\STM32L1xx_HAL_Driver\Src\stm32l1xx_hal_tim_ex.c 0x00000000   Number         0  stm32l1xx_hal_tim_ex.o ABSOLUTE
    ..\Drivers\STM32L1xx_HAL_Driver\Src\stm32l1xx_hal_uart.c 0x00000000   Number         0  stm32l1xx_hal_uart.o ABSOLUTE
    ..\Src\DateConversion.c                  0x00000000   Number         0  dateconversion.o ABSOLUTE
    ..\Src\main.c                            0x00000000   Number         0  main.o ABSOLUTE
    ..\Src\stm32l1xx_hal_msp.c               0x00000000   Number         0  stm32l1xx_hal_msp.o ABSOLUTE
    ..\Src\stm32l1xx_it.c                    0x00000000   Number         0  stm32l1xx_it.o ABSOLUTE
    ..\Src\system_stm32l1xx.c                0x00000000   Number         0  system_stm32l1xx.o ABSOLUTE
    ..\\..\\SPI_FRAM.c                       0x00000000   Number         0  spi_fram.o ABSOLUTE
    cdrcmple.s                               0x00000000   Number         0  cdrcmple.o ABSOLUTE
    dc.s                                     0x00000000   Number         0  dc.o ABSOLUTE
    handlers.s                               0x00000000   Number         0  handlers.o ABSOLUTE
    init.s                                   0x00000000   Number         0  init.o ABSOLUTE
    startup_stm32l152xe.s                    0x00000000   Number         0  startup_stm32l152xe.o ABSOLUTE
    RESET                                    0x08000000   Section      292  startup_stm32l152xe.o(RESET)
    .ARM.Collect$$$$00000000                 0x08000124   Section        0  entry.o(.ARM.Collect$$$$00000000)
    .ARM.Collect$$$$00000001                 0x08000124   Section        4  entry2.o(.ARM.Collect$$$$00000001)
    .ARM.Collect$$$$00000004                 0x08000128   Section        4  entry5.o(.ARM.Collect$$$$00000004)
    .ARM.Collect$$$$00000008                 0x0800012c   Section        0  entry7b.o(.ARM.Collect$$$$00000008)
    .ARM.Collect$$$$0000000A                 0x0800012c   Section        0  entry8b.o(.ARM.Collect$$$$0000000A)
    .ARM.Collect$$$$0000000B                 0x0800012c   Section        8  entry9a.o(.ARM.Collect$$$$0000000B)
    .ARM.Collect$$$$0000000D                 0x08000134   Section        0  entry10a.o(.ARM.Collect$$$$0000000D)
    .ARM.Collect$$$$0000000F                 0x08000134   Section        0  entry11a.o(.ARM.Collect$$$$0000000F)
    .ARM.Collect$$$$00002712                 0x08000134   Section        4  entry2.o(.ARM.Collect$$$$00002712)
    __lit__00000000                          0x08000134   Data           4  entry2.o(.ARM.Collect$$$$00002712)
    .text                                    0x08000138   Section       36  startup_stm32l152xe.o(.text)
    .text                                    0x0800015c   Section        0  memseta.o(.text)
    .text                                    0x08000180   Section       36  init.o(.text)
    i.BusFault_Handler                       0x080001a4   Section        0  stm32l1xx_it.o(i.BusFault_Handler)
    i.DebugMon_Handler                       0x080001a6   Section        0  stm32l1xx_it.o(i.DebugMon_Handler)
    i.Get_Lock                               0x080001a8   Section        0  spi_fram.o(i.Get_Lock)
    i.HAL_Delay                              0x08000248   Section        0  stm32l1xx_hal.o(i.HAL_Delay)
    i.HAL_GPIO_Init                          0x08000260   Section        0  stm32l1xx_hal_gpio.o(i.HAL_GPIO_Init)
    i.HAL_GPIO_ReadPin                       0x08000410   Section        0  stm32l1xx_hal_gpio.o(i.HAL_GPIO_ReadPin)
    i.HAL_GPIO_WritePin                      0x0800041a   Section        0  stm32l1xx_hal_gpio.o(i.HAL_GPIO_WritePin)
    i.HAL_GetTick                            0x08000424   Section        0  stm32l1xx_hal.o(i.HAL_GetTick)
    i.HAL_IncTick                            0x08000430   Section        0  stm32l1xx_hal.o(i.HAL_IncTick)
    i.HAL_Init                               0x08000440   Section        0  stm32l1xx_hal.o(i.HAL_Init)
    i.HAL_InitTick                           0x08000458   Section        0  stm32l1xx_hal.o(i.HAL_InitTick)
    i.HAL_MspInit                            0x08000480   Section        0  stm32l1xx_hal_msp.o(i.HAL_MspInit)
    i.HAL_NVIC_SetPriority                   0x080004c4   Section        0  stm32l1xx_hal_cortex.o(i.HAL_NVIC_SetPriority)
    i.HAL_NVIC_SetPriorityGrouping           0x08000504   Section        0  stm32l1xx_hal_cortex.o(i.HAL_NVIC_SetPriorityGrouping)
    i.HAL_RCC_ClockConfig                    0x08000528   Section        0  stm32l1xx_hal_rcc.o(i.HAL_RCC_ClockConfig)
    i.HAL_RCC_GetPCLK1Freq                   0x080006fc   Section        0  stm32l1xx_hal_rcc.o(i.HAL_RCC_GetPCLK1Freq)
    i.HAL_RCC_GetPCLK2Freq                   0x0800072c   Section        0  stm32l1xx_hal_rcc.o(i.HAL_RCC_GetPCLK2Freq)
    i.HAL_RCC_GetSysClockFreq                0x0800075c   Section        0  stm32l1xx_hal_rcc.o(i.HAL_RCC_GetSysClockFreq)
    i.HAL_RCC_OscConfig                      0x080007e8   Section        0  stm32l1xx_hal_rcc.o(i.HAL_RCC_OscConfig)
    i.HAL_SPI_Init                           0x08000f38   Section        0  stm32l1xx_hal_spi_ex.o(i.HAL_SPI_Init)
    i.HAL_SPI_MspInit                        0x08000fbc   Section        0  stm32l1xx_hal_msp.o(i.HAL_SPI_MspInit)
    i.HAL_SPI_Transmit                       0x08001024   Section        0  stm32l1xx_hal_spi.o(i.HAL_SPI_Transmit)
    i.HAL_SYSTICK_Config                     0x08001166   Section        0  stm32l1xx_hal_cortex.o(i.HAL_SYSTICK_Config)
    i.HAL_UART_Init                          0x0800118e   Section        0  stm32l1xx_hal_uart.o(i.HAL_UART_Init)
    i.HAL_UART_MspInit                       0x080011ec   Section        0  stm32l1xx_hal_msp.o(i.HAL_UART_MspInit)
    i.HardFault_Handler                      0x08001254   Section        0  stm32l1xx_it.o(i.HardFault_Handler)
    i.MX_GPIO_Init                           0x08001258   Section        0  main.o(i.MX_GPIO_Init)
    MX_GPIO_Init                             0x08001259   Thumb Code   186  main.o(i.MX_GPIO_Init)
    i.MX_SPI1_Init                           0x08001328   Section        0  main.o(i.MX_SPI1_Init)
    MX_SPI1_Init                             0x08001329   Thumb Code    46  main.o(i.MX_SPI1_Init)
    i.MemManage_Handler                      0x08001360   Section        0  stm32l1xx_it.o(i.MemManage_Handler)
    i.NMI_Handler                            0x08001362   Section        0  stm32l1xx_it.o(i.NMI_Handler)
    i.NVIC_SetPriority                       0x08001364   Section        0  stm32l1xx_hal_cortex.o(i.NVIC_SetPriority)
    NVIC_SetPriority                         0x08001365   Thumb Code    32  stm32l1xx_hal_cortex.o(i.NVIC_SetPriority)
    i.PendSV_Handler                         0x08001384   Section        0  stm32l1xx_it.o(i.PendSV_Handler)
    i.RCC_SetFlashLatencyFromMSIRange        0x08001388   Section        0  stm32l1xx_hal_rcc.o(i.RCC_SetFlashLatencyFromMSIRange)
    RCC_SetFlashLatencyFromMSIRange          0x08001389   Thumb Code   116  stm32l1xx_hal_rcc.o(i.RCC_SetFlashLatencyFromMSIRange)
    i.SPI_FRAM_Init                          0x08001408   Section        0  spi_fram.o(i.SPI_FRAM_Init)
    i.SPI_FRAM_Write                         0x0800142c   Section        0  spi_fram.o(i.SPI_FRAM_Write)
    i.SPI_WaitOnFlagUntilTimeout             0x080014f0   Section        0  stm32l1xx_hal_spi.o(i.SPI_WaitOnFlagUntilTimeout)
    SPI_WaitOnFlagUntilTimeout               0x080014f1   Thumb Code   158  stm32l1xx_hal_spi.o(i.SPI_WaitOnFlagUntilTimeout)
    i.SVC_Handler                            0x0800158e   Section        0  stm32l1xx_it.o(i.SVC_Handler)
    i.SysTick_Handler                        0x08001590   Section        0  stm32l1xx_it.o(i.SysTick_Handler)
    i.SystemClock_Config                     0x08001594   Section        0  main.o(i.SystemClock_Config)
    i.SystemInit                             0x080015f4   Section        0  system_stm32l1xx.o(i.SystemInit)
    i.UART_SetConfig                         0x08001644   Section        0  stm32l1xx_hal_uart.o(i.UART_SetConfig)
    UART_SetConfig                           0x08001645   Thumb Code   666  stm32l1xx_hal_uart.o(i.UART_SetConfig)
    i.UsageFault_Handler                     0x080018e4   Section        0  stm32l1xx_it.o(i.UsageFault_Handler)
    i.__scatterload_copy                     0x080018e6   Section       14  handlers.o(i.__scatterload_copy)
    i.__scatterload_null                     0x080018f4   Section        2  handlers.o(i.__scatterload_null)
    i.__scatterload_zeroinit                 0x080018f6   Section       14  handlers.o(i.__scatterload_zeroinit)
    i.double_to_bytes                        0x08001904   Section        0  dateconversion.o(i.double_to_bytes)
    i.float_to_bytes                         0x0800190a   Section        0  dateconversion.o(i.float_to_bytes)
    i.main                                   0x08001910   Section        0  main.o(i.main)
    .constdata                               0x08001b24   Section       25  system_stm32l1xx.o(.constdata)
    .constdata                               0x08001b3d   Section        8  system_stm32l1xx.o(.constdata)
    .data                                    0x20000000   Section        4  stm32l1xx_hal.o(.data)
    .data                                    0x20000004   Section        4  system_stm32l1xx.o(.data)
    .bss                                     0x20000008   Section      152  main.o(.bss)
    STACK                                    0x200000a0   Section     1024  startup_stm32l152xe.o(STACK)

    Global Symbols

    Symbol Name                              Value     Ov Type        Size  Object(Section)

    BuildAttributes$$THM_ISAv4$P$D$K$B$S$PE$A:L22UL41UL21$X:L11$S22US41US21$IEEE1$IW$USESV6$~STKCKD$USESV7$~SHL$OSPACE$ROPI$EBA8$MICROLIB$REQ8$PRES8$EABIv2 0x00000000   Number         0  anon$$obj.o ABSOLUTE
    __ARM_use_no_argv                        0x00000000   Number         0  main.o ABSOLUTE
    __cpp_initialize__aeabi_                  - Undefined Weak Reference
    __cxa_finalize                            - Undefined Weak Reference
    __decompress                              - Undefined Weak Reference
    _clock_init                               - Undefined Weak Reference
    _microlib_exit                            - Undefined Weak Reference
    __Vectors_Size                           0x00000124   Number         0  startup_stm32l152xe.o ABSOLUTE
    __Vectors                                0x08000000   Data           4  startup_stm32l152xe.o(RESET)
    __Vectors_End                            0x08000124   Data           0  startup_stm32l152xe.o(RESET)
    __main                                   0x08000125   Thumb Code     0  entry.o(.ARM.Collect$$$$00000000)
    _main_stk                                0x08000125   Thumb Code     0  entry2.o(.ARM.Collect$$$$00000001)
    _main_scatterload                        0x08000129   Thumb Code     0  entry5.o(.ARM.Collect$$$$00000004)
    __main_after_scatterload                 0x0800012d   Thumb Code     0  entry5.o(.ARM.Collect$$$$00000004)
    _main_clock                              0x0800012d   Thumb Code     0  entry7b.o(.ARM.Collect$$$$00000008)
    _main_cpp_init                           0x0800012d   Thumb Code     0  entry8b.o(.ARM.Collect$$$$0000000A)
    _main_init                               0x0800012d   Thumb Code     0  entry9a.o(.ARM.Collect$$$$0000000B)
    __rt_final_cpp                           0x08000135   Thumb Code     0  entry10a.o(.ARM.Collect$$$$0000000D)
    __rt_final_exit                          0x08000135   Thumb Code     0  entry11a.o(.ARM.Collect$$$$0000000F)
    Reset_Handler                            0x08000139   Thumb Code     8  startup_stm32l152xe.o(.text)
    ADC1_IRQHandler                          0x08000153   Thumb Code     0  startup_stm32l152xe.o(.text)
    COMP_ACQ_IRQHandler                      0x08000153   Thumb Code     0  startup_stm32l152xe.o(.text)
    COMP_IRQHandler                          0x08000153   Thumb Code     0  startup_stm32l152xe.o(.text)
    DAC_IRQHandler                           0x08000153   Thumb Code     0  startup_stm32l152xe.o(.text)
    DMA1_Channel1_IRQHandler                 0x08000153   Thumb Code     0  startup_stm32l152xe.o(.text)
    DMA1_Channel2_IRQHandler                 0x08000153   Thumb Code     0  startup_stm32l152xe.o(.text)
    DMA1_Channel3_IRQHandler                 0x08000153   Thumb Code     0  startup_stm32l152xe.o(.text)
    DMA1_Channel4_IRQHandler                 0x08000153   Thumb Code     0  startup_stm32l152xe.o(.text)
    DMA1_Channel5_IRQHandler                 0x08000153   Thumb Code     0  startup_stm32l152xe.o(.text)
    DMA1_Channel6_IRQHandler                 0x08000153   Thumb Code     0  startup_stm32l152xe.o(.text)
    DMA1_Channel7_IRQHandler                 0x08000153   Thumb Code     0  startup_stm32l152xe.o(.text)
    DMA2_Channel1_IRQHandler                 0x08000153   Thumb Code     0  startup_stm32l152xe.o(.text)
    DMA2_Channel2_IRQHandler                 0x08000153   Thumb Code     0  startup_stm32l152xe.o(.text)
    DMA2_Channel3_IRQHandler                 0x08000153   Thumb Code     0  startup_stm32l152xe.o(.text)
    DMA2_Channel4_IRQHandler                 0x08000153   Thumb Code     0  startup_stm32l152xe.o(.text)
    DMA2_Channel5_IRQHandler                 0x08000153   Thumb Code     0  startup_stm32l152xe.o(.text)
    EXTI0_IRQHandler                         0x08000153   Thumb Code     0  startup_stm32l152xe.o(.text)
    EXTI15_10_IRQHandler                     0x08000153   Thumb Code     0  startup_stm32l152xe.o(.text)
    EXTI1_IRQHandler                         0x08000153   Thumb Code     0  startup_stm32l152xe.o(.text)
    EXTI2_IRQHandler                         0x08000153   Thumb Code     0  startup_stm32l152xe.o(.text)
    EXTI3_IRQHandler                         0x08000153   Thumb Code     0  startup_stm32l152xe.o(.text)
    EXTI4_IRQHandler                         0x08000153   Thumb Code     0  startup_stm32l152xe.o(.text)
    EXTI9_5_IRQHandler                       0x08000153   Thumb Code     0  startup_stm32l152xe.o(.text)
    FLASH_IRQHandler                         0x08000153   Thumb Code     0  startup_stm32l152xe.o(.text)
    I2C1_ER_IRQHandler                       0x08000153   Thumb Code     0  startup_stm32l152xe.o(.text)
    I2C1_EV_IRQHandler                       0x08000153   Thumb Code     0  startup_stm32l152xe.o(.text)
    I2C2_ER_IRQHandler                       0x08000153   Thumb Code     0  startup_stm32l152xe.o(.text)
    I2C2_EV_IRQHandler                       0x08000153   Thumb Code     0  startup_stm32l152xe.o(.text)
    LCD_IRQHandler                           0x08000153   Thumb Code     0  startup_stm32l152xe.o(.text)
    PVD_IRQHandler                           0x08000153   Thumb Code     0  startup_stm32l152xe.o(.text)
    RCC_IRQHandler                           0x08000153   Thumb Code     0  startup_stm32l152xe.o(.text)
    RTC_Alarm_IRQHandler                     0x08000153   Thumb Code     0  startup_stm32l152xe.o(.text)
    RTC_WKUP_IRQHandler                      0x08000153   Thumb Code     0  startup_stm32l152xe.o(.text)
    SPI1_IRQHandler                          0x08000153   Thumb Code     0  startup_stm32l152xe.o(.text)
    SPI2_IRQHandler                          0x08000153   Thumb Code     0  startup_stm32l152xe.o(.text)
    SPI3_IRQHandler                          0x08000153   Thumb Code     0  startup_stm32l152xe.o(.text)
    TAMPER_STAMP_IRQHandler                  0x08000153   Thumb Code     0  startup_stm32l152xe.o(.text)
    TIM10_IRQHandler                         0x08000153   Thumb Code     0  startup_stm32l152xe.o(.text)
    TIM11_IRQHandler                         0x08000153   Thumb Code     0  startup_stm32l152xe.o(.text)
    TIM2_IRQHandler                          0x08000153   Thumb Code     0  startup_stm32l152xe.o(.text)
    TIM3_IRQHandler                          0x08000153   Thumb Code     0  startup_stm32l152xe.o(.text)
    TIM4_IRQHandler                          0x08000153   Thumb Code     0  startup_stm32l152xe.o(.text)
    TIM5_IRQHandler                          0x08000153   Thumb Code     0  startup_stm32l152xe.o(.text)
    TIM6_IRQHandler                          0x08000153   Thumb Code     0  startup_stm32l152xe.o(.text)
    TIM7_IRQHandler                          0x08000153   Thumb Code     0  startup_stm32l152xe.o(.text)
    TIM9_IRQHandler                          0x08000153   Thumb Code     0  startup_stm32l152xe.o(.text)
    UART4_IRQHandler                         0x08000153   Thumb Code     0  startup_stm32l152xe.o(.text)
    UART5_IRQHandler                         0x08000153   Thumb Code     0  startup_stm32l152xe.o(.text)
    USART1_IRQHandler                        0x08000153   Thumb Code     0  startup_stm32l152xe.o(.text)
    USART2_IRQHandler                        0x08000153   Thumb Code     0  startup_stm32l152xe.o(.text)
    USART3_IRQHandler                        0x08000153   Thumb Code     0  startup_stm32l152xe.o(.text)
    USB_FS_WKUP_IRQHandler                   0x08000153   Thumb Code     0  startup_stm32l152xe.o(.text)
    USB_HP_IRQHandler                        0x08000153   Thumb Code     0  startup_stm32l152xe.o(.text)
    USB_LP_IRQHandler                        0x08000153   Thumb Code     0  startup_stm32l152xe.o(.text)
    WWDG_IRQHandler                          0x08000153   Thumb Code     0  startup_stm32l152xe.o(.text)
    __aeabi_memset                           0x0800015d   Thumb Code    14  memseta.o(.text)
    __aeabi_memset4                          0x0800015d   Thumb Code     0  memseta.o(.text)
    __aeabi_memset8                          0x0800015d   Thumb Code     0  memseta.o(.text)
    __aeabi_memclr                           0x0800016b   Thumb Code     4  memseta.o(.text)
    __aeabi_memclr4                          0x0800016b   Thumb Code     0  memseta.o(.text)
    __aeabi_memclr8                          0x0800016b   Thumb Code     0  memseta.o(.text)
    _memset$wrapper                          0x0800016f   Thumb Code    18  memseta.o(.text)
    __scatterload                            0x08000181   Thumb Code    28  init.o(.text)
    __scatterload_rt2                        0x08000181   Thumb Code     0  init.o(.text)
    BusFault_Handler                         0x080001a5   Thumb Code     2  stm32l1xx_it.o(i.BusFault_Handler)
    DebugMon_Handler                         0x080001a7   Thumb Code     2  stm32l1xx_it.o(i.DebugMon_Handler)
    Get_Lock                                 0x080001a9   Thumb Code   150  spi_fram.o(i.Get_Lock)
    HAL_Delay                                0x08000249   Thumb Code    22  stm32l1xx_hal.o(i.HAL_Delay)
    HAL_GPIO_Init                            0x08000261   Thumb Code   392  stm32l1xx_hal_gpio.o(i.HAL_GPIO_Init)
    HAL_GPIO_ReadPin                         0x08000411   Thumb Code    10  stm32l1xx_hal_gpio.o(i.HAL_GPIO_ReadPin)
    HAL_GPIO_WritePin                        0x0800041b   Thumb Code    10  stm32l1xx_hal_gpio.o(i.HAL_GPIO_WritePin)
    HAL_GetTick                              0x08000425   Thumb Code     6  stm32l1xx_hal.o(i.HAL_GetTick)
    HAL_IncTick                              0x08000431   Thumb Code    10  stm32l1xx_hal.o(i.HAL_IncTick)
    HAL_Init                                 0x08000441   Thumb Code    22  stm32l1xx_hal.o(i.HAL_Init)
    HAL_InitTick                             0x08000459   Thumb Code    34  stm32l1xx_hal.o(i.HAL_InitTick)
    HAL_MspInit                              0x08000481   Thumb Code    62  stm32l1xx_hal_msp.o(i.HAL_MspInit)
    HAL_NVIC_SetPriority                     0x080004c5   Thumb Code    60  stm32l1xx_hal_cortex.o(i.HAL_NVIC_SetPriority)
    HAL_NVIC_SetPriorityGrouping             0x08000505   Thumb Code    26  stm32l1xx_hal_cortex.o(i.HAL_NVIC_SetPriorityGrouping)
    HAL_RCC_ClockConfig                      0x08000529   Thumb Code   450  stm32l1xx_hal_rcc.o(i.HAL_RCC_ClockConfig)
    HAL_RCC_GetPCLK1Freq                     0x080006fd   Thumb Code    34  stm32l1xx_hal_rcc.o(i.HAL_RCC_GetPCLK1Freq)
    HAL_RCC_GetPCLK2Freq                     0x0800072d   Thumb Code    34  stm32l1xx_hal_rcc.o(i.HAL_RCC_GetPCLK2Freq)
    HAL_RCC_GetSysClockFreq                  0x0800075d   Thumb Code   122  stm32l1xx_hal_rcc.o(i.HAL_RCC_GetSysClockFreq)
    HAL_RCC_OscConfig                        0x080007e9   Thumb Code  1860  stm32l1xx_hal_rcc.o(i.HAL_RCC_OscConfig)
    HAL_SPI_Init                             0x08000f39   Thumb Code   132  stm32l1xx_hal_spi_ex.o(i.HAL_SPI_Init)
    HAL_SPI_MspInit                          0x08000fbd   Thumb Code    92  stm32l1xx_hal_msp.o(i.HAL_SPI_MspInit)
    HAL_SPI_Transmit                         0x08001025   Thumb Code   322  stm32l1xx_hal_spi.o(i.HAL_SPI_Transmit)
    HAL_SYSTICK_Config                       0x08001167   Thumb Code    40  stm32l1xx_hal_cortex.o(i.HAL_SYSTICK_Config)
    HAL_UART_Init                            0x0800118f   Thumb Code    94  stm32l1xx_hal_uart.o(i.HAL_UART_Init)
    HAL_UART_MspInit                         0x080011ed   Thumb Code    92  stm32l1xx_hal_msp.o(i.HAL_UART_MspInit)
    HardFault_Handler                        0x08001255   Thumb Code     2  stm32l1xx_it.o(i.HardFault_Handler)
    MemManage_Handler                        0x08001361   Thumb Code     2  stm32l1xx_it.o(i.MemManage_Handler)
    NMI_Handler                              0x08001363   Thumb Code     2  stm32l1xx_it.o(i.NMI_Handler)
    PendSV_Handler                           0x08001385   Thumb Code     2  stm32l1xx_it.o(i.PendSV_Handler)
    SPI_FRAM_Init                            0x08001409   Thumb Code    26  spi_fram.o(i.SPI_FRAM_Init)
    SPI_FRAM_Write                           0x0800142d   Thumb Code   182  spi_fram.o(i.SPI_FRAM_Write)
    SVC_Handler                              0x0800158f   Thumb Code     2  stm32l1xx_it.o(i.SVC_Handler)
    SysTick_Handler                          0x08001591   Thumb Code     4  stm32l1xx_it.o(i.SysTick_Handler)
    SystemClock_Config                       0x08001595   Thumb Code    92  main.o(i.SystemClock_Config)
    SystemInit                               0x080015f5   Thumb Code    62  system_stm32l1xx.o(i.SystemInit)
    UsageFault_Handler                       0x080018e5   Thumb Code     2  stm32l1xx_it.o(i.UsageFault_Handler)
    __scatterload_copy                       0x080018e7   Thumb Code    14  handlers.o(i.__scatterload_copy)
    __scatterload_null                       0x080018f5   Thumb Code     2  handlers.o(i.__scatterload_null)
    __scatterload_zeroinit                   0x080018f7   Thumb Code    14  handlers.o(i.__scatterload_zeroinit)
    double_to_bytes                          0x08001905   Thumb Code     6  dateconversion.o(i.double_to_bytes)
    float_to_bytes                           0x0800190b   Thumb Code     4  dateconversion.o(i.float_to_bytes)
    main                                     0x08001911   Thumb Code   498  main.o(i.main)
    PLLMulTable                              0x08001b24   Data           9  system_stm32l1xx.o(.constdata)
    AHBPrescTable                            0x08001b2d   Data          16  system_stm32l1xx.o(.constdata)
    APBPrescTable                            0x08001b3d   Data           8  system_stm32l1xx.o(.constdata)
    Region$$Table$$Base                      0x08001b48   Number         0  anon$$obj.o(Region$$Table)
    Region$$Table$$Limit                     0x08001b68   Number         0  anon$$obj.o(Region$$Table)
    uwTick                                   0x20000000   Data           4  stm32l1xx_hal.o(.data)
    SystemCoreClock                          0x20000004   Data           4  system_stm32l1xx.o(.data)
    hspi1                                    0x20000008   Data          88  main.o(.bss)
    huart2                                   0x20000060   Data          64  main.o(.bss)
    __initial_sp                             0x200004a0   Data           0  startup_stm32l152xe.o(STACK)



==============================================================================

Memory Map of the image

  Image Entry point : 0x08000125

  Load Region LR_IROM1 (Base: 0x08000000, Size: 0x00001b70, Max: 0x00080000, ABSOLUTE)

    Execution Region ER_IROM1 (Exec base: 0x08000000, Load base: 0x08000000, Size: 0x00001b68, Max: 0x00080000, ABSOLUTE)

    Exec Addr    Load Addr    Size         Type   Attr      Idx    E Section Name        Object

    0x08000000   0x08000000   0x00000124   Data   RO            3    RESET               startup_stm32l152xe.o
    0x08000124   0x08000124   0x00000000   Code   RO         2028  * .ARM.Collect$$$$00000000  mc_w.l(entry.o)
    0x08000124   0x08000124   0x00000004   Code   RO         2049    .ARM.Collect$$$$00000001  mc_w.l(entry2.o)
    0x08000128   0x08000128   0x00000004   Code   RO         2052    .ARM.Collect$$$$00000004  mc_w.l(entry5.o)
    0x0800012c   0x0800012c   0x00000000   Code   RO         2054    .ARM.Collect$$$$00000008  mc_w.l(entry7b.o)
    0x0800012c   0x0800012c   0x00000000   Code   RO         2056    .ARM.Collect$$$$0000000A  mc_w.l(entry8b.o)
    0x0800012c   0x0800012c   0x00000008   Code   RO         2057    .ARM.Collect$$$$0000000B  mc_w.l(entry9a.o)
    0x08000134   0x08000134   0x00000000   Code   RO         2059    .ARM.Collect$$$$0000000D  mc_w.l(entry10a.o)
    0x08000134   0x08000134   0x00000000   Code   RO         2061    .ARM.Collect$$$$0000000F  mc_w.l(entry11a.o)
    0x08000134   0x08000134   0x00000004   Code   RO         2050    .ARM.Collect$$$$00002712  mc_w.l(entry2.o)
    0x08000138   0x08000138   0x00000024   Code   RO            4    .text               startup_stm32l152xe.o
    0x0800015c   0x0800015c   0x00000024   Code   RO         2033    .text               mc_w.l(memseta.o)
    0x08000180   0x08000180   0x00000024   Code   RO         2072    .text               mc_w.l(init.o)
    0x080001a4   0x080001a4   0x00000002   Code   RO          274    i.BusFault_Handler  stm32l1xx_it.o
    0x080001a6   0x080001a6   0x00000002   Code   RO          275    i.DebugMon_Handler  stm32l1xx_it.o
    0x080001a8   0x080001a8   0x000000a0   Code   RO           85    i.Get_Lock          spi_fram.o
    0x08000248   0x08000248   0x00000016   Code   RO          667    i.HAL_Delay         stm32l1xx_hal.o
    0x0800025e   0x0800025e   0x00000002   PAD
    0x08000260   0x08000260   0x000001b0   Code   RO         1247    i.HAL_GPIO_Init     stm32l1xx_hal_gpio.o
    0x08000410   0x08000410   0x0000000a   Code   RO         1249    i.HAL_GPIO_ReadPin  stm32l1xx_hal_gpio.o
    0x0800041a   0x0800041a   0x0000000a   Code   RO         1251    i.HAL_GPIO_WritePin  stm32l1xx_hal_gpio.o
    0x08000424   0x08000424   0x0000000c   Code   RO          671    i.HAL_GetTick       stm32l1xx_hal.o
    0x08000430   0x08000430   0x00000010   Code   RO          672    i.HAL_IncTick       stm32l1xx_hal.o
    0x08000440   0x08000440   0x00000016   Code   RO          673    i.HAL_Init          stm32l1xx_hal.o
    0x08000456   0x08000456   0x00000002   PAD
    0x08000458   0x08000458   0x00000028   Code   RO          674    i.HAL_InitTick      stm32l1xx_hal.o
    0x08000480   0x08000480   0x00000044   Code   RO          349    i.HAL_MspInit       stm32l1xx_hal_msp.o
    0x080004c4   0x080004c4   0x00000040   Code   RO         1596    i.HAL_NVIC_SetPriority  stm32l1xx_hal_cortex.o
    0x08000504   0x08000504   0x00000024   Code   RO         1597    i.HAL_NVIC_SetPriorityGrouping  stm32l1xx_hal_cortex.o
    0x08000528   0x08000528   0x000001d4   Code   RO          796    i.HAL_RCC_ClockConfig  stm32l1xx_hal_rcc.o
    0x080006fc   0x080006fc   0x00000030   Code   RO          803    i.HAL_RCC_GetPCLK1Freq  stm32l1xx_hal_rcc.o
    0x0800072c   0x0800072c   0x00000030   Code   RO          804    i.HAL_RCC_GetPCLK2Freq  stm32l1xx_hal_rcc.o
    0x0800075c   0x0800075c   0x0000008c   Code   RO          805    i.HAL_RCC_GetSysClockFreq  stm32l1xx_hal_rcc.o
    0x080007e8   0x080007e8   0x00000750   Code   RO          808    i.HAL_RCC_OscConfig  stm32l1xx_hal_rcc.o
    0x08000f38   0x08000f38   0x00000084   Code   RO          397    i.HAL_SPI_Init      stm32l1xx_hal_spi_ex.o
    0x08000fbc   0x08000fbc   0x00000068   Code   RO          351    i.HAL_SPI_MspInit   stm32l1xx_hal_msp.o
    0x08001024   0x08001024   0x00000142   Code   RO          437    i.HAL_SPI_Transmit  stm32l1xx_hal_spi.o
    0x08001166   0x08001166   0x00000028   Code   RO         1601    i.HAL_SYSTICK_Config  stm32l1xx_hal_cortex.o
    0x0800118e   0x0800118e   0x0000005e   Code   RO         1772    i.HAL_UART_Init     stm32l1xx_hal_uart.o
    0x080011ec   0x080011ec   0x00000068   Code   RO          353    i.HAL_UART_MspInit  stm32l1xx_hal_msp.o
    0x08001254   0x08001254   0x00000002   Code   RO          276    i.HardFault_Handler  stm32l1xx_it.o
    0x08001256   0x08001256   0x00000002   PAD
    0x08001258   0x08001258   0x000000d0   Code   RO          223    i.MX_GPIO_Init      main.o
    0x08001328   0x08001328   0x00000038   Code   RO          224    i.MX_SPI1_Init      main.o
    0x08001360   0x08001360   0x00000002   Code   RO          277    i.MemManage_Handler  stm32l1xx_it.o
    0x08001362   0x08001362   0x00000002   Code   RO          278    i.NMI_Handler       stm32l1xx_it.o
    0x08001364   0x08001364   0x00000020   Code   RO         1603    i.NVIC_SetPriority  stm32l1xx_hal_cortex.o
    0x08001384   0x08001384   0x00000002   Code   RO          279    i.PendSV_Handler    stm32l1xx_it.o
    0x08001386   0x08001386   0x00000002   PAD
    0x08001388   0x08001388   0x00000080   Code   RO          809    i.RCC_SetFlashLatencyFromMSIRange  stm32l1xx_hal_rcc.o
    0x08001408   0x08001408   0x00000024   Code   RO           86    i.SPI_FRAM_Init     spi_fram.o
    0x0800142c   0x0800142c   0x000000c4   Code   RO           88    i.SPI_FRAM_Write    spi_fram.o
    0x080014f0   0x080014f0   0x0000009e   Code   RO          459    i.SPI_WaitOnFlagUntilTimeout  stm32l1xx_hal_spi.o
    0x0800158e   0x0800158e   0x00000002   Code   RO          280    i.SVC_Handler       stm32l1xx_it.o
    0x08001590   0x08001590   0x00000004   Code   RO          281    i.SysTick_Handler   stm32l1xx_it.o
    0x08001594   0x08001594   0x00000060   Code   RO          225    i.SystemClock_Config  main.o
    0x080015f4   0x080015f4   0x00000050   Code   RO         1994    i.SystemInit        system_stm32l1xx.o
    0x08001644   0x08001644   0x000002a0   Code   RO         1791    i.UART_SetConfig    stm32l1xx_hal_uart.o
    0x080018e4   0x080018e4   0x00000002   Code   RO          282    i.UsageFault_Handler  stm32l1xx_it.o
    0x080018e6   0x080018e6   0x0000000e   Code   RO         2076    i.__scatterload_copy  mc_w.l(handlers.o)
    0x080018f4   0x080018f4   0x00000002   Code   RO         2077    i.__scatterload_null  mc_w.l(handlers.o)
    0x080018f6   0x080018f6   0x0000000e   Code   RO         2078    i.__scatterload_zeroinit  mc_w.l(handlers.o)
    0x08001904   0x08001904   0x00000006   Code   RO           15    i.double_to_bytes   dateconversion.o
    0x0800190a   0x0800190a   0x00000004   Code   RO           17    i.float_to_bytes    dateconversion.o
    0x0800190e   0x0800190e   0x00000002   PAD
    0x08001910   0x08001910   0x00000214   Code   RO          226    i.main              main.o
    0x08001b24   0x08001b24   0x00000019   Data   RO         1995    .constdata          system_stm32l1xx.o
    0x08001b3d   0x08001b3d   0x00000008   Data   RO         1996    .constdata          system_stm32l1xx.o
    0x08001b45   0x08001b45   0x00000003   PAD
    0x08001b48   0x08001b48   0x00000020   Data   RO         2074    Region$$Table       anon$$obj.o


    Execution Region RW_IRAM1 (Exec base: 0x20000000, Load base: 0x08001b68, Size: 0x000004a0, Max: 0x00014000, ABSOLUTE)

    Exec Addr    Load Addr    Size         Type   Attr      Idx    E Section Name        Object

    0x20000000   0x08001b68   0x00000004   Data   RW          679    .data               stm32l1xx_hal.o
    0x20000004   0x08001b6c   0x00000004   Data   RW         1997    .data               system_stm32l1xx.o
    0x20000008        -       0x00000098   Zero   RW          227    .bss                main.o
    0x200000a0        -       0x00000400   Zero   RW            1    STACK               startup_stm32l152xe.o


==============================================================================

Image component sizes


      Code (inc. data)   RO Data    RW Data    ZI Data      Debug   Object Name

        10          0          0          0          0       6083   dateconversion.o
       892         70          0          0        152       3371   main.o
       392         34          0          0          0     383088   spi_fram.o
        36          8        292          0       1024        812   startup_stm32l152xe.o
       112         18          0          4          0       3687   stm32l1xx_hal.o
       172         14          0          0          0      26818   stm32l1xx_hal_cortex.o
       452         40          0          0          0       3003   stm32l1xx_hal_gpio.o
       276         30          0          0          0       2271   stm32l1xx_hal_msp.o
      2704        108          0          0          0       6788   stm32l1xx_hal_rcc.o
       480          0          0          0          0       2635   stm32l1xx_hal_spi.o
       132          0          0          0          0       1087   stm32l1xx_hal_spi_ex.o
       766          6          0          0          0       1996   stm32l1xx_hal_uart.o
        20          0          0          0          0       3878   stm32l1xx_it.o
        80         18         33          4          0       1231   system_stm32l1xx.o

    ----------------------------------------------------------------------
      6534        346        360          8       1176     446748   Object Totals
         0          0         32          0          0          0   (incl. Generated)
        10          0          3          0          0          0   (incl. Padding)

    ----------------------------------------------------------------------

      Code (inc. data)   RO Data    RW Data    ZI Data      Debug   Library Member Name

         0          0          0          0          0          0   entry.o
         0          0          0          0          0          0   entry10a.o
         0          0          0          0          0          0   entry11a.o
         8          4          0          0          0          0   entry2.o
         4          0          0          0          0          0   entry5.o
         0          0          0          0          0          0   entry7b.o
         0          0          0          0          0          0   entry8b.o
         8          4          0          0          0          0   entry9a.o
        30          0          0          0          0          0   handlers.o
        36          8          0          0          0         68   init.o
        36          0          0          0          0        108   memseta.o

    ----------------------------------------------------------------------
       122         16          0          0          0        176   Library Totals
         0          0          0          0          0          0   (incl. Padding)

    ----------------------------------------------------------------------

      Code (inc. data)   RO Data    RW Data    ZI Data      Debug   Library Name

       122         16          0          0          0        176   mc_w.l

    ----------------------------------------------------------------------
       122         16          0          0          0        176   Library Totals

    ----------------------------------------------------------------------

==============================================================================


      Code (inc. data)   RO Data    RW Data    ZI Data      Debug   

      6656        362        360          8       1176     444944   Grand Totals
      6656        362        360          8       1176     444944   ELF Image Totals
      6656        362        360          8          0          0   ROM Totals

==============================================================================

    Total RO  Size (Code + RO Data)                 7016 (   6.85kB)
    Total RW  Size (RW Data + ZI Data)              1184 (   1.16kB)
    Total ROM Size (Code + RO Data + RW Data)       7024 (   6.86kB)

==============================================================================

