<html>
<body>
<pre>
<h1>µVision Build Log</h1>
<h2>Tool Versions:</h2>
IDE-Version: µVision V5.27.0.0
Copyright (C) 2018 ARM Ltd and ARM Germany GmbH. All rights reserved.
License Information: Andy Kang, UCSC, LIC=----
 
Tool Versions:
Toolchain:       MDK-Lite  Version: 5.27.0.0
Toolchain Path:  C:\Keil_v5\ARM\ARMCC\Bin
C Compiler:      Armcc.exe V5.06 update 6 (build 750)
Assembler:       Armasm.exe V5.06 update 6 (build 750)
Linker/Locator:  ArmLink.exe V5.06 update 6 (build 750)
Library Manager: ArmAr.exe V5.06 update 6 (build 750)
Hex Converter:   FromElf.exe V5.06 update 6 (build 750)
CPU DLL:         SARMCM3.DLL V5.27.0.0
Dialog DLL:      DCM.DLL V1.17.2.0
Target DLL:      STLink\ST-LINKIII-KEIL_SWO.dll V3.0.5.0
Dialog DLL:      TCM.DLL V1.36.1.0
 
<h2>Project:</h2>
C:\Users\andyc\Desktop\Spring 2020 Repo\OBC\STM32_FRAMWithRCL\SPI_FRAM_test_L1\MDK-ARM\SPI_FRAM_test_L1.uvprojx
Project File Date:  05/05/2020

<h2>Output:</h2>
*** Using Compiler 'V5.06 update 6 (build 750)', folder: 'C:\Keil_v5\ARM\ARMCC\Bin'
Build target 'SPI_FRAM_test_L1'
compiling main.c...
../Src/main.c(412): warning:  #177-D: variable "pmState"  was declared but never referenced
  	uint8_t battLevel, pmState, numdataPoints, solarVector, ltStatus, mechState, numUsers, powerStatus;
../Src/main.c(412): warning:  #177-D: variable "numdataPoints"  was declared but never referenced
  	uint8_t battLevel, pmState, numdataPoints, solarVector, ltStatus, mechState, numUsers, powerStatus;
../Src/main.c(412): warning:  #177-D: variable "solarVector"  was declared but never referenced
  	uint8_t battLevel, pmState, numdataPoints, solarVector, ltStatus, mechState, numUsers, powerStatus;
../Src/main.c(412): warning:  #177-D: variable "ltStatus"  was declared but never referenced
  	uint8_t battLevel, pmState, numdataPoints, solarVector, ltStatus, mechState, numUsers, powerStatus;
../Src/main.c(412): warning:  #177-D: variable "mechState"  was declared but never referenced
  	uint8_t battLevel, pmState, numdataPoints, solarVector, ltStatus, mechState, numUsers, powerStatus;
../Src/main.c(412): warning:  #177-D: variable "numUsers"  was declared but never referenced
  	uint8_t battLevel, pmState, numdataPoints, solarVector, ltStatus, mechState, numUsers, powerStatus;
../Src/main.c(412): warning:  #177-D: variable "powerStatus"  was declared but never referenced
  	uint8_t battLevel, pmState, numdataPoints, solarVector, ltStatus, mechState, numUsers, powerStatus;
../Src/main.c(413): warning:  #177-D: variable "logTime"  was declared but never referenced
  	double logTime, julianTime;
../Src/main.c: 8 warnings, 0 errors
linking...
Program Size: Code=9884 RO-data=360 RW-data=12 ZI-data=1180  
FromELF: creating hex file...
"SPI_FRAM_test_L1\SPI_FRAM_test_L1.axf" - 0 Error(s), 8 Warning(s).

<h2>Software Packages used:</h2>

Package Vendor: ARM
                http://www.keil.com/pack/ARM.CMSIS.5.6.0.pack
                ARM.CMSIS.5.6.0
                CMSIS (Cortex Microcontroller Software Interface Standard)
   * Component: CORE Version: 5.3.0

Package Vendor: Keil
                http://www.keil.com/pack/Keil.STM32L1xx_DFP.1.2.0.pack
                Keil.STM32L1xx_DFP.1.2.0
                STMicroelectronics STM32L1 Series Device Support and Examples

<h2>Collection of Component include folders:</h2>
  .\RTE\_SPI_FRAM_test_L1
  C:\Keil_v5\ARM\PACK\ARM\CMSIS\5.6.0\CMSIS\Core\Include
  C:\Keil_v5\ARM\PACK\Keil\STM32L1xx_DFP\1.2.0\Device\Include

<h2>Collection of Component Files used:</h2>

   * Component: ARM::CMSIS:CORE:5.3.0
Build Time Elapsed:  00:00:04
</pre>
</body>
</html>
